Apr 02, 2026 4:23:18 PM de.learnlib.logging.LearnLogger logQuery
INFO: [ε | 4_way_message_1 4_way_message_1 / ε | deauthentication -]
Apr 02, 2026 4:23:21 PM de.learnlib.logging.LearnLogger logQuery
INFO: [ε | 4_way_message_1 eap_success / ε | deauthentication -]
Apr 02, 2026 4:23:23 PM de.learnlib.logging.LearnLogger logQuery
INFO: [ε | 4_way_message_1 inner_failure / ε | deauthentication -]
Apr 02, 2026 4:23:25 PM de.learnlib.logging.LearnLogger logQuery
INFO: [ε | 4_way_message_1 inner_success / ε | deauthentication -]
Apr 02, 2026 4:23:28 PM de.learnlib.logging.LearnLogger logQuery
INFO: [ε | 4_way_message_1 success_request_with_credentials_v1 / ε | deauthentication -]
Apr 02, 2026 4:23:30 PM de.learnlib.logging.LearnLogger logQuery
INFO: [ε | 4_way_message_1 success_request_all_zeros_v1 / ε | deauthentication -]
Apr 02, 2026 4:23:33 PM de.learnlib.logging.LearnLogger logQuery
INFO: [ε | 4_way_message_1 challenge_v1 / ε | deauthentication -]
Apr 02, 2026 4:23:35 PM de.learnlib.logging.LearnLogger logQuery
INFO: [ε | 4_way_message_1 id_request_v1 / ε | deauthentication -]
Apr 02, 2026 4:23:38 PM de.learnlib.logging.LearnLogger logQuery
INFO: [ε | eap_success 4_way_message_1 / ε | deauthentication -]
Apr 02, 2026 4:23:40 PM de.learnlib.logging.LearnLogger logQuery
INFO: [ε | eap_success eap_success / ε | deauthentication -]
Apr 02, 2026 4:23:43 PM de.learnlib.logging.LearnLogger logQuery
INFO: [ε | eap_success inner_failure / ε | deauthentication -]
Apr 02, 2026 4:23:45 PM de.learnlib.logging.LearnLogger logQuery
INFO: [ε | eap_success inner_success / ε | deauthentication -]
Apr 02, 2026 4:23:48 PM de.learnlib.logging.LearnLogger logQuery
INFO: [ε | eap_success success_request_with_credentials_v1 / ε | deauthentication -]
Apr 02, 2026 4:23:50 PM de.learnlib.logging.LearnLogger logQuery
INFO: [ε | eap_success success_request_all_zeros_v1 / ε | deauthentication -]
Apr 02, 2026 4:23:53 PM de.learnlib.logging.LearnLogger logQuery
INFO: [ε | eap_success challenge_v1 / ε | deauthentication -]
Apr 02, 2026 4:23:55 PM de.learnlib.logging.LearnLogger logQuery
INFO: [ε | eap_success id_request_v1 / ε | deauthentication -]
Apr 02, 2026 4:23:57 PM de.learnlib.logging.LearnLogger logQuery
INFO: [ε | inner_failure 4_way_message_1 / ε | inner_failure_response -]
Apr 02, 2026 4:24:00 PM de.learnlib.logging.LearnLogger logQuery
INFO: [ε | inner_failure eap_success / ε | inner_failure_response -]
Apr 02, 2026 4:24:02 PM de.learnlib.logging.LearnLogger logQuery
INFO: [ε | inner_failure inner_failure / ε | inner_failure_response -]
Apr 02, 2026 4:24:05 PM de.learnlib.logging.LearnLogger logQuery
INFO: [ε | inner_failure inner_success / ε | inner_failure_response -]
Apr 02, 2026 4:24:07 PM de.learnlib.logging.LearnLogger logQuery
INFO: [ε | inner_failure success_request_with_credentials_v1 / ε | inner_failure_response -]
Apr 02, 2026 4:24:09 PM de.learnlib.logging.LearnLogger logQuery
INFO: [ε | inner_failure success_request_all_zeros_v1 / ε | inner_failure_response -]
Apr 02, 2026 4:24:11 PM de.learnlib.logging.LearnLogger logQuery
INFO: [ε | inner_failure challenge_v1 / ε | inner_failure_response -]
Apr 02, 2026 4:24:14 PM de.learnlib.logging.LearnLogger logQuery
INFO: [ε | inner_failure id_request_v1 / ε | inner_failure_response -]
Apr 02, 2026 4:24:16 PM de.learnlib.logging.LearnLogger logQuery
INFO: [ε | inner_success 4_way_message_1 / ε | empty_peap 4_way_message_2]
Apr 02, 2026 4:24:19 PM de.learnlib.logging.LearnLogger logQuery
INFO: [ε | inner_success eap_success / ε | empty_peap after_eap_success]
Apr 02, 2026 4:24:22 PM de.learnlib.logging.LearnLogger logQuery
INFO: [ε | inner_success inner_failure / ε | empty_peap no_reply]
Apr 02, 2026 4:24:24 PM de.learnlib.logging.LearnLogger logQuery
INFO: [ε | inner_success inner_success / ε | empty_peap no_reply]
Apr 02, 2026 4:24:27 PM de.learnlib.logging.LearnLogger logQuery
INFO: [ε | inner_success success_request_with_credentials_v1 / ε | empty_peap no_reply]
Apr 02, 2026 4:24:30 PM de.learnlib.logging.LearnLogger logQuery
INFO: [ε | inner_success success_request_all_zeros_v1 / ε | empty_peap no_reply]
Apr 02, 2026 4:24:33 PM de.learnlib.logging.LearnLogger logQuery
INFO: [ε | inner_success challenge_v1 / ε | empty_peap no_reply]
Apr 02, 2026 4:24:35 PM de.learnlib.logging.LearnLogger logQuery
INFO: [ε | inner_success id_request_v1 / ε | empty_peap no_reply]
Apr 02, 2026 4:24:38 PM de.learnlib.logging.LearnLogger logQuery
INFO: [ε | success_request_with_credentials_v1 4_way_message_1 / ε | no_reply -]
Apr 02, 2026 4:24:40 PM de.learnlib.logging.LearnLogger logQuery
INFO: [ε | success_request_with_credentials_v1 eap_success / ε | no_reply -]
Apr 02, 2026 4:24:43 PM de.learnlib.logging.LearnLogger logQuery
INFO: [ε | success_request_with_credentials_v1 inner_failure / ε | no_reply -]
Apr 02, 2026 4:24:46 PM de.learnlib.logging.LearnLogger logQuery
INFO: [ε | success_request_with_credentials_v1 inner_success / ε | no_reply -]
Apr 02, 2026 4:24:48 PM de.learnlib.logging.LearnLogger logQuery
INFO: [ε | success_request_with_credentials_v1 success_request_with_credentials_v1 / ε | no_reply -]
Apr 02, 2026 4:24:51 PM de.learnlib.logging.LearnLogger logQuery
INFO: [ε | success_request_with_credentials_v1 success_request_all_zeros_v1 / ε | no_reply -]
Apr 02, 2026 4:24:53 PM de.learnlib.logging.LearnLogger logQuery
INFO: [ε | success_request_with_credentials_v1 challenge_v1 / ε | no_reply -]
Apr 02, 2026 4:24:56 PM de.learnlib.logging.LearnLogger logQuery
INFO: [ε | success_request_with_credentials_v1 id_request_v1 / ε | no_reply -]
Apr 02, 2026 4:24:58 PM de.learnlib.logging.LearnLogger logQuery
INFO: [ε | success_request_all_zeros_v1 4_way_message_1 / ε | no_reply -]
Apr 02, 2026 4:25:01 PM de.learnlib.logging.LearnLogger logQuery
INFO: [ε | success_request_all_zeros_v1 eap_success / ε | no_reply -]
Apr 02, 2026 4:25:03 PM de.learnlib.logging.LearnLogger logQuery
INFO: [ε | success_request_all_zeros_v1 inner_failure / ε | no_reply -]
Apr 02, 2026 4:25:06 PM de.learnlib.logging.LearnLogger logQuery
INFO: [ε | success_request_all_zeros_v1 inner_success / ε | no_reply -]
Apr 02, 2026 4:25:08 PM de.learnlib.logging.LearnLogger logQuery
INFO: [ε | success_request_all_zeros_v1 success_request_with_credentials_v1 / ε | no_reply -]
Apr 02, 2026 4:25:11 PM de.learnlib.logging.LearnLogger logQuery
INFO: [ε | success_request_all_zeros_v1 success_request_all_zeros_v1 / ε | no_reply -]
Apr 02, 2026 4:25:13 PM de.learnlib.logging.LearnLogger logQuery
INFO: [ε | success_request_all_zeros_v1 challenge_v1 / ε | no_reply -]
Apr 02, 2026 4:25:16 PM de.learnlib.logging.LearnLogger logQuery
INFO: [ε | success_request_all_zeros_v1 id_request_v1 / ε | no_reply -]
Apr 02, 2026 4:25:18 PM de.learnlib.logging.LearnLogger logQuery
INFO: [ε | challenge_v1 4_way_message_1 / ε | challenge_response_v1 deauthentication]
Apr 02, 2026 4:25:21 PM de.learnlib.logging.LearnLogger logQuery
INFO: [ε | challenge_v1 eap_success / ε | challenge_response_v1 deauthentication]
Apr 02, 2026 4:25:24 PM de.learnlib.logging.LearnLogger logQuery
INFO: [ε | challenge_v1 inner_failure / ε | challenge_response_v1 inner_failure_response]
Apr 02, 2026 4:25:26 PM de.learnlib.logging.LearnLogger logQuery
INFO: [ε | challenge_v1 inner_success / ε | challenge_response_v1 deauthentication]
Apr 02, 2026 4:25:29 PM de.learnlib.logging.LearnLogger logQuery
INFO: [ε | challenge_v1 success_request_with_credentials_v1 / ε | challenge_response_v1 success_response_v1]
Apr 02, 2026 4:25:31 PM de.learnlib.logging.LearnLogger logQuery
INFO: [ε | challenge_v1 success_request_all_zeros_v1 / ε | challenge_response_v1 no_reply]
Apr 02, 2026 4:25:34 PM de.learnlib.logging.LearnLogger logQuery
INFO: [ε | challenge_v1 challenge_v1 / ε | challenge_response_v1 challenge_response_v1]
Apr 02, 2026 4:25:36 PM de.learnlib.logging.LearnLogger logQuery
INFO: [ε | challenge_v1 id_request_v1 / ε | challenge_response_v1 id_response_v1]
Apr 02, 2026 4:25:39 PM de.learnlib.logging.LearnLogger logQuery
INFO: [ε | id_request_v1 4_way_message_1 / ε | id_response_v1 deauthentication]
Apr 02, 2026 4:25:41 PM de.learnlib.logging.LearnLogger logQuery
INFO: [ε | id_request_v1 eap_success / ε | id_response_v1 deauthentication]
Apr 02, 2026 4:25:44 PM de.learnlib.logging.LearnLogger logQuery
INFO: [ε | id_request_v1 inner_failure / ε | id_response_v1 inner_failure_response]
Apr 02, 2026 4:25:47 PM de.learnlib.logging.LearnLogger logQuery
INFO: [ε | id_request_v1 inner_success / ε | id_response_v1 empty_peap]
Apr 02, 2026 4:25:49 PM de.learnlib.logging.LearnLogger logQuery
INFO: [ε | id_request_v1 success_request_with_credentials_v1 / ε | id_response_v1 no_reply]
Apr 02, 2026 4:25:52 PM de.learnlib.logging.LearnLogger logQuery
INFO: [ε | id_request_v1 success_request_all_zeros_v1 / ε | id_response_v1 no_reply]
Apr 02, 2026 4:25:54 PM de.learnlib.logging.LearnLogger logQuery
INFO: [ε | id_request_v1 challenge_v1 / ε | id_response_v1 challenge_response_v1]
Apr 02, 2026 4:25:57 PM de.learnlib.logging.LearnLogger logQuery
INFO: [ε | id_request_v1 id_request_v1 / ε | id_response_v1 id_response_v1]
Apr 02, 2026 4:25:57 PM de.learnlib.logging.LearnLogger logQuery
INFO: DB CACHE [ε | inner_success 4_way_message_1 4_way_message_1 /  empty_peap 4_way_message_2 -]
Apr 02, 2026 4:25:57 PM de.learnlib.logging.LearnLogger logQuery
INFO: DB CACHE [ε | inner_success 4_way_message_1 eap_success /  empty_peap 4_way_message_2 -]
Apr 02, 2026 4:25:57 PM de.learnlib.logging.LearnLogger logQuery
INFO: DB CACHE [ε | inner_success 4_way_message_1 inner_failure /  empty_peap 4_way_message_2 -]
Apr 02, 2026 4:25:57 PM de.learnlib.logging.LearnLogger logQuery
INFO: DB CACHE [ε | inner_success 4_way_message_1 inner_success /  empty_peap 4_way_message_2 -]
Apr 02, 2026 4:25:57 PM de.learnlib.logging.LearnLogger logQuery
INFO: DB CACHE [ε | inner_success 4_way_message_1 success_request_with_credentials_v1 /  empty_peap 4_way_message_2 -]
Apr 02, 2026 4:25:57 PM de.learnlib.logging.LearnLogger logQuery
INFO: DB CACHE [ε | inner_success 4_way_message_1 success_request_all_zeros_v1 /  empty_peap 4_way_message_2 -]
Apr 02, 2026 4:25:57 PM de.learnlib.logging.LearnLogger logQuery
INFO: DB CACHE [ε | inner_success 4_way_message_1 challenge_v1 /  empty_peap 4_way_message_2 -]
Apr 02, 2026 4:25:57 PM de.learnlib.logging.LearnLogger logQuery
INFO: DB CACHE [ε | inner_success 4_way_message_1 id_request_v1 /  empty_peap 4_way_message_2 -]
Apr 02, 2026 4:26:00 PM de.learnlib.logging.LearnLogger logQuery
INFO: [ε | inner_success eap_success 4_way_message_1 / ε | empty_peap after_eap_success 4_way_message_2]
Apr 02, 2026 4:26:03 PM de.learnlib.logging.LearnLogger logQuery
INFO: [ε | inner_success eap_success eap_success / ε | empty_peap after_eap_success after_eap_success]
Apr 02, 2026 4:26:06 PM de.learnlib.logging.LearnLogger logQuery
INFO: [ε | inner_success eap_success inner_failure / ε | empty_peap after_eap_success no_reply]
Apr 02, 2026 4:26:09 PM de.learnlib.logging.LearnLogger logQuery
INFO: [ε | inner_success eap_success inner_success / ε | empty_peap after_eap_success no_reply]
Apr 02, 2026 4:26:12 PM de.learnlib.logging.LearnLogger logQuery
INFO: [ε | inner_success eap_success success_request_with_credentials_v1 / ε | empty_peap after_eap_success no_reply]
Apr 02, 2026 4:26:15 PM de.learnlib.logging.LearnLogger logQuery
INFO: [ε | inner_success eap_success success_request_all_zeros_v1 / ε | empty_peap after_eap_success no_reply]
Apr 02, 2026 4:26:18 PM de.learnlib.logging.LearnLogger logQuery
INFO: [ε | inner_success eap_success challenge_v1 / ε | empty_peap after_eap_success no_reply]
Apr 02, 2026 4:26:21 PM de.learnlib.logging.LearnLogger logQuery
INFO: [ε | inner_success eap_success id_request_v1 / ε | empty_peap after_eap_success no_reply]
Apr 02, 2026 4:26:22 PM de.learnlib.logging.LearnLogger logQuery
INFO: DB CACHE [ε | inner_success inner_failure 4_way_message_1 /  empty_peap no_reply -]
Apr 02, 2026 4:26:22 PM de.learnlib.logging.LearnLogger logQuery
INFO: DB CACHE [ε | inner_success inner_failure eap_success /  empty_peap no_reply -]
Apr 02, 2026 4:26:22 PM de.learnlib.logging.LearnLogger logQuery
INFO: DB CACHE [ε | inner_success inner_failure inner_failure /  empty_peap no_reply -]
Apr 02, 2026 4:26:22 PM de.learnlib.logging.LearnLogger logQuery
INFO: DB CACHE [ε | inner_success inner_failure inner_success /  empty_peap no_reply -]
Apr 02, 2026 4:26:22 PM de.learnlib.logging.LearnLogger logQuery
INFO: DB CACHE [ε | inner_success inner_failure success_request_with_credentials_v1 /  empty_peap no_reply -]
Apr 02, 2026 4:26:22 PM de.learnlib.logging.LearnLogger logQuery
INFO: DB CACHE [ε | inner_success inner_failure success_request_all_zeros_v1 /  empty_peap no_reply -]
Apr 02, 2026 4:26:22 PM de.learnlib.logging.LearnLogger logQuery
INFO: DB CACHE [ε | inner_success inner_failure challenge_v1 /  empty_peap no_reply -]
Apr 02, 2026 4:26:22 PM de.learnlib.logging.LearnLogger logQuery
INFO: DB CACHE [ε | inner_success inner_failure id_request_v1 /  empty_peap no_reply -]
Apr 02, 2026 4:26:22 PM de.learnlib.logging.LearnLogger logQuery
INFO: DB CACHE [ε | inner_success inner_success 4_way_message_1 /  empty_peap no_reply -]
Apr 02, 2026 4:26:22 PM de.learnlib.logging.LearnLogger logQuery
INFO: DB CACHE [ε | inner_success inner_success eap_success /  empty_peap no_reply -]
Apr 02, 2026 4:26:22 PM de.learnlib.logging.LearnLogger logQuery
INFO: DB CACHE [ε | inner_success inner_success inner_failure /  empty_peap no_reply -]
Apr 02, 2026 4:26:22 PM de.learnlib.logging.LearnLogger logQuery
INFO: DB CACHE [ε | inner_success inner_success inner_success /  empty_peap no_reply -]
Apr 02, 2026 4:26:22 PM de.learnlib.logging.LearnLogger logQuery
INFO: DB CACHE [ε | inner_success inner_success success_request_with_credentials_v1 /  empty_peap no_reply -]
Apr 02, 2026 4:26:22 PM de.learnlib.logging.LearnLogger logQuery
INFO: DB CACHE [ε | inner_success inner_success success_request_all_zeros_v1 /  empty_peap no_reply -]
Apr 02, 2026 4:26:22 PM de.learnlib.logging.LearnLogger logQuery
INFO: DB CACHE [ε | inner_success inner_success challenge_v1 /  empty_peap no_reply -]
Apr 02, 2026 4:26:22 PM de.learnlib.logging.LearnLogger logQuery
INFO: DB CACHE [ε | inner_success inner_success id_request_v1 /  empty_peap no_reply -]
Apr 02, 2026 4:26:22 PM de.learnlib.logging.LearnLogger logQuery
INFO: DB CACHE [ε | inner_success success_request_with_credentials_v1 4_way_message_1 /  empty_peap no_reply -]
Apr 02, 2026 4:26:22 PM de.learnlib.logging.LearnLogger logQuery
INFO: DB CACHE [ε | inner_success success_request_with_credentials_v1 eap_success /  empty_peap no_reply -]
Apr 02, 2026 4:26:22 PM de.learnlib.logging.LearnLogger logQuery
INFO: DB CACHE [ε | inner_success success_request_with_credentials_v1 inner_failure /  empty_peap no_reply -]
Apr 02, 2026 4:26:22 PM de.learnlib.logging.LearnLogger logQuery
INFO: DB CACHE [ε | inner_success success_request_with_credentials_v1 inner_success /  empty_peap no_reply -]
Apr 02, 2026 4:26:22 PM de.learnlib.logging.LearnLogger logQuery
INFO: DB CACHE [ε | inner_success success_request_with_credentials_v1 success_request_with_credentials_v1 /  empty_peap no_reply -]
Apr 02, 2026 4:26:22 PM de.learnlib.logging.LearnLogger logQuery
INFO: DB CACHE [ε | inner_success success_request_with_credentials_v1 success_request_all_zeros_v1 /  empty_peap no_reply -]
Apr 02, 2026 4:26:22 PM de.learnlib.logging.LearnLogger logQuery
INFO: DB CACHE [ε | inner_success success_request_with_credentials_v1 challenge_v1 /  empty_peap no_reply -]
Apr 02, 2026 4:26:22 PM de.learnlib.logging.LearnLogger logQuery
INFO: DB CACHE [ε | inner_success success_request_with_credentials_v1 id_request_v1 /  empty_peap no_reply -]
Apr 02, 2026 4:26:22 PM de.learnlib.logging.LearnLogger logQuery
INFO: DB CACHE [ε | inner_success success_request_all_zeros_v1 4_way_message_1 /  empty_peap no_reply -]
Apr 02, 2026 4:26:22 PM de.learnlib.logging.LearnLogger logQuery
INFO: DB CACHE [ε | inner_success success_request_all_zeros_v1 eap_success /  empty_peap no_reply -]
Apr 02, 2026 4:26:22 PM de.learnlib.logging.LearnLogger logQuery
INFO: DB CACHE [ε | inner_success success_request_all_zeros_v1 inner_failure /  empty_peap no_reply -]
Apr 02, 2026 4:26:22 PM de.learnlib.logging.LearnLogger logQuery
INFO: DB CACHE [ε | inner_success success_request_all_zeros_v1 inner_success /  empty_peap no_reply -]
Apr 02, 2026 4:26:22 PM de.learnlib.logging.LearnLogger logQuery
INFO: DB CACHE [ε | inner_success success_request_all_zeros_v1 success_request_with_credentials_v1 /  empty_peap no_reply -]
Apr 02, 2026 4:26:22 PM de.learnlib.logging.LearnLogger logQuery
INFO: DB CACHE [ε | inner_success success_request_all_zeros_v1 success_request_all_zeros_v1 /  empty_peap no_reply -]
Apr 02, 2026 4:26:22 PM de.learnlib.logging.LearnLogger logQuery
INFO: DB CACHE [ε | inner_success success_request_all_zeros_v1 challenge_v1 /  empty_peap no_reply -]
Apr 02, 2026 4:26:22 PM de.learnlib.logging.LearnLogger logQuery
INFO: DB CACHE [ε | inner_success success_request_all_zeros_v1 id_request_v1 /  empty_peap no_reply -]
Apr 02, 2026 4:26:22 PM de.learnlib.logging.LearnLogger logQuery
INFO: DB CACHE [ε | inner_success challenge_v1 4_way_message_1 /  empty_peap no_reply -]
Apr 02, 2026 4:26:22 PM de.learnlib.logging.LearnLogger logQuery
INFO: DB CACHE [ε | inner_success challenge_v1 eap_success /  empty_peap no_reply -]
Apr 02, 2026 4:26:22 PM de.learnlib.logging.LearnLogger logQuery
INFO: DB CACHE [ε | inner_success challenge_v1 inner_failure /  empty_peap no_reply -]
Apr 02, 2026 4:26:22 PM de.learnlib.logging.LearnLogger logQuery
INFO: DB CACHE [ε | inner_success challenge_v1 inner_success /  empty_peap no_reply -]
Apr 02, 2026 4:26:22 PM de.learnlib.logging.LearnLogger logQuery
INFO: DB CACHE [ε | inner_success challenge_v1 success_request_with_credentials_v1 /  empty_peap no_reply -]
Apr 02, 2026 4:26:22 PM de.learnlib.logging.LearnLogger logQuery
INFO: DB CACHE [ε | inner_success challenge_v1 success_request_all_zeros_v1 /  empty_peap no_reply -]
Apr 02, 2026 4:26:22 PM de.learnlib.logging.LearnLogger logQuery
INFO: DB CACHE [ε | inner_success challenge_v1 challenge_v1 /  empty_peap no_reply -]
Apr 02, 2026 4:26:22 PM de.learnlib.logging.LearnLogger logQuery
INFO: DB CACHE [ε | inner_success challenge_v1 id_request_v1 /  empty_peap no_reply -]
Apr 02, 2026 4:26:22 PM de.learnlib.logging.LearnLogger logQuery
INFO: DB CACHE [ε | inner_success id_request_v1 4_way_message_1 /  empty_peap no_reply -]
Apr 02, 2026 4:26:22 PM de.learnlib.logging.LearnLogger logQuery
INFO: DB CACHE [ε | inner_success id_request_v1 eap_success /  empty_peap no_reply -]
Apr 02, 2026 4:26:22 PM de.learnlib.logging.LearnLogger logQuery
INFO: DB CACHE [ε | inner_success id_request_v1 inner_failure /  empty_peap no_reply -]
Apr 02, 2026 4:26:22 PM de.learnlib.logging.LearnLogger logQuery
INFO: DB CACHE [ε | inner_success id_request_v1 inner_success /  empty_peap no_reply -]
Apr 02, 2026 4:26:22 PM de.learnlib.logging.LearnLogger logQuery
INFO: DB CACHE [ε | inner_success id_request_v1 success_request_with_credentials_v1 /  empty_peap no_reply -]
Apr 02, 2026 4:26:22 PM de.learnlib.logging.LearnLogger logQuery
INFO: DB CACHE [ε | inner_success id_request_v1 success_request_all_zeros_v1 /  empty_peap no_reply -]
Apr 02, 2026 4:26:22 PM de.learnlib.logging.LearnLogger logQuery
INFO: DB CACHE [ε | inner_success id_request_v1 challenge_v1 /  empty_peap no_reply -]
Apr 02, 2026 4:26:22 PM de.learnlib.logging.LearnLogger logQuery
INFO: DB CACHE [ε | inner_success id_request_v1 id_request_v1 /  empty_peap no_reply -]
Apr 02, 2026 4:26:22 PM de.learnlib.logging.LearnLogger logQuery
INFO: DISABLED [ε | success_request_all_zeros_v1 4_way_message_1 4_way_message_1 /  no_reply - -]
Apr 02, 2026 4:26:22 PM de.learnlib.logging.LearnLogger logQuery
INFO: DISABLED [ε | success_request_all_zeros_v1 4_way_message_1 eap_success /  no_reply - -]
Apr 02, 2026 4:26:22 PM de.learnlib.logging.LearnLogger logQuery
INFO: DISABLED [ε | success_request_all_zeros_v1 4_way_message_1 inner_failure /  no_reply - -]
Apr 02, 2026 4:26:22 PM de.learnlib.logging.LearnLogger logQuery
INFO: DISABLED [ε | success_request_all_zeros_v1 4_way_message_1 inner_success /  no_reply - -]
Apr 02, 2026 4:26:22 PM de.learnlib.logging.LearnLogger logQuery
INFO: DISABLED [ε | success_request_all_zeros_v1 4_way_message_1 success_request_with_credentials_v1 /  no_reply - -]
Apr 02, 2026 4:26:22 PM de.learnlib.logging.LearnLogger logQuery
INFO: DISABLED [ε | success_request_all_zeros_v1 4_way_message_1 success_request_all_zeros_v1 /  no_reply - -]
Apr 02, 2026 4:26:22 PM de.learnlib.logging.LearnLogger logQuery
INFO: DISABLED [ε | success_request_all_zeros_v1 4_way_message_1 challenge_v1 /  no_reply - -]
Apr 02, 2026 4:26:22 PM de.learnlib.logging.LearnLogger logQuery
INFO: DISABLED [ε | success_request_all_zeros_v1 4_way_message_1 id_request_v1 /  no_reply - -]
Apr 02, 2026 4:26:22 PM de.learnlib.logging.LearnLogger logQuery
INFO: DISABLED [ε | success_request_all_zeros_v1 eap_success 4_way_message_1 /  no_reply - -]
Apr 02, 2026 4:26:22 PM de.learnlib.logging.LearnLogger logQuery
INFO: DISABLED [ε | success_request_all_zeros_v1 eap_success eap_success /  no_reply - -]
Apr 02, 2026 4:26:22 PM de.learnlib.logging.LearnLogger logQuery
INFO: DISABLED [ε | success_request_all_zeros_v1 eap_success inner_failure /  no_reply - -]
Apr 02, 2026 4:26:22 PM de.learnlib.logging.LearnLogger logQuery
INFO: DISABLED [ε | success_request_all_zeros_v1 eap_success inner_success /  no_reply - -]
Apr 02, 2026 4:26:22 PM de.learnlib.logging.LearnLogger logQuery
INFO: DISABLED [ε | success_request_all_zeros_v1 eap_success success_request_with_credentials_v1 /  no_reply - -]
Apr 02, 2026 4:26:22 PM de.learnlib.logging.LearnLogger logQuery
INFO: DISABLED [ε | success_request_all_zeros_v1 eap_success success_request_all_zeros_v1 /  no_reply - -]
Apr 02, 2026 4:26:22 PM de.learnlib.logging.LearnLogger logQuery
INFO: DISABLED [ε | success_request_all_zeros_v1 eap_success challenge_v1 /  no_reply - -]
Apr 02, 2026 4:26:22 PM de.learnlib.logging.LearnLogger logQuery
INFO: DISABLED [ε | success_request_all_zeros_v1 eap_success id_request_v1 /  no_reply - -]
Apr 02, 2026 4:26:22 PM de.learnlib.logging.LearnLogger logQuery
INFO: DISABLED [ε | success_request_all_zeros_v1 inner_failure 4_way_message_1 /  no_reply - -]
Apr 02, 2026 4:26:22 PM de.learnlib.logging.LearnLogger logQuery
INFO: DISABLED [ε | success_request_all_zeros_v1 inner_failure eap_success /  no_reply - -]
Apr 02, 2026 4:26:22 PM de.learnlib.logging.LearnLogger logQuery
INFO: DISABLED [ε | success_request_all_zeros_v1 inner_failure inner_failure /  no_reply - -]
Apr 02, 2026 4:26:22 PM de.learnlib.logging.LearnLogger logQuery
INFO: DISABLED [ε | success_request_all_zeros_v1 inner_failure inner_success /  no_reply - -]
Apr 02, 2026 4:26:22 PM de.learnlib.logging.LearnLogger logQuery
INFO: DISABLED [ε | success_request_all_zeros_v1 inner_failure success_request_with_credentials_v1 /  no_reply - -]
Apr 02, 2026 4:26:22 PM de.learnlib.logging.LearnLogger logQuery
INFO: DISABLED [ε | success_request_all_zeros_v1 inner_failure success_request_all_zeros_v1 /  no_reply - -]
Apr 02, 2026 4:26:22 PM de.learnlib.logging.LearnLogger logQuery
INFO: DISABLED [ε | success_request_all_zeros_v1 inner_failure challenge_v1 /  no_reply - -]
Apr 02, 2026 4:26:22 PM de.learnlib.logging.LearnLogger logQuery
INFO: DISABLED [ε | success_request_all_zeros_v1 inner_failure id_request_v1 /  no_reply - -]
Apr 02, 2026 4:26:22 PM de.learnlib.logging.LearnLogger logQuery
INFO: DISABLED [ε | success_request_all_zeros_v1 inner_success 4_way_message_1 /  no_reply - -]
Apr 02, 2026 4:26:22 PM de.learnlib.logging.LearnLogger logQuery
INFO: DISABLED [ε | success_request_all_zeros_v1 inner_success eap_success /  no_reply - -]
Apr 02, 2026 4:26:22 PM de.learnlib.logging.LearnLogger logQuery
INFO: DISABLED [ε | success_request_all_zeros_v1 inner_success inner_failure /  no_reply - -]
Apr 02, 2026 4:26:22 PM de.learnlib.logging.LearnLogger logQuery
INFO: DISABLED [ε | success_request_all_zeros_v1 inner_success inner_success /  no_reply - -]
Apr 02, 2026 4:26:22 PM de.learnlib.logging.LearnLogger logQuery
INFO: DISABLED [ε | success_request_all_zeros_v1 inner_success success_request_with_credentials_v1 /  no_reply - -]
Apr 02, 2026 4:26:22 PM de.learnlib.logging.LearnLogger logQuery
INFO: DISABLED [ε | success_request_all_zeros_v1 inner_success success_request_all_zeros_v1 /  no_reply - -]
Apr 02, 2026 4:26:22 PM de.learnlib.logging.LearnLogger logQuery
INFO: DISABLED [ε | success_request_all_zeros_v1 inner_success challenge_v1 /  no_reply - -]
Apr 02, 2026 4:26:22 PM de.learnlib.logging.LearnLogger logQuery
INFO: DISABLED [ε | success_request_all_zeros_v1 inner_success id_request_v1 /  no_reply - -]
Apr 02, 2026 4:26:22 PM de.learnlib.logging.LearnLogger logQuery
INFO: DISABLED [ε | success_request_all_zeros_v1 success_request_with_credentials_v1 4_way_message_1 /  no_reply - -]
Apr 02, 2026 4:26:22 PM de.learnlib.logging.LearnLogger logQuery
INFO: DISABLED [ε | success_request_all_zeros_v1 success_request_with_credentials_v1 eap_success /  no_reply - -]
Apr 02, 2026 4:26:22 PM de.learnlib.logging.LearnLogger logQuery
INFO: DISABLED [ε | success_request_all_zeros_v1 success_request_with_credentials_v1 inner_failure /  no_reply - -]
Apr 02, 2026 4:26:22 PM de.learnlib.logging.LearnLogger logQuery
INFO: DISABLED [ε | success_request_all_zeros_v1 success_request_with_credentials_v1 inner_success /  no_reply - -]
Apr 02, 2026 4:26:22 PM de.learnlib.logging.LearnLogger logQuery
INFO: DISABLED [ε | success_request_all_zeros_v1 success_request_with_credentials_v1 success_request_with_credentials_v1 /  no_reply - -]
Apr 02, 2026 4:26:22 PM de.learnlib.logging.LearnLogger logQuery
INFO: DISABLED [ε | success_request_all_zeros_v1 success_request_with_credentials_v1 success_request_all_zeros_v1 /  no_reply - -]
Apr 02, 2026 4:26:22 PM de.learnlib.logging.LearnLogger logQuery
INFO: DISABLED [ε | success_request_all_zeros_v1 success_request_with_credentials_v1 challenge_v1 /  no_reply - -]
Apr 02, 2026 4:26:22 PM de.learnlib.logging.LearnLogger logQuery
INFO: DISABLED [ε | success_request_all_zeros_v1 success_request_with_credentials_v1 id_request_v1 /  no_reply - -]
Apr 02, 2026 4:26:22 PM de.learnlib.logging.LearnLogger logQuery
INFO: DISABLED [ε | success_request_all_zeros_v1 success_request_all_zeros_v1 4_way_message_1 /  no_reply - -]
Apr 02, 2026 4:26:22 PM de.learnlib.logging.LearnLogger logQuery
INFO: DISABLED [ε | success_request_all_zeros_v1 success_request_all_zeros_v1 eap_success /  no_reply - -]
Apr 02, 2026 4:26:22 PM de.learnlib.logging.LearnLogger logQuery
INFO: DISABLED [ε | success_request_all_zeros_v1 success_request_all_zeros_v1 inner_failure /  no_reply - -]
Apr 02, 2026 4:26:22 PM de.learnlib.logging.LearnLogger logQuery
INFO: DISABLED [ε | success_request_all_zeros_v1 success_request_all_zeros_v1 inner_success /  no_reply - -]
Apr 02, 2026 4:26:22 PM de.learnlib.logging.LearnLogger logQuery
INFO: DISABLED [ε | success_request_all_zeros_v1 success_request_all_zeros_v1 success_request_with_credentials_v1 /  no_reply - -]
Apr 02, 2026 4:26:22 PM de.learnlib.logging.LearnLogger logQuery
INFO: DISABLED [ε | success_request_all_zeros_v1 success_request_all_zeros_v1 success_request_all_zeros_v1 /  no_reply - -]
Apr 02, 2026 4:26:22 PM de.learnlib.logging.LearnLogger logQuery
INFO: DISABLED [ε | success_request_all_zeros_v1 success_request_all_zeros_v1 challenge_v1 /  no_reply - -]
Apr 02, 2026 4:26:22 PM de.learnlib.logging.LearnLogger logQuery
INFO: DISABLED [ε | success_request_all_zeros_v1 success_request_all_zeros_v1 id_request_v1 /  no_reply - -]
Apr 02, 2026 4:26:22 PM de.learnlib.logging.LearnLogger logQuery
INFO: DISABLED [ε | success_request_all_zeros_v1 challenge_v1 4_way_message_1 /  no_reply - -]
Apr 02, 2026 4:26:22 PM de.learnlib.logging.LearnLogger logQuery
INFO: DISABLED [ε | success_request_all_zeros_v1 challenge_v1 eap_success /  no_reply - -]
Apr 02, 2026 4:26:22 PM de.learnlib.logging.LearnLogger logQuery
INFO: DISABLED [ε | success_request_all_zeros_v1 challenge_v1 inner_failure /  no_reply - -]
Apr 02, 2026 4:26:22 PM de.learnlib.logging.LearnLogger logQuery
INFO: DISABLED [ε | success_request_all_zeros_v1 challenge_v1 inner_success /  no_reply - -]
Apr 02, 2026 4:26:22 PM de.learnlib.logging.LearnLogger logQuery
INFO: DISABLED [ε | success_request_all_zeros_v1 challenge_v1 success_request_with_credentials_v1 /  no_reply - -]
Apr 02, 2026 4:26:22 PM de.learnlib.logging.LearnLogger logQuery
INFO: DISABLED [ε | success_request_all_zeros_v1 challenge_v1 success_request_all_zeros_v1 /  no_reply - -]
Apr 02, 2026 4:26:22 PM de.learnlib.logging.LearnLogger logQuery
INFO: DISABLED [ε | success_request_all_zeros_v1 challenge_v1 challenge_v1 /  no_reply - -]
Apr 02, 2026 4:26:22 PM de.learnlib.logging.LearnLogger logQuery
INFO: DISABLED [ε | success_request_all_zeros_v1 challenge_v1 id_request_v1 /  no_reply - -]
Apr 02, 2026 4:26:22 PM de.learnlib.logging.LearnLogger logQuery
INFO: DISABLED [ε | success_request_all_zeros_v1 id_request_v1 4_way_message_1 /  no_reply - -]
Apr 02, 2026 4:26:22 PM de.learnlib.logging.LearnLogger logQuery
INFO: DISABLED [ε | success_request_all_zeros_v1 id_request_v1 eap_success /  no_reply - -]
Apr 02, 2026 4:26:22 PM de.learnlib.logging.LearnLogger logQuery
INFO: DISABLED [ε | success_request_all_zeros_v1 id_request_v1 inner_failure /  no_reply - -]
Apr 02, 2026 4:26:22 PM de.learnlib.logging.LearnLogger logQuery
INFO: DISABLED [ε | success_request_all_zeros_v1 id_request_v1 inner_success /  no_reply - -]
Apr 02, 2026 4:26:22 PM de.learnlib.logging.LearnLogger logQuery
INFO: DISABLED [ε | success_request_all_zeros_v1 id_request_v1 success_request_with_credentials_v1 /  no_reply - -]
Apr 02, 2026 4:26:22 PM de.learnlib.logging.LearnLogger logQuery
INFO: DISABLED [ε | success_request_all_zeros_v1 id_request_v1 success_request_all_zeros_v1 /  no_reply - -]
Apr 02, 2026 4:26:22 PM de.learnlib.logging.LearnLogger logQuery
INFO: DISABLED [ε | success_request_all_zeros_v1 id_request_v1 challenge_v1 /  no_reply - -]
Apr 02, 2026 4:26:22 PM de.learnlib.logging.LearnLogger logQuery
INFO: DISABLED [ε | success_request_all_zeros_v1 id_request_v1 id_request_v1 /  no_reply - -]
Apr 02, 2026 4:26:22 PM de.learnlib.logging.LearnLogger logQuery
INFO: DB CACHE [ε | challenge_v1 4_way_message_1 4_way_message_1 /  challenge_response_v1 deauthentication -]
Apr 02, 2026 4:26:22 PM de.learnlib.logging.LearnLogger logQuery
INFO: DB CACHE [ε | challenge_v1 4_way_message_1 eap_success /  challenge_response_v1 deauthentication -]
Apr 02, 2026 4:26:22 PM de.learnlib.logging.LearnLogger logQuery
INFO: DB CACHE [ε | challenge_v1 4_way_message_1 inner_failure /  challenge_response_v1 deauthentication -]
Apr 02, 2026 4:26:22 PM de.learnlib.logging.LearnLogger logQuery
INFO: DB CACHE [ε | challenge_v1 4_way_message_1 inner_success /  challenge_response_v1 deauthentication -]
Apr 02, 2026 4:26:22 PM de.learnlib.logging.LearnLogger logQuery
INFO: DB CACHE [ε | challenge_v1 4_way_message_1 success_request_with_credentials_v1 /  challenge_response_v1 deauthentication -]
Apr 02, 2026 4:26:22 PM de.learnlib.logging.LearnLogger logQuery
INFO: DB CACHE [ε | challenge_v1 4_way_message_1 success_request_all_zeros_v1 /  challenge_response_v1 deauthentication -]
Apr 02, 2026 4:26:22 PM de.learnlib.logging.LearnLogger logQuery
INFO: DB CACHE [ε | challenge_v1 4_way_message_1 challenge_v1 /  challenge_response_v1 deauthentication -]
Apr 02, 2026 4:26:22 PM de.learnlib.logging.LearnLogger logQuery
INFO: DB CACHE [ε | challenge_v1 4_way_message_1 id_request_v1 /  challenge_response_v1 deauthentication -]
Apr 02, 2026 4:26:22 PM de.learnlib.logging.LearnLogger logQuery
INFO: DB CACHE [ε | challenge_v1 eap_success 4_way_message_1 /  challenge_response_v1 deauthentication -]
Apr 02, 2026 4:26:22 PM de.learnlib.logging.LearnLogger logQuery
INFO: DB CACHE [ε | challenge_v1 eap_success eap_success /  challenge_response_v1 deauthentication -]
Apr 02, 2026 4:26:22 PM de.learnlib.logging.LearnLogger logQuery
INFO: DB CACHE [ε | challenge_v1 eap_success inner_failure /  challenge_response_v1 deauthentication -]
Apr 02, 2026 4:26:22 PM de.learnlib.logging.LearnLogger logQuery
INFO: DB CACHE [ε | challenge_v1 eap_success inner_success /  challenge_response_v1 deauthentication -]
Apr 02, 2026 4:26:22 PM de.learnlib.logging.LearnLogger logQuery
INFO: DB CACHE [ε | challenge_v1 eap_success success_request_with_credentials_v1 /  challenge_response_v1 deauthentication -]
Apr 02, 2026 4:26:22 PM de.learnlib.logging.LearnLogger logQuery
INFO: DB CACHE [ε | challenge_v1 eap_success success_request_all_zeros_v1 /  challenge_response_v1 deauthentication -]
Apr 02, 2026 4:26:22 PM de.learnlib.logging.LearnLogger logQuery
INFO: DB CACHE [ε | challenge_v1 eap_success challenge_v1 /  challenge_response_v1 deauthentication -]
Apr 02, 2026 4:26:22 PM de.learnlib.logging.LearnLogger logQuery
INFO: DB CACHE [ε | challenge_v1 eap_success id_request_v1 /  challenge_response_v1 deauthentication -]
Apr 02, 2026 4:26:22 PM de.learnlib.logging.LearnLogger logQuery
INFO: DB CACHE [ε | challenge_v1 inner_failure 4_way_message_1 /  challenge_response_v1 inner_failure_response -]
Apr 02, 2026 4:26:22 PM de.learnlib.logging.LearnLogger logQuery
INFO: DB CACHE [ε | challenge_v1 inner_failure eap_success /  challenge_response_v1 inner_failure_response -]
Apr 02, 2026 4:26:22 PM de.learnlib.logging.LearnLogger logQuery
INFO: DB CACHE [ε | challenge_v1 inner_failure inner_failure /  challenge_response_v1 inner_failure_response -]
Apr 02, 2026 4:26:22 PM de.learnlib.logging.LearnLogger logQuery
INFO: DB CACHE [ε | challenge_v1 inner_failure inner_success /  challenge_response_v1 inner_failure_response -]
Apr 02, 2026 4:26:22 PM de.learnlib.logging.LearnLogger logQuery
INFO: DB CACHE [ε | challenge_v1 inner_failure success_request_with_credentials_v1 /  challenge_response_v1 inner_failure_response -]
Apr 02, 2026 4:26:22 PM de.learnlib.logging.LearnLogger logQuery
INFO: DB CACHE [ε | challenge_v1 inner_failure success_request_all_zeros_v1 /  challenge_response_v1 inner_failure_response -]
Apr 02, 2026 4:26:22 PM de.learnlib.logging.LearnLogger logQuery
INFO: DB CACHE [ε | challenge_v1 inner_failure challenge_v1 /  challenge_response_v1 inner_failure_response -]
Apr 02, 2026 4:26:22 PM de.learnlib.logging.LearnLogger logQuery
INFO: DB CACHE [ε | challenge_v1 inner_failure id_request_v1 /  challenge_response_v1 inner_failure_response -]
Apr 02, 2026 4:26:22 PM de.learnlib.logging.LearnLogger logQuery
INFO: DB CACHE [ε | challenge_v1 inner_success 4_way_message_1 /  challenge_response_v1 deauthentication -]
Apr 02, 2026 4:26:22 PM de.learnlib.logging.LearnLogger logQuery
INFO: DB CACHE [ε | challenge_v1 inner_success eap_success /  challenge_response_v1 deauthentication -]
Apr 02, 2026 4:26:22 PM de.learnlib.logging.LearnLogger logQuery
INFO: DB CACHE [ε | challenge_v1 inner_success inner_failure /  challenge_response_v1 deauthentication -]
Apr 02, 2026 4:26:22 PM de.learnlib.logging.LearnLogger logQuery
INFO: DB CACHE [ε | challenge_v1 inner_success inner_success /  challenge_response_v1 deauthentication -]
Apr 02, 2026 4:26:22 PM de.learnlib.logging.LearnLogger logQuery
INFO: DB CACHE [ε | challenge_v1 inner_success success_request_with_credentials_v1 /  challenge_response_v1 deauthentication -]
Apr 02, 2026 4:26:22 PM de.learnlib.logging.LearnLogger logQuery
INFO: DB CACHE [ε | challenge_v1 inner_success success_request_all_zeros_v1 /  challenge_response_v1 deauthentication -]
Apr 02, 2026 4:26:22 PM de.learnlib.logging.LearnLogger logQuery
INFO: DB CACHE [ε | challenge_v1 inner_success challenge_v1 /  challenge_response_v1 deauthentication -]
Apr 02, 2026 4:26:22 PM de.learnlib.logging.LearnLogger logQuery
INFO: DB CACHE [ε | challenge_v1 inner_success id_request_v1 /  challenge_response_v1 deauthentication -]
Apr 02, 2026 4:26:24 PM de.learnlib.logging.LearnLogger logQuery
INFO: [ε | challenge_v1 success_request_with_credentials_v1 4_way_message_1 / ε | challenge_response_v1 success_response_v1 deauthentication]
Apr 02, 2026 4:26:27 PM de.learnlib.logging.LearnLogger logQuery
INFO: [ε | challenge_v1 success_request_with_credentials_v1 eap_success / ε | challenge_response_v1 success_response_v1 deauthentication]
Apr 02, 2026 4:26:29 PM de.learnlib.logging.LearnLogger logQuery
INFO: [ε | challenge_v1 success_request_with_credentials_v1 inner_failure / ε | challenge_response_v1 success_response_v1 inner_failure_response]
Apr 02, 2026 4:26:32 PM de.learnlib.logging.LearnLogger logQuery
INFO: [ε | challenge_v1 success_request_with_credentials_v1 inner_success / ε | challenge_response_v1 success_response_v1 empty_peap]
Apr 02, 2026 4:26:35 PM de.learnlib.logging.LearnLogger logQuery
INFO: [ε | challenge_v1 success_request_with_credentials_v1 success_request_with_credentials_v1 / ε | challenge_response_v1 success_response_v1 success_response_v1]
Apr 02, 2026 4:26:37 PM de.learnlib.logging.LearnLogger logQuery
INFO: [ε | challenge_v1 success_request_with_credentials_v1 success_request_all_zeros_v1 / ε | challenge_response_v1 success_response_v1 no_reply]
Apr 02, 2026 4:26:40 PM de.learnlib.logging.LearnLogger logQuery
INFO: [ε | challenge_v1 success_request_with_credentials_v1 challenge_v1 / ε | challenge_response_v1 success_response_v1 challenge_response_v1]
Apr 02, 2026 4:26:42 PM de.learnlib.logging.LearnLogger logQuery
INFO: [ε | challenge_v1 success_request_with_credentials_v1 id_request_v1 / ε | challenge_response_v1 success_response_v1 id_response_v1]
Apr 02, 2026 4:26:42 PM de.learnlib.logging.LearnLogger logQuery
INFO: DB CACHE [ε | challenge_v1 success_request_all_zeros_v1 4_way_message_1 /  challenge_response_v1 no_reply -]
Apr 02, 2026 4:26:42 PM de.learnlib.logging.LearnLogger logQuery
INFO: DB CACHE [ε | challenge_v1 success_request_all_zeros_v1 eap_success /  challenge_response_v1 no_reply -]
Apr 02, 2026 4:26:42 PM de.learnlib.logging.LearnLogger logQuery
INFO: DB CACHE [ε | challenge_v1 success_request_all_zeros_v1 inner_failure /  challenge_response_v1 no_reply -]
Apr 02, 2026 4:26:42 PM de.learnlib.logging.LearnLogger logQuery
INFO: DB CACHE [ε | challenge_v1 success_request_all_zeros_v1 inner_success /  challenge_response_v1 no_reply -]
Apr 02, 2026 4:26:42 PM de.learnlib.logging.LearnLogger logQuery
INFO: DB CACHE [ε | challenge_v1 success_request_all_zeros_v1 success_request_with_credentials_v1 /  challenge_response_v1 no_reply -]
Apr 02, 2026 4:26:42 PM de.learnlib.logging.LearnLogger logQuery
INFO: DB CACHE [ε | challenge_v1 success_request_all_zeros_v1 success_request_all_zeros_v1 /  challenge_response_v1 no_reply -]
Apr 02, 2026 4:26:42 PM de.learnlib.logging.LearnLogger logQuery
INFO: DB CACHE [ε | challenge_v1 success_request_all_zeros_v1 challenge_v1 /  challenge_response_v1 no_reply -]
Apr 02, 2026 4:26:42 PM de.learnlib.logging.LearnLogger logQuery
INFO: DB CACHE [ε | challenge_v1 success_request_all_zeros_v1 id_request_v1 /  challenge_response_v1 no_reply -]
Apr 02, 2026 4:26:45 PM de.learnlib.logging.LearnLogger logQuery
INFO: [ε | challenge_v1 challenge_v1 4_way_message_1 / ε | challenge_response_v1 challenge_response_v1 deauthentication]
Apr 02, 2026 4:26:47 PM de.learnlib.logging.LearnLogger logQuery
INFO: [ε | challenge_v1 challenge_v1 eap_success / ε | challenge_response_v1 challenge_response_v1 deauthentication]
Apr 02, 2026 4:26:50 PM de.learnlib.logging.LearnLogger logQuery
INFO: [ε | challenge_v1 challenge_v1 inner_failure / ε | challenge_response_v1 challenge_response_v1 inner_failure_response]
Apr 02, 2026 4:26:53 PM de.learnlib.logging.LearnLogger logQuery
INFO: [ε | challenge_v1 challenge_v1 inner_success / ε | challenge_response_v1 challenge_response_v1 deauthentication]
Apr 02, 2026 4:26:55 PM de.learnlib.logging.LearnLogger logQuery
INFO: [ε | challenge_v1 challenge_v1 success_request_with_credentials_v1 / ε | challenge_response_v1 challenge_response_v1 success_response_v1]
Apr 02, 2026 4:26:58 PM de.learnlib.logging.LearnLogger logQuery
INFO: [ε | challenge_v1 challenge_v1 success_request_all_zeros_v1 / ε | challenge_response_v1 challenge_response_v1 no_reply]
Apr 02, 2026 4:27:01 PM de.learnlib.logging.LearnLogger logQuery
INFO: [ε | challenge_v1 challenge_v1 challenge_v1 / ε | challenge_response_v1 challenge_response_v1 challenge_response_v1]
Apr 02, 2026 4:27:03 PM de.learnlib.logging.LearnLogger logQuery
INFO: [ε | challenge_v1 challenge_v1 id_request_v1 / ε | challenge_response_v1 challenge_response_v1 id_response_v1]
Apr 02, 2026 4:27:06 PM de.learnlib.logging.LearnLogger logQuery
INFO: [ε | challenge_v1 id_request_v1 4_way_message_1 / ε | challenge_response_v1 id_response_v1 deauthentication]
Apr 02, 2026 4:27:08 PM de.learnlib.logging.LearnLogger logQuery
INFO: [ε | challenge_v1 id_request_v1 eap_success / ε | challenge_response_v1 id_response_v1 deauthentication]
Apr 02, 2026 4:27:11 PM de.learnlib.logging.LearnLogger logQuery
INFO: [ε | challenge_v1 id_request_v1 inner_failure / ε | challenge_response_v1 id_response_v1 inner_failure_response]
Apr 02, 2026 4:27:13 PM de.learnlib.logging.LearnLogger logQuery
INFO: [ε | challenge_v1 id_request_v1 inner_success / ε | challenge_response_v1 id_response_v1 deauthentication]
Apr 02, 2026 4:27:16 PM de.learnlib.logging.LearnLogger logQuery
INFO: [ε | challenge_v1 id_request_v1 success_request_with_credentials_v1 / ε | challenge_response_v1 id_response_v1 success_response_v1]
Apr 02, 2026 4:27:19 PM de.learnlib.logging.LearnLogger logQuery
INFO: [ε | challenge_v1 id_request_v1 success_request_all_zeros_v1 / ε | challenge_response_v1 id_response_v1 no_reply]
Apr 02, 2026 4:27:21 PM de.learnlib.logging.LearnLogger logQuery
INFO: [ε | challenge_v1 id_request_v1 challenge_v1 / ε | challenge_response_v1 id_response_v1 challenge_response_v1]
Apr 02, 2026 4:27:24 PM de.learnlib.logging.LearnLogger logQuery
INFO: [ε | challenge_v1 id_request_v1 id_request_v1 / ε | challenge_response_v1 id_response_v1 id_response_v1]
Apr 02, 2026 4:27:24 PM de.learnlib.logging.LearnLogger logQuery
INFO: DB CACHE [ε | challenge_v1 success_request_with_credentials_v1 4_way_message_1 4_way_message_1 /  challenge_response_v1 success_response_v1 deauthentication -]
Apr 02, 2026 4:27:24 PM de.learnlib.logging.LearnLogger logQuery
INFO: DB CACHE [ε | challenge_v1 success_request_with_credentials_v1 4_way_message_1 eap_success /  challenge_response_v1 success_response_v1 deauthentication -]
Apr 02, 2026 4:27:24 PM de.learnlib.logging.LearnLogger logQuery
INFO: DB CACHE [ε | challenge_v1 success_request_with_credentials_v1 4_way_message_1 inner_failure /  challenge_response_v1 success_response_v1 deauthentication -]
Apr 02, 2026 4:27:24 PM de.learnlib.logging.LearnLogger logQuery
INFO: DB CACHE [ε | challenge_v1 success_request_with_credentials_v1 4_way_message_1 inner_success /  challenge_response_v1 success_response_v1 deauthentication -]
Apr 02, 2026 4:27:24 PM de.learnlib.logging.LearnLogger logQuery
INFO: DB CACHE [ε | challenge_v1 success_request_with_credentials_v1 4_way_message_1 success_request_with_credentials_v1 /  challenge_response_v1 success_response_v1 deauthentication -]
Apr 02, 2026 4:27:24 PM de.learnlib.logging.LearnLogger logQuery
INFO: DB CACHE [ε | challenge_v1 success_request_with_credentials_v1 4_way_message_1 success_request_all_zeros_v1 /  challenge_response_v1 success_response_v1 deauthentication -]
Apr 02, 2026 4:27:24 PM de.learnlib.logging.LearnLogger logQuery
INFO: DB CACHE [ε | challenge_v1 success_request_with_credentials_v1 4_way_message_1 challenge_v1 /  challenge_response_v1 success_response_v1 deauthentication -]
Apr 02, 2026 4:27:24 PM de.learnlib.logging.LearnLogger logQuery
INFO: DB CACHE [ε | challenge_v1 success_request_with_credentials_v1 4_way_message_1 id_request_v1 /  challenge_response_v1 success_response_v1 deauthentication -]
Apr 02, 2026 4:27:24 PM de.learnlib.logging.LearnLogger logQuery
INFO: DB CACHE [ε | challenge_v1 success_request_with_credentials_v1 eap_success 4_way_message_1 /  challenge_response_v1 success_response_v1 deauthentication -]
Apr 02, 2026 4:27:24 PM de.learnlib.logging.LearnLogger logQuery
INFO: DB CACHE [ε | challenge_v1 success_request_with_credentials_v1 eap_success eap_success /  challenge_response_v1 success_response_v1 deauthentication -]
Apr 02, 2026 4:27:24 PM de.learnlib.logging.LearnLogger logQuery
INFO: DB CACHE [ε | challenge_v1 success_request_with_credentials_v1 eap_success inner_failure /  challenge_response_v1 success_response_v1 deauthentication -]
Apr 02, 2026 4:27:24 PM de.learnlib.logging.LearnLogger logQuery
INFO: DB CACHE [ε | challenge_v1 success_request_with_credentials_v1 eap_success inner_success /  challenge_response_v1 success_response_v1 deauthentication -]
Apr 02, 2026 4:27:24 PM de.learnlib.logging.LearnLogger logQuery
INFO: DB CACHE [ε | challenge_v1 success_request_with_credentials_v1 eap_success success_request_with_credentials_v1 /  challenge_response_v1 success_response_v1 deauthentication -]
Apr 02, 2026 4:27:24 PM de.learnlib.logging.LearnLogger logQuery
INFO: DB CACHE [ε | challenge_v1 success_request_with_credentials_v1 eap_success success_request_all_zeros_v1 /  challenge_response_v1 success_response_v1 deauthentication -]
Apr 02, 2026 4:27:24 PM de.learnlib.logging.LearnLogger logQuery
INFO: DB CACHE [ε | challenge_v1 success_request_with_credentials_v1 eap_success challenge_v1 /  challenge_response_v1 success_response_v1 deauthentication -]
Apr 02, 2026 4:27:24 PM de.learnlib.logging.LearnLogger logQuery
INFO: DB CACHE [ε | challenge_v1 success_request_with_credentials_v1 eap_success id_request_v1 /  challenge_response_v1 success_response_v1 deauthentication -]
Apr 02, 2026 4:27:24 PM de.learnlib.logging.LearnLogger logQuery
INFO: DB CACHE [ε | challenge_v1 success_request_with_credentials_v1 inner_failure 4_way_message_1 /  challenge_response_v1 success_response_v1 inner_failure_response -]
Apr 02, 2026 4:27:24 PM de.learnlib.logging.LearnLogger logQuery
INFO: DB CACHE [ε | challenge_v1 success_request_with_credentials_v1 inner_failure eap_success /  challenge_response_v1 success_response_v1 inner_failure_response -]
Apr 02, 2026 4:27:24 PM de.learnlib.logging.LearnLogger logQuery
INFO: DB CACHE [ε | challenge_v1 success_request_with_credentials_v1 inner_failure inner_failure /  challenge_response_v1 success_response_v1 inner_failure_response -]
Apr 02, 2026 4:27:24 PM de.learnlib.logging.LearnLogger logQuery
INFO: DB CACHE [ε | challenge_v1 success_request_with_credentials_v1 inner_failure inner_success /  challenge_response_v1 success_response_v1 inner_failure_response -]
Apr 02, 2026 4:27:24 PM de.learnlib.logging.LearnLogger logQuery
INFO: DB CACHE [ε | challenge_v1 success_request_with_credentials_v1 inner_failure success_request_with_credentials_v1 /  challenge_response_v1 success_response_v1 inner_failure_response -]
Apr 02, 2026 4:27:24 PM de.learnlib.logging.LearnLogger logQuery
INFO: DB CACHE [ε | challenge_v1 success_request_with_credentials_v1 inner_failure success_request_all_zeros_v1 /  challenge_response_v1 success_response_v1 inner_failure_response -]
Apr 02, 2026 4:27:24 PM de.learnlib.logging.LearnLogger logQuery
INFO: DB CACHE [ε | challenge_v1 success_request_with_credentials_v1 inner_failure challenge_v1 /  challenge_response_v1 success_response_v1 inner_failure_response -]
Apr 02, 2026 4:27:24 PM de.learnlib.logging.LearnLogger logQuery
INFO: DB CACHE [ε | challenge_v1 success_request_with_credentials_v1 inner_failure id_request_v1 /  challenge_response_v1 success_response_v1 inner_failure_response -]
Apr 02, 2026 4:27:26 PM de.learnlib.logging.LearnLogger logQuery
INFO: [ε | challenge_v1 success_request_with_credentials_v1 inner_success 4_way_message_1 / ε | challenge_response_v1 success_response_v1 empty_peap 4_way_message_2]
Apr 02, 2026 4:27:29 PM de.learnlib.logging.LearnLogger logQuery
INFO: [ε | challenge_v1 success_request_with_credentials_v1 inner_success eap_success / ε | challenge_response_v1 success_response_v1 empty_peap after_eap_success]
Apr 02, 2026 4:27:32 PM de.learnlib.logging.LearnLogger logQuery
INFO: [ε | challenge_v1 success_request_with_credentials_v1 inner_success inner_failure / ε | challenge_response_v1 success_response_v1 empty_peap no_reply]
Apr 02, 2026 4:27:35 PM de.learnlib.logging.LearnLogger logQuery
INFO: [ε | challenge_v1 success_request_with_credentials_v1 inner_success inner_success / ε | challenge_response_v1 success_response_v1 empty_peap no_reply]
Apr 02, 2026 4:27:38 PM de.learnlib.logging.LearnLogger logQuery
INFO: [ε | challenge_v1 success_request_with_credentials_v1 inner_success success_request_with_credentials_v1 / ε | challenge_response_v1 success_response_v1 empty_peap no_reply]
Apr 02, 2026 4:27:41 PM de.learnlib.logging.LearnLogger logQuery
INFO: [ε | challenge_v1 success_request_with_credentials_v1 inner_success success_request_all_zeros_v1 / ε | challenge_response_v1 success_response_v1 empty_peap no_reply]
Apr 02, 2026 4:27:44 PM de.learnlib.logging.LearnLogger logQuery
INFO: [ε | challenge_v1 success_request_with_credentials_v1 inner_success challenge_v1 / ε | challenge_response_v1 success_response_v1 empty_peap no_reply]
Apr 02, 2026 4:27:46 PM de.learnlib.logging.LearnLogger logQuery
INFO: [ε | challenge_v1 success_request_with_credentials_v1 inner_success id_request_v1 / ε | challenge_response_v1 success_response_v1 empty_peap no_reply]
Apr 02, 2026 4:27:49 PM de.learnlib.logging.LearnLogger logQuery
INFO: [ε | challenge_v1 success_request_with_credentials_v1 success_request_with_credentials_v1 4_way_message_1 / ε | challenge_response_v1 success_response_v1 success_response_v1 deauthentication]
Apr 02, 2026 4:27:52 PM de.learnlib.logging.LearnLogger logQuery
INFO: [ε | challenge_v1 success_request_with_credentials_v1 success_request_with_credentials_v1 eap_success / ε | challenge_response_v1 success_response_v1 success_response_v1 deauthentication]
Apr 02, 2026 4:27:55 PM de.learnlib.logging.LearnLogger logQuery
INFO: [ε | challenge_v1 success_request_with_credentials_v1 success_request_with_credentials_v1 inner_failure / ε | challenge_response_v1 success_response_v1 success_response_v1 inner_failure_response]
Apr 02, 2026 4:27:57 PM de.learnlib.logging.LearnLogger logQuery
INFO: [ε | challenge_v1 success_request_with_credentials_v1 success_request_with_credentials_v1 inner_success / ε | challenge_response_v1 success_response_v1 success_response_v1 empty_peap]
Apr 02, 2026 4:28:00 PM de.learnlib.logging.LearnLogger logQuery
INFO: [ε | challenge_v1 success_request_with_credentials_v1 success_request_with_credentials_v1 success_request_with_credentials_v1 / ε | challenge_response_v1 success_response_v1 success_response_v1 success_response_v1]
Apr 02, 2026 4:28:03 PM de.learnlib.logging.LearnLogger logQuery
INFO: [ε | challenge_v1 success_request_with_credentials_v1 success_request_with_credentials_v1 success_request_all_zeros_v1 / ε | challenge_response_v1 success_response_v1 success_response_v1 no_reply]
Apr 02, 2026 4:28:05 PM de.learnlib.logging.LearnLogger logQuery
INFO: [ε | challenge_v1 success_request_with_credentials_v1 success_request_with_credentials_v1 challenge_v1 / ε | challenge_response_v1 success_response_v1 success_response_v1 challenge_response_v1]
Apr 02, 2026 4:28:08 PM de.learnlib.logging.LearnLogger logQuery
INFO: [ε | challenge_v1 success_request_with_credentials_v1 success_request_with_credentials_v1 id_request_v1 / ε | challenge_response_v1 success_response_v1 success_response_v1 id_response_v1]
Apr 02, 2026 4:28:08 PM de.learnlib.logging.LearnLogger logQuery
INFO: DB CACHE [ε | challenge_v1 success_request_with_credentials_v1 success_request_all_zeros_v1 4_way_message_1 /  challenge_response_v1 success_response_v1 no_reply -]
Apr 02, 2026 4:28:08 PM de.learnlib.logging.LearnLogger logQuery
INFO: DB CACHE [ε | challenge_v1 success_request_with_credentials_v1 success_request_all_zeros_v1 eap_success /  challenge_response_v1 success_response_v1 no_reply -]
Apr 02, 2026 4:28:08 PM de.learnlib.logging.LearnLogger logQuery
INFO: DB CACHE [ε | challenge_v1 success_request_with_credentials_v1 success_request_all_zeros_v1 inner_failure /  challenge_response_v1 success_response_v1 no_reply -]
Apr 02, 2026 4:28:08 PM de.learnlib.logging.LearnLogger logQuery
INFO: DB CACHE [ε | challenge_v1 success_request_with_credentials_v1 success_request_all_zeros_v1 inner_success /  challenge_response_v1 success_response_v1 no_reply -]
Apr 02, 2026 4:28:08 PM de.learnlib.logging.LearnLogger logQuery
INFO: DB CACHE [ε | challenge_v1 success_request_with_credentials_v1 success_request_all_zeros_v1 success_request_with_credentials_v1 /  challenge_response_v1 success_response_v1 no_reply -]
Apr 02, 2026 4:28:08 PM de.learnlib.logging.LearnLogger logQuery
INFO: DB CACHE [ε | challenge_v1 success_request_with_credentials_v1 success_request_all_zeros_v1 success_request_all_zeros_v1 /  challenge_response_v1 success_response_v1 no_reply -]
Apr 02, 2026 4:28:08 PM de.learnlib.logging.LearnLogger logQuery
INFO: DB CACHE [ε | challenge_v1 success_request_with_credentials_v1 success_request_all_zeros_v1 challenge_v1 /  challenge_response_v1 success_response_v1 no_reply -]
Apr 02, 2026 4:28:08 PM de.learnlib.logging.LearnLogger logQuery
INFO: DB CACHE [ε | challenge_v1 success_request_with_credentials_v1 success_request_all_zeros_v1 id_request_v1 /  challenge_response_v1 success_response_v1 no_reply -]
Apr 02, 2026 4:28:11 PM de.learnlib.logging.LearnLogger logQuery
INFO: [ε | challenge_v1 success_request_with_credentials_v1 challenge_v1 4_way_message_1 / ε | challenge_response_v1 success_response_v1 challenge_response_v1 deauthentication]
Apr 02, 2026 4:28:13 PM de.learnlib.logging.LearnLogger logQuery
INFO: [ε | challenge_v1 success_request_with_credentials_v1 challenge_v1 eap_success / ε | challenge_response_v1 success_response_v1 challenge_response_v1 deauthentication]
Apr 02, 2026 4:28:16 PM de.learnlib.logging.LearnLogger logQuery
INFO: [ε | challenge_v1 success_request_with_credentials_v1 challenge_v1 inner_failure / ε | challenge_response_v1 success_response_v1 challenge_response_v1 inner_failure_response]
Apr 02, 2026 4:28:19 PM de.learnlib.logging.LearnLogger logQuery
INFO: [ε | challenge_v1 success_request_with_credentials_v1 challenge_v1 inner_success / ε | challenge_response_v1 success_response_v1 challenge_response_v1 empty_peap]
Apr 02, 2026 4:28:21 PM de.learnlib.logging.LearnLogger logQuery
INFO: [ε | challenge_v1 success_request_with_credentials_v1 challenge_v1 success_request_with_credentials_v1 / ε | challenge_response_v1 success_response_v1 challenge_response_v1 success_response_v1]
Apr 02, 2026 4:28:24 PM de.learnlib.logging.LearnLogger logQuery
INFO: [ε | challenge_v1 success_request_with_credentials_v1 challenge_v1 success_request_all_zeros_v1 / ε | challenge_response_v1 success_response_v1 challenge_response_v1 no_reply]
Apr 02, 2026 4:28:27 PM de.learnlib.logging.LearnLogger logQuery
INFO: [ε | challenge_v1 success_request_with_credentials_v1 challenge_v1 challenge_v1 / ε | challenge_response_v1 success_response_v1 challenge_response_v1 challenge_response_v1]
Apr 02, 2026 4:28:29 PM de.learnlib.logging.LearnLogger logQuery
INFO: [ε | challenge_v1 success_request_with_credentials_v1 challenge_v1 id_request_v1 / ε | challenge_response_v1 success_response_v1 challenge_response_v1 id_response_v1]
Apr 02, 2026 4:28:32 PM de.learnlib.logging.LearnLogger logQuery
INFO: [ε | challenge_v1 success_request_with_credentials_v1 id_request_v1 4_way_message_1 / ε | challenge_response_v1 success_response_v1 id_response_v1 deauthentication]
Apr 02, 2026 4:28:35 PM de.learnlib.logging.LearnLogger logQuery
INFO: [ε | challenge_v1 success_request_with_credentials_v1 id_request_v1 eap_success / ε | challenge_response_v1 success_response_v1 id_response_v1 deauthentication]
Apr 02, 2026 4:28:37 PM de.learnlib.logging.LearnLogger logQuery
INFO: [ε | challenge_v1 success_request_with_credentials_v1 id_request_v1 inner_failure / ε | challenge_response_v1 success_response_v1 id_response_v1 inner_failure_response]
Apr 02, 2026 4:28:40 PM de.learnlib.logging.LearnLogger logQuery
INFO: [ε | challenge_v1 success_request_with_credentials_v1 id_request_v1 inner_success / ε | challenge_response_v1 success_response_v1 id_response_v1 empty_peap]
Apr 02, 2026 4:28:43 PM de.learnlib.logging.LearnLogger logQuery
INFO: [ε | challenge_v1 success_request_with_credentials_v1 id_request_v1 success_request_with_credentials_v1 / ε | challenge_response_v1 success_response_v1 id_response_v1 success_response_v1]
Apr 02, 2026 4:28:45 PM de.learnlib.logging.LearnLogger logQuery
INFO: [ε | challenge_v1 success_request_with_credentials_v1 id_request_v1 success_request_all_zeros_v1 / ε | challenge_response_v1 success_response_v1 id_response_v1 no_reply]
Apr 02, 2026 4:28:48 PM de.learnlib.logging.LearnLogger logQuery
INFO: [ε | challenge_v1 success_request_with_credentials_v1 id_request_v1 challenge_v1 / ε | challenge_response_v1 success_response_v1 id_response_v1 challenge_response_v1]
Apr 02, 2026 4:28:51 PM de.learnlib.logging.LearnLogger logQuery
INFO: [ε | challenge_v1 success_request_with_credentials_v1 id_request_v1 id_request_v1 / ε | challenge_response_v1 success_response_v1 id_response_v1 id_response_v1]
