Dec 12, 2025 4:46:12 PM de.learnlib.logging.LearnLogger logQuery
INFO: DB CACHE [ε | id_request_v0 /  id_response_v0]
Dec 12, 2025 4:46:12 PM de.learnlib.logging.LearnLogger logQuery
INFO: DB CACHE [ε | id_request_v0 id_request_v0 /  id_response_v0 nak]
Dec 12, 2025 4:46:12 PM de.learnlib.logging.LearnLogger logQuery
INFO: DB CACHE [ε | id_request_v0 challenge_v0 /  id_response_v0 challenge_response_v0]
Dec 12, 2025 4:46:12 PM de.learnlib.logging.LearnLogger logQuery
INFO: DB CACHE [ε | id_request_v0 tlv_request /  id_response_v0 tlv_failure]
Dec 12, 2025 4:46:12 PM de.learnlib.logging.LearnLogger logQuery
INFO: DB CACHE [ε | challenge_v0 /  no_reply]
Dec 12, 2025 4:46:12 PM de.learnlib.logging.LearnLogger logQuery
INFO: DB CACHE [ε | tlv_request /  tlv_failure]
Dec 12, 2025 4:46:12 PM de.learnlib.logging.LearnLogger logQuery
INFO: DB CACHE [ε | tlv_failure /  tlv_failure]
Dec 12, 2025 4:46:12 PM de.learnlib.logging.LearnLogger logQuery
INFO: DB CACHE [ε | success_request_all_zeros /  no_reply]
Dec 12, 2025 4:46:12 PM de.learnlib.logging.LearnLogger logQuery
INFO: DB CACHE [ε | success_request_with_credentials /  no_reply]
Dec 12, 2025 4:46:12 PM de.learnlib.logging.LearnLogger logQuery
INFO: DB CACHE [ε | success_and_cryptobinding /  tlv_failure]
Dec 12, 2025 4:46:12 PM de.learnlib.logging.LearnLogger logQuery
INFO: DB CACHE [ε | cryptobinding /  no_reply]
Dec 12, 2025 4:46:12 PM de.learnlib.logging.LearnLogger logQuery
INFO: DB CACHE [ε | eap_success /  after_eap_success]
Dec 12, 2025 4:46:12 PM de.learnlib.logging.LearnLogger logQuery
INFO: DB CACHE [ε | eap_success id_request_v0 /  after_eap_success no_reply]
Dec 12, 2025 4:46:12 PM de.learnlib.logging.LearnLogger logQuery
INFO: DB CACHE [ε | eap_success challenge_v0 /  after_eap_success no_reply]
Dec 12, 2025 4:46:12 PM de.learnlib.logging.LearnLogger logQuery
INFO: DB CACHE [ε | eap_success tlv_request /  after_eap_success no_reply]
Dec 12, 2025 4:46:12 PM de.learnlib.logging.LearnLogger logQuery
INFO: DB CACHE [ε | 4_way_message_1 /  no_reply]
Dec 12, 2025 4:46:12 PM de.learnlib.logging.LearnLogger logQuery
INFO: DB CACHE [ε | id_request_v0 id_request_v0 id_request_v0 /  id_response_v0 nak nak]
Dec 12, 2025 4:46:12 PM de.learnlib.logging.LearnLogger logQuery
INFO: DB CACHE [ε | id_request_v0 id_request_v0 challenge_v0 /  id_response_v0 nak challenge_response_v0]
Dec 12, 2025 4:46:12 PM de.learnlib.logging.LearnLogger logQuery
INFO: DB CACHE [ε | id_request_v0 id_request_v0 tlv_request /  id_response_v0 nak tlv_failure]
Dec 12, 2025 4:46:12 PM de.learnlib.logging.LearnLogger logQuery
INFO: DB CACHE [ε | id_request_v0 challenge_v0 id_request_v0 /  id_response_v0 challenge_response_v0 no_reply]
Dec 12, 2025 4:46:12 PM de.learnlib.logging.LearnLogger logQuery
INFO: DB CACHE [ε | id_request_v0 challenge_v0 challenge_v0 /  id_response_v0 challenge_response_v0 disassociation]
Dec 12, 2025 4:46:12 PM de.learnlib.logging.LearnLogger logQuery
INFO: DB CACHE [ε | id_request_v0 challenge_v0 tlv_request /  id_response_v0 challenge_response_v0 tlv_failure]
Dec 12, 2025 4:46:12 PM de.learnlib.logging.LearnLogger logQuery
INFO: DB CACHE [ε | id_request_v0 tlv_failure /  id_response_v0 tlv_failure]
Dec 12, 2025 4:46:12 PM de.learnlib.logging.LearnLogger logQuery
INFO: DB CACHE [ε | eap_success tlv_failure /  after_eap_success no_reply]
Dec 12, 2025 4:46:12 PM de.learnlib.logging.LearnLogger logQuery
INFO: DB CACHE [ε | id_request_v0 success_request_all_zeros /  id_response_v0 no_reply]
Dec 12, 2025 4:46:12 PM de.learnlib.logging.LearnLogger logQuery
INFO: DB CACHE [ε | eap_success success_request_all_zeros /  after_eap_success no_reply]
Dec 12, 2025 4:46:12 PM de.learnlib.logging.LearnLogger logQuery
INFO: DB CACHE [ε | id_request_v0 success_request_with_credentials /  id_response_v0 no_reply]
Dec 12, 2025 4:46:12 PM de.learnlib.logging.LearnLogger logQuery
INFO: DB CACHE [ε | eap_success success_request_with_credentials /  after_eap_success no_reply]
Dec 12, 2025 4:46:12 PM de.learnlib.logging.LearnLogger logQuery
INFO: DB CACHE [ε | id_request_v0 success_and_cryptobinding /  id_response_v0 tlv_failure]
Dec 12, 2025 4:46:12 PM de.learnlib.logging.LearnLogger logQuery
INFO: DB CACHE [ε | eap_success success_and_cryptobinding /  after_eap_success no_reply]
Dec 12, 2025 4:46:12 PM de.learnlib.logging.LearnLogger logQuery
INFO: DB CACHE [ε | id_request_v0 cryptobinding /  id_response_v0 no_reply]
Dec 12, 2025 4:46:12 PM de.learnlib.logging.LearnLogger logQuery
INFO: DB CACHE [ε | eap_success cryptobinding /  after_eap_success no_reply]
Dec 12, 2025 4:46:12 PM de.learnlib.logging.LearnLogger logQuery
INFO: DB CACHE [ε | id_request_v0 eap_success /  id_response_v0 after_eap_success]
Dec 12, 2025 4:46:12 PM de.learnlib.logging.LearnLogger logQuery
INFO: DB CACHE [ε | id_request_v0 eap_success id_request_v0 /  id_response_v0 after_eap_success no_reply]
Dec 12, 2025 4:46:12 PM de.learnlib.logging.LearnLogger logQuery
INFO: DB CACHE [ε | id_request_v0 eap_success challenge_v0 /  id_response_v0 after_eap_success no_reply]
Dec 12, 2025 4:46:12 PM de.learnlib.logging.LearnLogger logQuery
INFO: DB CACHE [ε | id_request_v0 eap_success tlv_request /  id_response_v0 after_eap_success no_reply]
Dec 12, 2025 4:46:12 PM de.learnlib.logging.LearnLogger logQuery
INFO: DB CACHE [ε | eap_success eap_success /  after_eap_success after_eap_success]
Dec 12, 2025 4:46:12 PM de.learnlib.logging.LearnLogger logQuery
INFO: DB CACHE [ε | eap_success eap_success id_request_v0 /  after_eap_success after_eap_success no_reply]
Dec 12, 2025 4:46:12 PM de.learnlib.logging.LearnLogger logQuery
INFO: DB CACHE [ε | eap_success eap_success challenge_v0 /  after_eap_success after_eap_success no_reply]
Dec 12, 2025 4:46:12 PM de.learnlib.logging.LearnLogger logQuery
INFO: DB CACHE [ε | eap_success eap_success tlv_request /  after_eap_success after_eap_success no_reply]
Dec 12, 2025 4:46:12 PM de.learnlib.logging.LearnLogger logQuery
INFO: DB CACHE [ε | id_request_v0 4_way_message_1 /  id_response_v0 no_reply]
Dec 12, 2025 4:46:12 PM de.learnlib.logging.LearnLogger logQuery
INFO: DB CACHE [ε | eap_success 4_way_message_1 /  after_eap_success no_reply]
Dec 12, 2025 4:46:13 PM de.learnlib.logging.LearnLogger logQuery
INFO: [ε | id_request_v0 id_request_v0 id_request_v0 id_request_v0 / ε | id_response_v0 nak nak nak]
Dec 12, 2025 4:46:14 PM de.learnlib.logging.LearnLogger logQuery
INFO: [ε | id_request_v0 id_request_v0 id_request_v0 challenge_v0 / ε | id_response_v0 nak nak challenge_response_v0]
Dec 12, 2025 4:46:16 PM de.learnlib.logging.LearnLogger logQuery
INFO: [ε | id_request_v0 id_request_v0 id_request_v0 tlv_request / ε | id_response_v0 nak nak tlv_failure]
Dec 12, 2025 4:46:17 PM de.learnlib.logging.LearnLogger logQuery
INFO: [ε | id_request_v0 id_request_v0 challenge_v0 id_request_v0 / ε | id_response_v0 nak challenge_response_v0 no_reply]
Dec 12, 2025 4:46:19 PM de.learnlib.logging.LearnLogger logQuery
INFO: [ε | id_request_v0 id_request_v0 challenge_v0 challenge_v0 / ε | id_response_v0 nak challenge_response_v0 disassociation]
Dec 12, 2025 4:46:20 PM de.learnlib.logging.LearnLogger logQuery
INFO: [ε | id_request_v0 id_request_v0 challenge_v0 tlv_request / ε | id_response_v0 nak challenge_response_v0 tlv_failure]
Dec 12, 2025 4:46:20 PM de.learnlib.logging.LearnLogger logQuery
INFO: DB CACHE [ε | id_request_v0 id_request_v0 tlv_failure /  id_response_v0 nak tlv_failure]
Dec 12, 2025 4:46:20 PM de.learnlib.logging.LearnLogger logQuery
INFO: DB CACHE [ε | id_request_v0 challenge_v0 tlv_failure /  id_response_v0 challenge_response_v0 tlv_failure]
Dec 12, 2025 4:46:20 PM de.learnlib.logging.LearnLogger logQuery
INFO: DB CACHE [ε | id_request_v0 eap_success tlv_failure /  id_response_v0 after_eap_success no_reply]
Dec 12, 2025 4:46:20 PM de.learnlib.logging.LearnLogger logQuery
INFO: DB CACHE [ε | id_request_v0 id_request_v0 success_request_all_zeros /  id_response_v0 nak no_reply]
Dec 12, 2025 4:46:20 PM de.learnlib.logging.LearnLogger logQuery
INFO: DB CACHE [ε | id_request_v0 challenge_v0 success_request_all_zeros /  id_response_v0 challenge_response_v0 disassociation]
Dec 12, 2025 4:46:20 PM de.learnlib.logging.LearnLogger logQuery
INFO: DB CACHE [ε | id_request_v0 eap_success success_request_all_zeros /  id_response_v0 after_eap_success no_reply]
Dec 12, 2025 4:46:20 PM de.learnlib.logging.LearnLogger logQuery
INFO: DB CACHE [ε | id_request_v0 id_request_v0 success_request_with_credentials /  id_response_v0 nak no_reply]
Dec 12, 2025 4:46:20 PM de.learnlib.logging.LearnLogger logQuery
INFO: DB CACHE [ε | id_request_v0 challenge_v0 success_request_with_credentials /  id_response_v0 challenge_response_v0 success_response_v0]
Dec 12, 2025 4:46:20 PM de.learnlib.logging.LearnLogger logQuery
INFO: DB CACHE [ε | id_request_v0 challenge_v0 success_request_with_credentials id_request_v0 /  id_response_v0 challenge_response_v0 success_response_v0 no_reply]
Dec 12, 2025 4:46:20 PM de.learnlib.logging.LearnLogger logQuery
INFO: DB CACHE [ε | id_request_v0 challenge_v0 success_request_with_credentials challenge_v0 /  id_response_v0 challenge_response_v0 success_response_v0 no_reply]
Dec 12, 2025 4:46:20 PM de.learnlib.logging.LearnLogger logQuery
INFO: DB CACHE [ε | id_request_v0 challenge_v0 success_request_with_credentials tlv_request /  id_response_v0 challenge_response_v0 success_response_v0 tlv_success]
Dec 12, 2025 4:46:20 PM de.learnlib.logging.LearnLogger logQuery
INFO: DB CACHE [ε | id_request_v0 eap_success success_request_with_credentials /  id_response_v0 after_eap_success no_reply]
Dec 12, 2025 4:46:20 PM de.learnlib.logging.LearnLogger logQuery
INFO: DB CACHE [ε | id_request_v0 id_request_v0 success_and_cryptobinding /  id_response_v0 nak tlv_failure]
Dec 12, 2025 4:46:20 PM de.learnlib.logging.LearnLogger logQuery
INFO: DB CACHE [ε | id_request_v0 challenge_v0 success_and_cryptobinding /  id_response_v0 challenge_response_v0 tlv_failure]
Dec 12, 2025 4:46:20 PM de.learnlib.logging.LearnLogger logQuery
INFO: DB CACHE [ε | id_request_v0 eap_success success_and_cryptobinding /  id_response_v0 after_eap_success no_reply]
Dec 12, 2025 4:46:20 PM de.learnlib.logging.LearnLogger logQuery
INFO: DB CACHE [ε | id_request_v0 id_request_v0 cryptobinding /  id_response_v0 nak no_reply]
Dec 12, 2025 4:46:20 PM de.learnlib.logging.LearnLogger logQuery
INFO: DB CACHE [ε | id_request_v0 challenge_v0 cryptobinding /  id_response_v0 challenge_response_v0 no_reply]
Dec 12, 2025 4:46:20 PM de.learnlib.logging.LearnLogger logQuery
INFO: DB CACHE [ε | id_request_v0 eap_success cryptobinding /  id_response_v0 after_eap_success no_reply]
Dec 12, 2025 4:46:20 PM de.learnlib.logging.LearnLogger logQuery
INFO: DB CACHE [ε | id_request_v0 id_request_v0 eap_success /  id_response_v0 nak after_eap_success]
Dec 12, 2025 4:46:22 PM de.learnlib.logging.LearnLogger logQuery
INFO: [ε | id_request_v0 id_request_v0 eap_success id_request_v0 / ε | id_response_v0 nak after_eap_success no_reply]
Dec 12, 2025 4:46:24 PM de.learnlib.logging.LearnLogger logQuery
INFO: [ε | id_request_v0 id_request_v0 eap_success challenge_v0 / ε | id_response_v0 nak after_eap_success no_reply]
Dec 12, 2025 4:46:25 PM de.learnlib.logging.LearnLogger logQuery
INFO: [ε | id_request_v0 id_request_v0 eap_success tlv_request / ε | id_response_v0 nak after_eap_success no_reply]
Dec 12, 2025 4:46:26 PM de.learnlib.logging.LearnLogger logQuery
INFO: DB CACHE [ε | id_request_v0 challenge_v0 eap_success /  id_response_v0 challenge_response_v0 after_eap_success]
Dec 12, 2025 4:46:26 PM de.learnlib.logging.LearnLogger logQuery
INFO: DB CACHE [ε | id_request_v0 challenge_v0 eap_success id_request_v0 /  id_response_v0 challenge_response_v0 after_eap_success no_reply]
Dec 12, 2025 4:46:26 PM de.learnlib.logging.LearnLogger logQuery
INFO: DB CACHE [ε | id_request_v0 challenge_v0 eap_success challenge_v0 /  id_response_v0 challenge_response_v0 after_eap_success no_reply]
Dec 12, 2025 4:46:26 PM de.learnlib.logging.LearnLogger logQuery
INFO: DB CACHE [ε | id_request_v0 challenge_v0 eap_success tlv_request /  id_response_v0 challenge_response_v0 after_eap_success no_reply]
Dec 12, 2025 4:46:26 PM de.learnlib.logging.LearnLogger logQuery
INFO: DB CACHE [ε | id_request_v0 eap_success eap_success /  id_response_v0 after_eap_success after_eap_success]
Dec 12, 2025 4:46:27 PM de.learnlib.logging.LearnLogger logQuery
INFO: [ε | id_request_v0 eap_success eap_success id_request_v0 / ε | id_response_v0 after_eap_success after_eap_success no_reply]
Dec 12, 2025 4:46:29 PM de.learnlib.logging.LearnLogger logQuery
INFO: [ε | id_request_v0 eap_success eap_success challenge_v0 / ε | id_response_v0 after_eap_success after_eap_success no_reply]
Dec 12, 2025 4:46:31 PM de.learnlib.logging.LearnLogger logQuery
INFO: [ε | id_request_v0 eap_success eap_success tlv_request / ε | id_response_v0 after_eap_success after_eap_success no_reply]
Dec 12, 2025 4:46:32 PM de.learnlib.logging.LearnLogger logQuery
INFO: DB CACHE [ε | id_request_v0 id_request_v0 4_way_message_1 /  id_response_v0 nak no_reply]
Dec 12, 2025 4:46:32 PM de.learnlib.logging.LearnLogger logQuery
INFO: DB CACHE [ε | id_request_v0 challenge_v0 4_way_message_1 /  id_response_v0 challenge_response_v0 no_reply]
Dec 12, 2025 4:46:32 PM de.learnlib.logging.LearnLogger logQuery
INFO: DB CACHE [ε | id_request_v0 eap_success 4_way_message_1 /  id_response_v0 after_eap_success no_reply]
Dec 12, 2025 4:46:32 PM de.learnlib.logging.LearnLogger logQuery
INFO: DB CACHE [ε | eap_success eap_success tlv_failure /  after_eap_success after_eap_success no_reply]
Dec 12, 2025 4:46:32 PM de.learnlib.logging.LearnLogger logQuery
INFO: DB CACHE [ε | eap_success eap_success success_request_all_zeros /  after_eap_success after_eap_success no_reply]
Dec 12, 2025 4:46:32 PM de.learnlib.logging.LearnLogger logQuery
INFO: DB CACHE [ε | eap_success eap_success success_request_with_credentials /  after_eap_success after_eap_success no_reply]
Dec 12, 2025 4:46:32 PM de.learnlib.logging.LearnLogger logQuery
INFO: DB CACHE [ε | eap_success eap_success success_and_cryptobinding /  after_eap_success after_eap_success no_reply]
Dec 12, 2025 4:46:32 PM de.learnlib.logging.LearnLogger logQuery
INFO: DB CACHE [ε | eap_success eap_success cryptobinding /  after_eap_success after_eap_success no_reply]
Dec 12, 2025 4:46:32 PM de.learnlib.logging.LearnLogger logQuery
INFO: DB CACHE [ε | eap_success eap_success eap_success /  after_eap_success after_eap_success after_eap_success]
Dec 12, 2025 4:46:34 PM de.learnlib.logging.LearnLogger logQuery
INFO: [ε | eap_success eap_success eap_success id_request_v0 / ε | after_eap_success after_eap_success after_eap_success no_reply]
Dec 12, 2025 4:46:36 PM de.learnlib.logging.LearnLogger logQuery
INFO: [ε | eap_success eap_success eap_success challenge_v0 / ε | after_eap_success after_eap_success after_eap_success no_reply]
Dec 12, 2025 4:46:38 PM de.learnlib.logging.LearnLogger logQuery
INFO: [ε | eap_success eap_success eap_success tlv_request / ε | after_eap_success after_eap_success after_eap_success no_reply]
Dec 12, 2025 4:46:38 PM de.learnlib.logging.LearnLogger logQuery
INFO: DB CACHE [ε | eap_success eap_success 4_way_message_1 /  after_eap_success after_eap_success no_reply]
Dec 12, 2025 4:46:40 PM de.learnlib.logging.LearnLogger logQuery
INFO: [ε | id_request_v0 id_request_v0 id_request_v0 id_request_v0 id_request_v0 / ε | id_response_v0 nak nak nak nak]
Dec 12, 2025 4:46:41 PM de.learnlib.logging.LearnLogger logQuery
INFO: [ε | id_request_v0 id_request_v0 id_request_v0 id_request_v0 challenge_v0 / ε | id_response_v0 nak nak nak challenge_response_v0]
Dec 12, 2025 4:46:42 PM de.learnlib.logging.LearnLogger logQuery
INFO: [ε | id_request_v0 id_request_v0 id_request_v0 id_request_v0 tlv_request / ε | id_response_v0 nak nak nak tlv_failure]
Dec 12, 2025 4:46:44 PM de.learnlib.logging.LearnLogger logQuery
INFO: [ε | id_request_v0 id_request_v0 id_request_v0 challenge_v0 id_request_v0 / ε | id_response_v0 nak nak challenge_response_v0 no_reply]
Dec 12, 2025 4:46:45 PM de.learnlib.logging.LearnLogger logQuery
INFO: [ε | id_request_v0 id_request_v0 id_request_v0 challenge_v0 challenge_v0 / ε | id_response_v0 nak nak challenge_response_v0 disassociation]
Dec 12, 2025 4:46:47 PM de.learnlib.logging.LearnLogger logQuery
INFO: [ε | id_request_v0 id_request_v0 id_request_v0 challenge_v0 tlv_request / ε | id_response_v0 nak nak challenge_response_v0 tlv_failure]
Dec 12, 2025 4:46:48 PM de.learnlib.logging.LearnLogger logQuery
INFO: [ε | id_request_v0 id_request_v0 id_request_v0 tlv_failure / ε | id_response_v0 nak nak tlv_failure]
Dec 12, 2025 4:46:50 PM de.learnlib.logging.LearnLogger logQuery
INFO: [ε | id_request_v0 id_request_v0 challenge_v0 tlv_failure / ε | id_response_v0 nak challenge_response_v0 tlv_failure]
Dec 12, 2025 4:46:51 PM de.learnlib.logging.LearnLogger logQuery
INFO: [ε | id_request_v0 id_request_v0 eap_success tlv_failure / ε | id_response_v0 nak after_eap_success no_reply]
Dec 12, 2025 4:46:53 PM de.learnlib.logging.LearnLogger logQuery
INFO: [ε | id_request_v0 id_request_v0 id_request_v0 success_request_all_zeros / ε | id_response_v0 nak nak no_reply]
Dec 12, 2025 4:46:54 PM de.learnlib.logging.LearnLogger logQuery
INFO: [ε | id_request_v0 id_request_v0 challenge_v0 success_request_all_zeros / ε | id_response_v0 nak challenge_response_v0 disassociation]
Dec 12, 2025 4:46:56 PM de.learnlib.logging.LearnLogger logQuery
INFO: [ε | id_request_v0 id_request_v0 eap_success success_request_all_zeros / ε | id_response_v0 nak after_eap_success no_reply]
Dec 12, 2025 4:46:57 PM de.learnlib.logging.LearnLogger logQuery
INFO: [ε | id_request_v0 id_request_v0 id_request_v0 success_request_with_credentials / ε | id_response_v0 nak nak no_reply]
Dec 12, 2025 4:46:59 PM de.learnlib.logging.LearnLogger logQuery
INFO: [ε | id_request_v0 id_request_v0 challenge_v0 success_request_with_credentials / ε | id_response_v0 nak challenge_response_v0 success_response_v0]
Dec 12, 2025 4:47:00 PM de.learnlib.logging.LearnLogger logQuery
INFO: [ε | id_request_v0 id_request_v0 challenge_v0 success_request_with_credentials id_request_v0 / ε | id_response_v0 nak challenge_response_v0 success_response_v0 no_reply]
Dec 12, 2025 4:47:02 PM de.learnlib.logging.LearnLogger logQuery
INFO: [ε | id_request_v0 id_request_v0 challenge_v0 success_request_with_credentials challenge_v0 / ε | id_response_v0 nak challenge_response_v0 success_response_v0 no_reply]
Dec 12, 2025 4:47:03 PM de.learnlib.logging.LearnLogger logQuery
INFO: [ε | id_request_v0 id_request_v0 challenge_v0 success_request_with_credentials tlv_request / ε | id_response_v0 nak challenge_response_v0 success_response_v0 tlv_success]
Dec 12, 2025 4:47:05 PM de.learnlib.logging.LearnLogger logQuery
INFO: [ε | id_request_v0 id_request_v0 eap_success success_request_with_credentials / ε | id_response_v0 nak after_eap_success no_reply]
Dec 12, 2025 4:47:06 PM de.learnlib.logging.LearnLogger logQuery
INFO: [ε | id_request_v0 id_request_v0 id_request_v0 success_and_cryptobinding / ε | id_response_v0 nak nak tlv_failure]
Dec 12, 2025 4:47:08 PM de.learnlib.logging.LearnLogger logQuery
INFO: [ε | id_request_v0 id_request_v0 challenge_v0 success_and_cryptobinding / ε | id_response_v0 nak challenge_response_v0 tlv_failure]
Dec 12, 2025 4:47:10 PM de.learnlib.logging.LearnLogger logQuery
INFO: [ε | id_request_v0 id_request_v0 eap_success success_and_cryptobinding / ε | id_response_v0 nak after_eap_success no_reply]
Dec 12, 2025 4:47:11 PM de.learnlib.logging.LearnLogger logQuery
INFO: [ε | id_request_v0 id_request_v0 id_request_v0 cryptobinding / ε | id_response_v0 nak nak no_reply]
Dec 12, 2025 4:47:13 PM de.learnlib.logging.LearnLogger logQuery
INFO: [ε | id_request_v0 id_request_v0 challenge_v0 cryptobinding / ε | id_response_v0 nak challenge_response_v0 no_reply]
Dec 12, 2025 4:47:15 PM de.learnlib.logging.LearnLogger logQuery
INFO: [ε | id_request_v0 id_request_v0 eap_success cryptobinding / ε | id_response_v0 nak after_eap_success no_reply]
Dec 12, 2025 4:47:17 PM de.learnlib.logging.LearnLogger logQuery
INFO: [ε | id_request_v0 id_request_v0 id_request_v0 eap_success / ε | id_response_v0 nak nak after_eap_success]
Dec 12, 2025 4:47:18 PM de.learnlib.logging.LearnLogger logQuery
INFO: [ε | id_request_v0 id_request_v0 id_request_v0 eap_success id_request_v0 / ε | id_response_v0 nak nak after_eap_success no_reply]
Dec 12, 2025 4:47:20 PM de.learnlib.logging.LearnLogger logQuery
INFO: [ε | id_request_v0 id_request_v0 id_request_v0 eap_success challenge_v0 / ε | id_response_v0 nak nak after_eap_success no_reply]
Dec 12, 2025 4:47:22 PM de.learnlib.logging.LearnLogger logQuery
INFO: [ε | id_request_v0 id_request_v0 id_request_v0 eap_success tlv_request / ε | id_response_v0 nak nak after_eap_success no_reply]
Dec 12, 2025 4:47:24 PM de.learnlib.logging.LearnLogger logQuery
INFO: [ε | id_request_v0 id_request_v0 challenge_v0 eap_success / ε | id_response_v0 nak challenge_response_v0 after_eap_success]
Dec 12, 2025 4:47:25 PM de.learnlib.logging.LearnLogger logQuery
INFO: [ε | id_request_v0 id_request_v0 challenge_v0 eap_success id_request_v0 / ε | id_response_v0 nak challenge_response_v0 after_eap_success no_reply]
Dec 12, 2025 4:47:27 PM de.learnlib.logging.LearnLogger logQuery
INFO: [ε | id_request_v0 id_request_v0 challenge_v0 eap_success challenge_v0 / ε | id_response_v0 nak challenge_response_v0 after_eap_success no_reply]
Dec 12, 2025 4:47:29 PM de.learnlib.logging.LearnLogger logQuery
INFO: [ε | id_request_v0 id_request_v0 challenge_v0 eap_success tlv_request / ε | id_response_v0 nak challenge_response_v0 after_eap_success no_reply]
Dec 12, 2025 4:47:31 PM de.learnlib.logging.LearnLogger logQuery
INFO: [ε | id_request_v0 id_request_v0 eap_success eap_success / ε | id_response_v0 nak after_eap_success after_eap_success]
Dec 12, 2025 4:47:33 PM de.learnlib.logging.LearnLogger logQuery
INFO: [ε | id_request_v0 id_request_v0 eap_success eap_success id_request_v0 / ε | id_response_v0 nak after_eap_success after_eap_success no_reply]
Dec 12, 2025 4:47:35 PM de.learnlib.logging.LearnLogger logQuery
INFO: [ε | id_request_v0 id_request_v0 eap_success eap_success challenge_v0 / ε | id_response_v0 nak after_eap_success after_eap_success no_reply]
Dec 12, 2025 4:47:37 PM de.learnlib.logging.LearnLogger logQuery
INFO: [ε | id_request_v0 id_request_v0 eap_success eap_success tlv_request / ε | id_response_v0 nak after_eap_success after_eap_success no_reply]
Dec 12, 2025 4:47:39 PM de.learnlib.logging.LearnLogger logQuery
INFO: [ε | id_request_v0 id_request_v0 id_request_v0 4_way_message_1 / ε | id_response_v0 nak nak no_reply]
Dec 12, 2025 4:47:40 PM de.learnlib.logging.LearnLogger logQuery
INFO: [ε | id_request_v0 id_request_v0 challenge_v0 4_way_message_1 / ε | id_response_v0 nak challenge_response_v0 no_reply]
Dec 12, 2025 4:47:42 PM de.learnlib.logging.LearnLogger logQuery
INFO: [ε | id_request_v0 id_request_v0 eap_success 4_way_message_1 / ε | id_response_v0 nak after_eap_success no_reply]
Dec 12, 2025 4:47:42 PM de.learnlib.logging.LearnLogger logQuery
INFO: DB CACHE [ε | id_request_v0 challenge_v0 success_request_with_credentials tlv_request id_request_v0 /  id_response_v0 challenge_response_v0 success_response_v0 tlv_success no_reply]
Dec 12, 2025 4:47:42 PM de.learnlib.logging.LearnLogger logQuery
INFO: DB CACHE [ε | id_request_v0 challenge_v0 success_request_with_credentials tlv_request challenge_v0 /  id_response_v0 challenge_response_v0 success_response_v0 tlv_success no_reply]
Dec 12, 2025 4:47:42 PM de.learnlib.logging.LearnLogger logQuery
INFO: DB CACHE [ε | id_request_v0 challenge_v0 success_request_with_credentials tlv_request tlv_request /  id_response_v0 challenge_response_v0 success_response_v0 tlv_success no_reply]
Dec 12, 2025 4:47:42 PM de.learnlib.logging.LearnLogger logQuery
INFO: DB CACHE [ε | id_request_v0 challenge_v0 success_request_with_credentials tlv_failure /  id_response_v0 challenge_response_v0 success_response_v0 tlv_failure]
Dec 12, 2025 4:47:42 PM de.learnlib.logging.LearnLogger logQuery
INFO: DB CACHE [ε | id_request_v0 challenge_v0 eap_success tlv_failure /  id_response_v0 challenge_response_v0 after_eap_success no_reply]
Dec 12, 2025 4:47:42 PM de.learnlib.logging.LearnLogger logQuery
INFO: DB CACHE [ε | id_request_v0 challenge_v0 success_request_with_credentials success_request_all_zeros /  id_response_v0 challenge_response_v0 success_response_v0 no_reply]
Dec 12, 2025 4:47:42 PM de.learnlib.logging.LearnLogger logQuery
INFO: DB CACHE [ε | id_request_v0 challenge_v0 eap_success success_request_all_zeros /  id_response_v0 challenge_response_v0 after_eap_success no_reply]
Dec 12, 2025 4:47:42 PM de.learnlib.logging.LearnLogger logQuery
INFO: DB CACHE [ε | id_request_v0 challenge_v0 success_request_with_credentials success_request_with_credentials /  id_response_v0 challenge_response_v0 success_response_v0 no_reply]
Dec 12, 2025 4:47:42 PM de.learnlib.logging.LearnLogger logQuery
INFO: DB CACHE [ε | id_request_v0 challenge_v0 eap_success success_request_with_credentials /  id_response_v0 challenge_response_v0 after_eap_success no_reply]
Dec 12, 2025 4:47:42 PM de.learnlib.logging.LearnLogger logQuery
INFO: DB CACHE [ε | id_request_v0 challenge_v0 success_request_with_credentials success_and_cryptobinding /  id_response_v0 challenge_response_v0 success_response_v0 tlv_success_and_cryptobinding]
Dec 12, 2025 4:47:42 PM de.learnlib.logging.LearnLogger logQuery
INFO: DB CACHE [ε | id_request_v0 challenge_v0 success_request_with_credentials success_and_cryptobinding id_request_v0 /  id_response_v0 challenge_response_v0 success_response_v0 tlv_success_and_cryptobinding no_reply]
Dec 12, 2025 4:47:42 PM de.learnlib.logging.LearnLogger logQuery
INFO: DB CACHE [ε | id_request_v0 challenge_v0 success_request_with_credentials success_and_cryptobinding challenge_v0 /  id_response_v0 challenge_response_v0 success_response_v0 tlv_success_and_cryptobinding no_reply]
Dec 12, 2025 4:47:42 PM de.learnlib.logging.LearnLogger logQuery
INFO: DB CACHE [ε | id_request_v0 challenge_v0 success_request_with_credentials success_and_cryptobinding tlv_request /  id_response_v0 challenge_response_v0 success_response_v0 tlv_success_and_cryptobinding no_reply]
Dec 12, 2025 4:47:42 PM de.learnlib.logging.LearnLogger logQuery
INFO: DB CACHE [ε | id_request_v0 challenge_v0 eap_success success_and_cryptobinding /  id_response_v0 challenge_response_v0 after_eap_success no_reply]
Dec 12, 2025 4:47:42 PM de.learnlib.logging.LearnLogger logQuery
INFO: DB CACHE [ε | id_request_v0 challenge_v0 success_request_with_credentials cryptobinding /  id_response_v0 challenge_response_v0 success_response_v0 no_reply]
Dec 12, 2025 4:47:42 PM de.learnlib.logging.LearnLogger logQuery
INFO: DB CACHE [ε | id_request_v0 challenge_v0 eap_success cryptobinding /  id_response_v0 challenge_response_v0 after_eap_success no_reply]
Dec 12, 2025 4:47:42 PM de.learnlib.logging.LearnLogger logQuery
INFO: DB CACHE [ε | id_request_v0 challenge_v0 success_request_with_credentials eap_success /  id_response_v0 challenge_response_v0 success_response_v0 after_eap_success]
Dec 12, 2025 4:47:42 PM de.learnlib.logging.LearnLogger logQuery
INFO: DB CACHE [ε | id_request_v0 challenge_v0 success_request_with_credentials eap_success id_request_v0 /  id_response_v0 challenge_response_v0 success_response_v0 after_eap_success no_reply]
Dec 12, 2025 4:47:42 PM de.learnlib.logging.LearnLogger logQuery
INFO: DB CACHE [ε | id_request_v0 challenge_v0 success_request_with_credentials eap_success challenge_v0 /  id_response_v0 challenge_response_v0 success_response_v0 after_eap_success no_reply]
Dec 12, 2025 4:47:42 PM de.learnlib.logging.LearnLogger logQuery
INFO: DB CACHE [ε | id_request_v0 challenge_v0 success_request_with_credentials eap_success tlv_request /  id_response_v0 challenge_response_v0 success_response_v0 after_eap_success no_reply]
Dec 12, 2025 4:47:42 PM de.learnlib.logging.LearnLogger logQuery
INFO: DB CACHE [ε | id_request_v0 challenge_v0 eap_success eap_success /  id_response_v0 challenge_response_v0 after_eap_success after_eap_success]
Dec 12, 2025 4:47:44 PM de.learnlib.logging.LearnLogger logQuery
INFO: [ε | id_request_v0 challenge_v0 eap_success eap_success id_request_v0 / ε | id_response_v0 challenge_response_v0 after_eap_success after_eap_success no_reply]
Dec 12, 2025 4:47:46 PM de.learnlib.logging.LearnLogger logQuery
INFO: [ε | id_request_v0 challenge_v0 eap_success eap_success challenge_v0 / ε | id_response_v0 challenge_response_v0 after_eap_success after_eap_success no_reply]
Dec 12, 2025 4:47:48 PM de.learnlib.logging.LearnLogger logQuery
INFO: [ε | id_request_v0 challenge_v0 eap_success eap_success tlv_request / ε | id_response_v0 challenge_response_v0 after_eap_success after_eap_success no_reply]
Dec 12, 2025 4:47:49 PM de.learnlib.logging.LearnLogger logQuery
INFO: DB CACHE [ε | id_request_v0 challenge_v0 success_request_with_credentials 4_way_message_1 /  id_response_v0 challenge_response_v0 success_response_v0 no_reply]
Dec 12, 2025 4:47:49 PM de.learnlib.logging.LearnLogger logQuery
INFO: DB CACHE [ε | id_request_v0 challenge_v0 eap_success 4_way_message_1 /  id_response_v0 challenge_response_v0 after_eap_success no_reply]
Dec 12, 2025 4:47:50 PM de.learnlib.logging.LearnLogger logQuery
INFO: [ε | id_request_v0 eap_success eap_success tlv_failure / ε | id_response_v0 after_eap_success after_eap_success no_reply]
Dec 12, 2025 4:47:52 PM de.learnlib.logging.LearnLogger logQuery
INFO: [ε | id_request_v0 eap_success eap_success success_request_all_zeros / ε | id_response_v0 after_eap_success after_eap_success no_reply]
Dec 12, 2025 4:47:54 PM de.learnlib.logging.LearnLogger logQuery
INFO: [ε | id_request_v0 eap_success eap_success success_request_with_credentials / ε | id_response_v0 after_eap_success after_eap_success no_reply]
Dec 12, 2025 4:47:56 PM de.learnlib.logging.LearnLogger logQuery
INFO: [ε | id_request_v0 eap_success eap_success success_and_cryptobinding / ε | id_response_v0 after_eap_success after_eap_success no_reply]
Dec 12, 2025 4:47:58 PM de.learnlib.logging.LearnLogger logQuery
INFO: [ε | id_request_v0 eap_success eap_success cryptobinding / ε | id_response_v0 after_eap_success after_eap_success no_reply]
Dec 12, 2025 4:48:00 PM de.learnlib.logging.LearnLogger logQuery
INFO: [ε | id_request_v0 eap_success eap_success eap_success / ε | id_response_v0 after_eap_success after_eap_success after_eap_success]
Dec 12, 2025 4:48:02 PM de.learnlib.logging.LearnLogger logQuery
INFO: [ε | id_request_v0 eap_success eap_success eap_success id_request_v0 / ε | id_response_v0 after_eap_success after_eap_success after_eap_success no_reply]
Dec 12, 2025 4:48:05 PM de.learnlib.logging.LearnLogger logQuery
INFO: [ε | id_request_v0 eap_success eap_success eap_success challenge_v0 / ε | id_response_v0 after_eap_success after_eap_success after_eap_success no_reply]
Dec 12, 2025 4:48:07 PM de.learnlib.logging.LearnLogger logQuery
INFO: [ε | id_request_v0 eap_success eap_success eap_success tlv_request / ε | id_response_v0 after_eap_success after_eap_success after_eap_success no_reply]
Dec 12, 2025 4:48:09 PM de.learnlib.logging.LearnLogger logQuery
INFO: [ε | id_request_v0 eap_success eap_success 4_way_message_1 / ε | id_response_v0 after_eap_success after_eap_success no_reply]
Dec 12, 2025 4:48:09 PM de.learnlib.logging.LearnLogger logQuery
INFO: DB CACHE [ε | challenge_v0 id_request_v0 /  no_reply -]
Dec 12, 2025 4:48:09 PM de.learnlib.logging.LearnLogger logQuery
INFO: DB CACHE [ε | challenge_v0 challenge_v0 /  no_reply -]
Dec 12, 2025 4:48:09 PM de.learnlib.logging.LearnLogger logQuery
INFO: DB CACHE [ε | challenge_v0 tlv_request /  no_reply -]
Dec 12, 2025 4:48:09 PM de.learnlib.logging.LearnLogger logQuery
INFO: DB CACHE [ε | challenge_v0 tlv_failure /  no_reply -]
Dec 12, 2025 4:48:09 PM de.learnlib.logging.LearnLogger logQuery
INFO: DB CACHE [ε | challenge_v0 success_request_all_zeros /  no_reply -]
Dec 12, 2025 4:48:09 PM de.learnlib.logging.LearnLogger logQuery
INFO: DB CACHE [ε | challenge_v0 success_request_with_credentials /  no_reply -]
Dec 12, 2025 4:48:09 PM de.learnlib.logging.LearnLogger logQuery
INFO: DB CACHE [ε | challenge_v0 success_and_cryptobinding /  no_reply -]
Dec 12, 2025 4:48:09 PM de.learnlib.logging.LearnLogger logQuery
INFO: DB CACHE [ε | challenge_v0 cryptobinding /  no_reply -]
Dec 12, 2025 4:48:09 PM de.learnlib.logging.LearnLogger logQuery
INFO: DB CACHE [ε | challenge_v0 eap_success /  no_reply -]
Dec 12, 2025 4:48:09 PM de.learnlib.logging.LearnLogger logQuery
INFO: DB CACHE [ε | challenge_v0 4_way_message_1 /  no_reply -]
Dec 12, 2025 4:48:11 PM de.learnlib.logging.LearnLogger logQuery
INFO: [ε | eap_success eap_success eap_success tlv_failure / ε | after_eap_success after_eap_success after_eap_success no_reply]
Dec 12, 2025 4:48:13 PM de.learnlib.logging.LearnLogger logQuery
INFO: [ε | eap_success eap_success eap_success success_request_all_zeros / ε | after_eap_success after_eap_success after_eap_success no_reply]
Dec 12, 2025 4:48:15 PM de.learnlib.logging.LearnLogger logQuery
INFO: [ε | eap_success eap_success eap_success success_request_with_credentials / ε | after_eap_success after_eap_success after_eap_success no_reply]
Dec 12, 2025 4:48:18 PM de.learnlib.logging.LearnLogger logQuery
INFO: [ε | eap_success eap_success eap_success success_and_cryptobinding / ε | after_eap_success after_eap_success after_eap_success no_reply]
Dec 12, 2025 4:48:20 PM de.learnlib.logging.LearnLogger logQuery
INFO: [ε | eap_success eap_success eap_success cryptobinding / ε | after_eap_success after_eap_success after_eap_success no_reply]
Dec 12, 2025 4:48:22 PM de.learnlib.logging.LearnLogger logQuery
INFO: [ε | eap_success eap_success eap_success eap_success / ε | after_eap_success after_eap_success after_eap_success after_eap_success]
Dec 12, 2025 4:48:24 PM de.learnlib.logging.LearnLogger logQuery
INFO: [ε | eap_success eap_success eap_success eap_success id_request_v0 / ε | after_eap_success after_eap_success after_eap_success after_eap_success no_reply]
Dec 12, 2025 4:48:33 PM de.learnlib.logging.LearnLogger logQuery
INFO: [ε | eap_success eap_success eap_success eap_success challenge_v0 / ε | after_eap_success after_eap_success after_eap_success after_eap_success no_reply]
Dec 12, 2025 4:48:35 PM de.learnlib.logging.LearnLogger logQuery
INFO: [ε | eap_success eap_success eap_success eap_success tlv_request / ε | after_eap_success after_eap_success after_eap_success after_eap_success no_reply]
Dec 12, 2025 4:48:38 PM de.learnlib.logging.LearnLogger logQuery
INFO: [ε | eap_success eap_success eap_success 4_way_message_1 / ε | after_eap_success after_eap_success after_eap_success no_reply]
Dec 12, 2025 4:48:38 PM de.learnlib.logging.LearnLogger logQuery
INFO: DB CACHE [ε | id_request_v0 challenge_v0 success_request_with_credentials tlv_request tlv_failure /  id_response_v0 challenge_response_v0 success_response_v0 tlv_success no_reply]
Dec 12, 2025 4:48:38 PM de.learnlib.logging.LearnLogger logQuery
INFO: DB CACHE [ε | id_request_v0 challenge_v0 success_request_with_credentials success_and_cryptobinding tlv_failure /  id_response_v0 challenge_response_v0 success_response_v0 tlv_success_and_cryptobinding no_reply]
Dec 12, 2025 4:48:38 PM de.learnlib.logging.LearnLogger logQuery
INFO: DB CACHE [ε | id_request_v0 challenge_v0 success_request_with_credentials eap_success tlv_failure /  id_response_v0 challenge_response_v0 success_response_v0 after_eap_success no_reply]
Dec 12, 2025 4:48:38 PM de.learnlib.logging.LearnLogger logQuery
INFO: DB CACHE [ε | id_request_v0 challenge_v0 success_request_with_credentials tlv_request success_request_all_zeros /  id_response_v0 challenge_response_v0 success_response_v0 tlv_success no_reply]
Dec 12, 2025 4:48:38 PM de.learnlib.logging.LearnLogger logQuery
INFO: DB CACHE [ε | id_request_v0 challenge_v0 success_request_with_credentials success_and_cryptobinding success_request_all_zeros /  id_response_v0 challenge_response_v0 success_response_v0 tlv_success_and_cryptobinding no_reply]
Dec 12, 2025 4:48:38 PM de.learnlib.logging.LearnLogger logQuery
INFO: DB CACHE [ε | id_request_v0 challenge_v0 success_request_with_credentials eap_success success_request_all_zeros /  id_response_v0 challenge_response_v0 success_response_v0 after_eap_success no_reply]
Dec 12, 2025 4:48:38 PM de.learnlib.logging.LearnLogger logQuery
INFO: DB CACHE [ε | id_request_v0 challenge_v0 success_request_with_credentials tlv_request success_request_with_credentials /  id_response_v0 challenge_response_v0 success_response_v0 tlv_success no_reply]
Dec 12, 2025 4:48:38 PM de.learnlib.logging.LearnLogger logQuery
INFO: DB CACHE [ε | id_request_v0 challenge_v0 success_request_with_credentials success_and_cryptobinding success_request_with_credentials /  id_response_v0 challenge_response_v0 success_response_v0 tlv_success_and_cryptobinding no_reply]
Dec 12, 2025 4:48:38 PM de.learnlib.logging.LearnLogger logQuery
INFO: DB CACHE [ε | id_request_v0 challenge_v0 success_request_with_credentials eap_success success_request_with_credentials /  id_response_v0 challenge_response_v0 success_response_v0 after_eap_success no_reply]
Dec 12, 2025 4:48:38 PM de.learnlib.logging.LearnLogger logQuery
INFO: DB CACHE [ε | id_request_v0 challenge_v0 success_request_with_credentials tlv_request success_and_cryptobinding /  id_response_v0 challenge_response_v0 success_response_v0 tlv_success no_reply]
Dec 12, 2025 4:48:38 PM de.learnlib.logging.LearnLogger logQuery
INFO: DB CACHE [ε | id_request_v0 challenge_v0 success_request_with_credentials success_and_cryptobinding success_and_cryptobinding /  id_response_v0 challenge_response_v0 success_response_v0 tlv_success_and_cryptobinding no_reply]
Dec 12, 2025 4:48:38 PM de.learnlib.logging.LearnLogger logQuery
INFO: DB CACHE [ε | id_request_v0 challenge_v0 success_request_with_credentials eap_success success_and_cryptobinding /  id_response_v0 challenge_response_v0 success_response_v0 after_eap_success no_reply]
Dec 12, 2025 4:48:38 PM de.learnlib.logging.LearnLogger logQuery
INFO: DB CACHE [ε | id_request_v0 challenge_v0 success_request_with_credentials tlv_request cryptobinding /  id_response_v0 challenge_response_v0 success_response_v0 tlv_success no_reply]
Dec 12, 2025 4:48:38 PM de.learnlib.logging.LearnLogger logQuery
INFO: DB CACHE [ε | id_request_v0 challenge_v0 success_request_with_credentials success_and_cryptobinding cryptobinding /  id_response_v0 challenge_response_v0 success_response_v0 tlv_success_and_cryptobinding no_reply]
Dec 12, 2025 4:48:38 PM de.learnlib.logging.LearnLogger logQuery
INFO: DB CACHE [ε | id_request_v0 challenge_v0 success_request_with_credentials eap_success cryptobinding /  id_response_v0 challenge_response_v0 success_response_v0 after_eap_success no_reply]
Dec 12, 2025 4:48:38 PM de.learnlib.logging.LearnLogger logQuery
INFO: DB CACHE [ε | id_request_v0 challenge_v0 success_request_with_credentials tlv_request eap_success /  id_response_v0 challenge_response_v0 success_response_v0 tlv_success after_eap_success]
Dec 12, 2025 4:48:39 PM de.learnlib.logging.LearnLogger logQuery
INFO: [ε | id_request_v0 challenge_v0 success_request_with_credentials tlv_request eap_success id_request_v0 / ε | id_response_v0 challenge_response_v0 success_response_v0 tlv_success after_eap_success no_reply]
Dec 12, 2025 4:48:41 PM de.learnlib.logging.LearnLogger logQuery
INFO: [ε | id_request_v0 challenge_v0 success_request_with_credentials tlv_request eap_success challenge_v0 / ε | id_response_v0 challenge_response_v0 success_response_v0 tlv_success after_eap_success no_reply]
Dec 12, 2025 4:48:43 PM de.learnlib.logging.LearnLogger logQuery
INFO: [ε | id_request_v0 challenge_v0 success_request_with_credentials tlv_request eap_success tlv_request / ε | id_response_v0 challenge_response_v0 success_response_v0 tlv_success after_eap_success no_reply]
Dec 12, 2025 4:48:43 PM de.learnlib.logging.LearnLogger logQuery
INFO: DB CACHE [ε | id_request_v0 challenge_v0 success_request_with_credentials success_and_cryptobinding eap_success /  id_response_v0 challenge_response_v0 success_response_v0 tlv_success_and_cryptobinding after_eap_success]
Dec 12, 2025 4:48:45 PM de.learnlib.logging.LearnLogger logQuery
INFO: [ε | id_request_v0 challenge_v0 success_request_with_credentials success_and_cryptobinding eap_success id_request_v0 / ε | id_response_v0 challenge_response_v0 success_response_v0 tlv_success_and_cryptobinding after_eap_success no_reply]
Dec 12, 2025 4:48:47 PM de.learnlib.logging.LearnLogger logQuery
INFO: [ε | id_request_v0 challenge_v0 success_request_with_credentials success_and_cryptobinding eap_success challenge_v0 / ε | id_response_v0 challenge_response_v0 success_response_v0 tlv_success_and_cryptobinding after_eap_success no_reply]
Dec 12, 2025 4:48:49 PM de.learnlib.logging.LearnLogger logQuery
INFO: [ε | id_request_v0 challenge_v0 success_request_with_credentials success_and_cryptobinding eap_success tlv_request / ε | id_response_v0 challenge_response_v0 success_response_v0 tlv_success_and_cryptobinding after_eap_success no_reply]
Dec 12, 2025 4:48:49 PM de.learnlib.logging.LearnLogger logQuery
INFO: DB CACHE [ε | id_request_v0 challenge_v0 success_request_with_credentials eap_success eap_success /  id_response_v0 challenge_response_v0 success_response_v0 after_eap_success after_eap_success]
Dec 12, 2025 4:48:51 PM de.learnlib.logging.LearnLogger logQuery
INFO: [ε | id_request_v0 challenge_v0 success_request_with_credentials eap_success eap_success id_request_v0 / ε | id_response_v0 challenge_response_v0 success_response_v0 after_eap_success after_eap_success no_reply]
Dec 12, 2025 4:48:53 PM de.learnlib.logging.LearnLogger logQuery
INFO: [ε | id_request_v0 challenge_v0 success_request_with_credentials eap_success eap_success challenge_v0 / ε | id_response_v0 challenge_response_v0 success_response_v0 after_eap_success after_eap_success no_reply]
Dec 12, 2025 4:48:55 PM de.learnlib.logging.LearnLogger logQuery
INFO: [ε | id_request_v0 challenge_v0 success_request_with_credentials eap_success eap_success tlv_request / ε | id_response_v0 challenge_response_v0 success_response_v0 after_eap_success after_eap_success no_reply]
Dec 12, 2025 4:48:55 PM de.learnlib.logging.LearnLogger logQuery
INFO: DB CACHE [ε | id_request_v0 challenge_v0 success_request_with_credentials tlv_request 4_way_message_1 /  id_response_v0 challenge_response_v0 success_response_v0 tlv_success no_reply]
Dec 12, 2025 4:48:55 PM de.learnlib.logging.LearnLogger logQuery
INFO: DB CACHE [ε | id_request_v0 challenge_v0 success_request_with_credentials success_and_cryptobinding 4_way_message_1 /  id_response_v0 challenge_response_v0 success_response_v0 tlv_success_and_cryptobinding no_reply]
Dec 12, 2025 4:48:55 PM de.learnlib.logging.LearnLogger logQuery
INFO: DB CACHE [ε | id_request_v0 challenge_v0 success_request_with_credentials eap_success 4_way_message_1 /  id_response_v0 challenge_response_v0 success_response_v0 after_eap_success no_reply]
Dec 12, 2025 4:48:57 PM de.learnlib.logging.LearnLogger logQuery
INFO: [ε | id_request_v0 challenge_v0 eap_success eap_success tlv_failure / ε | id_response_v0 challenge_response_v0 after_eap_success after_eap_success no_reply]
Dec 12, 2025 4:48:59 PM de.learnlib.logging.LearnLogger logQuery
INFO: [ε | id_request_v0 challenge_v0 eap_success eap_success success_request_all_zeros / ε | id_response_v0 challenge_response_v0 after_eap_success after_eap_success no_reply]
Dec 12, 2025 4:49:01 PM de.learnlib.logging.LearnLogger logQuery
INFO: [ε | id_request_v0 challenge_v0 eap_success eap_success success_request_with_credentials / ε | id_response_v0 challenge_response_v0 after_eap_success after_eap_success no_reply]
Dec 12, 2025 4:49:03 PM de.learnlib.logging.LearnLogger logQuery
INFO: [ε | id_request_v0 challenge_v0 eap_success eap_success success_and_cryptobinding / ε | id_response_v0 challenge_response_v0 after_eap_success after_eap_success no_reply]
Dec 12, 2025 4:49:05 PM de.learnlib.logging.LearnLogger logQuery
INFO: [ε | id_request_v0 challenge_v0 eap_success eap_success cryptobinding / ε | id_response_v0 challenge_response_v0 after_eap_success after_eap_success no_reply]
Dec 12, 2025 4:49:07 PM de.learnlib.logging.LearnLogger logQuery
INFO: [ε | id_request_v0 challenge_v0 eap_success eap_success eap_success / ε | id_response_v0 challenge_response_v0 after_eap_success after_eap_success after_eap_success]
Dec 12, 2025 4:49:09 PM de.learnlib.logging.LearnLogger logQuery
INFO: [ε | id_request_v0 challenge_v0 eap_success eap_success eap_success id_request_v0 / ε | id_response_v0 challenge_response_v0 after_eap_success after_eap_success after_eap_success no_reply]
Dec 12, 2025 4:49:11 PM de.learnlib.logging.LearnLogger logQuery
INFO: [ε | id_request_v0 challenge_v0 eap_success eap_success eap_success challenge_v0 / ε | id_response_v0 challenge_response_v0 after_eap_success after_eap_success after_eap_success no_reply]
Dec 12, 2025 4:49:14 PM de.learnlib.logging.LearnLogger logQuery
INFO: [ε | id_request_v0 challenge_v0 eap_success eap_success eap_success tlv_request / ε | id_response_v0 challenge_response_v0 after_eap_success after_eap_success after_eap_success no_reply]
Dec 12, 2025 4:49:16 PM de.learnlib.logging.LearnLogger logQuery
INFO: [ε | id_request_v0 challenge_v0 eap_success eap_success 4_way_message_1 / ε | id_response_v0 challenge_response_v0 after_eap_success after_eap_success no_reply]
Dec 12, 2025 4:49:17 PM de.learnlib.logging.LearnLogger logQuery
INFO: [ε | id_request_v0 challenge_v0 success_request_with_credentials tlv_request eap_success tlv_failure / ε | id_response_v0 challenge_response_v0 success_response_v0 tlv_success after_eap_success no_reply]
Dec 12, 2025 4:49:19 PM de.learnlib.logging.LearnLogger logQuery
INFO: [ε | id_request_v0 challenge_v0 success_request_with_credentials tlv_request eap_success success_request_all_zeros / ε | id_response_v0 challenge_response_v0 success_response_v0 tlv_success after_eap_success no_reply]
Dec 12, 2025 4:49:21 PM de.learnlib.logging.LearnLogger logQuery
INFO: [ε | id_request_v0 challenge_v0 success_request_with_credentials tlv_request eap_success success_request_with_credentials / ε | id_response_v0 challenge_response_v0 success_response_v0 tlv_success after_eap_success no_reply]
Dec 12, 2025 4:49:23 PM de.learnlib.logging.LearnLogger logQuery
INFO: [ε | id_request_v0 challenge_v0 success_request_with_credentials tlv_request eap_success success_and_cryptobinding / ε | id_response_v0 challenge_response_v0 success_response_v0 tlv_success after_eap_success no_reply]
Dec 12, 2025 4:49:25 PM de.learnlib.logging.LearnLogger logQuery
INFO: [ε | id_request_v0 challenge_v0 success_request_with_credentials tlv_request eap_success cryptobinding / ε | id_response_v0 challenge_response_v0 success_response_v0 tlv_success after_eap_success no_reply]
Dec 12, 2025 4:49:27 PM de.learnlib.logging.LearnLogger logQuery
INFO: [ε | id_request_v0 challenge_v0 success_request_with_credentials tlv_request eap_success eap_success / ε | id_response_v0 challenge_response_v0 success_response_v0 tlv_success after_eap_success after_eap_success]
Dec 12, 2025 4:49:29 PM de.learnlib.logging.LearnLogger logQuery
INFO: [ε | id_request_v0 challenge_v0 success_request_with_credentials tlv_request eap_success eap_success id_request_v0 / ε | id_response_v0 challenge_response_v0 success_response_v0 tlv_success after_eap_success after_eap_success no_reply]
Dec 12, 2025 4:49:31 PM de.learnlib.logging.LearnLogger logQuery
INFO: [ε | id_request_v0 challenge_v0 success_request_with_credentials tlv_request eap_success eap_success challenge_v0 / ε | id_response_v0 challenge_response_v0 success_response_v0 tlv_success after_eap_success after_eap_success no_reply]
Dec 12, 2025 4:49:33 PM de.learnlib.logging.LearnLogger logQuery
INFO: [ε | id_request_v0 challenge_v0 success_request_with_credentials tlv_request eap_success eap_success tlv_request / ε | id_response_v0 challenge_response_v0 success_response_v0 tlv_success after_eap_success after_eap_success no_reply]
Dec 12, 2025 4:49:34 PM de.learnlib.logging.LearnLogger logQuery
INFO: [ε | id_request_v0 challenge_v0 success_request_with_credentials tlv_request eap_success 4_way_message_1 / ε | id_response_v0 challenge_response_v0 success_response_v0 tlv_success after_eap_success 4_way_message_2]
Dec 12, 2025 4:49:36 PM de.learnlib.logging.LearnLogger logQuery
INFO: [ε | id_request_v0 challenge_v0 success_request_with_credentials tlv_request eap_success 4_way_message_1 / ε | id_response_v0 challenge_response_v0 success_response_v0 tlv_success after_eap_success 4_way_message_2]
Dec 12, 2025 4:49:38 PM de.learnlib.logging.LearnLogger logQuery
INFO: [ε | id_request_v0 challenge_v0 success_request_with_credentials tlv_request eap_success 4_way_message_1 / ε | id_response_v0 challenge_response_v0 success_response_v0 tlv_success after_eap_success 4_way_message_2]
Dec 12, 2025 4:50:00 PM de.learnlib.logging.LearnLogger logQuery
INFO: [ε | id_request_v0 id_request_v0 id_request_v0 eap_success 4_way_message_1 / ε | id_response_v0 nak nak after_eap_success no_reply]
Dec 12, 2025 4:50:02 PM de.learnlib.logging.LearnLogger logQuery
INFO: [ε | id_request_v0 id_request_v0 challenge_v0 eap_success 4_way_message_1 / ε | id_response_v0 nak challenge_response_v0 after_eap_success no_reply]
Dec 12, 2025 4:50:04 PM de.learnlib.logging.LearnLogger logQuery
INFO: [ε | id_request_v0 id_request_v0 eap_success eap_success 4_way_message_1 / ε | id_response_v0 nak after_eap_success after_eap_success no_reply]
Dec 12, 2025 4:50:06 PM de.learnlib.logging.LearnLogger logQuery
INFO: [ε | id_request_v0 eap_success eap_success eap_success 4_way_message_1 / ε | id_response_v0 after_eap_success after_eap_success after_eap_success no_reply]
Dec 12, 2025 4:50:09 PM de.learnlib.logging.LearnLogger logQuery
INFO: [ε | eap_success eap_success eap_success eap_success 4_way_message_1 / ε | after_eap_success after_eap_success after_eap_success after_eap_success no_reply]
Dec 12, 2025 4:50:10 PM de.learnlib.logging.LearnLogger logQuery
INFO: [ε | id_request_v0 id_request_v0 id_request_v0 id_request_v0 4_way_message_1 / ε | id_response_v0 nak nak nak no_reply]
Dec 12, 2025 4:50:12 PM de.learnlib.logging.LearnLogger logQuery
INFO: [ε | id_request_v0 id_request_v0 id_request_v0 id_request_v0 eap_success 4_way_message_1 / ε | id_response_v0 nak nak nak after_eap_success no_reply]
Dec 12, 2025 4:50:14 PM de.learnlib.logging.LearnLogger logQuery
INFO: [ε | id_request_v0 id_request_v0 id_request_v0 challenge_v0 4_way_message_1 / ε | id_response_v0 nak nak challenge_response_v0 no_reply]
Dec 12, 2025 4:50:16 PM de.learnlib.logging.LearnLogger logQuery
INFO: [ε | id_request_v0 id_request_v0 id_request_v0 challenge_v0 eap_success 4_way_message_1 / ε | id_response_v0 nak nak challenge_response_v0 after_eap_success no_reply]
Dec 12, 2025 4:50:18 PM de.learnlib.logging.LearnLogger logQuery
INFO: [ε | id_request_v0 id_request_v0 challenge_v0 success_request_with_credentials 4_way_message_1 / ε | id_response_v0 nak challenge_response_v0 success_response_v0 no_reply]
Dec 12, 2025 4:50:20 PM de.learnlib.logging.LearnLogger logQuery
INFO: [ε | id_request_v0 id_request_v0 challenge_v0 success_request_with_credentials eap_success 4_way_message_1 / ε | id_response_v0 nak challenge_response_v0 success_response_v0 after_eap_success no_reply]
Dec 12, 2025 4:50:22 PM de.learnlib.logging.LearnLogger logQuery
INFO: [ε | id_request_v0 id_request_v0 id_request_v0 eap_success eap_success 4_way_message_1 / ε | id_response_v0 nak nak after_eap_success after_eap_success no_reply]
Dec 12, 2025 4:50:24 PM de.learnlib.logging.LearnLogger logQuery
INFO: [ε | id_request_v0 id_request_v0 challenge_v0 eap_success eap_success 4_way_message_1 / ε | id_response_v0 nak challenge_response_v0 after_eap_success after_eap_success no_reply]
Dec 12, 2025 4:50:27 PM de.learnlib.logging.LearnLogger logQuery
INFO: [ε | id_request_v0 id_request_v0 eap_success eap_success eap_success 4_way_message_1 / ε | id_response_v0 nak after_eap_success after_eap_success after_eap_success no_reply]
Dec 12, 2025 4:50:27 PM de.learnlib.logging.LearnLogger logQuery
INFO: DB CACHE [ε | id_request_v0 challenge_v0 success_request_with_credentials success_and_cryptobinding eap_success 4_way_message_1 /  id_response_v0 challenge_response_v0 success_response_v0 tlv_success_and_cryptobinding after_eap_success 4_way_message_2]
Dec 12, 2025 4:50:27 PM de.learnlib.logging.LearnLogger logQuery
INFO: DB CACHE [ε | id_request_v0 challenge_v0 success_request_with_credentials eap_success eap_success 4_way_message_1 /  id_response_v0 challenge_response_v0 success_response_v0 after_eap_success after_eap_success no_reply]
Dec 12, 2025 4:50:29 PM de.learnlib.logging.LearnLogger logQuery
INFO: [ε | id_request_v0 challenge_v0 eap_success eap_success eap_success 4_way_message_1 / ε | id_response_v0 challenge_response_v0 after_eap_success after_eap_success after_eap_success no_reply]
Dec 12, 2025 4:50:32 PM de.learnlib.logging.LearnLogger logQuery
INFO: [ε | id_request_v0 eap_success eap_success eap_success eap_success 4_way_message_1 / ε | id_response_v0 after_eap_success after_eap_success after_eap_success after_eap_success no_reply]
Dec 12, 2025 4:50:34 PM de.learnlib.logging.LearnLogger logQuery
INFO: [ε | eap_success eap_success eap_success eap_success eap_success 4_way_message_1 / ε | after_eap_success after_eap_success after_eap_success after_eap_success after_eap_success no_reply]
Dec 12, 2025 4:50:35 PM de.learnlib.logging.LearnLogger logQuery
INFO: DB CACHE [ε | id_request_v0 challenge_v0 success_request_with_credentials tlv_request eap_success eap_success 4_way_message_1 /  id_response_v0 challenge_response_v0 success_response_v0 tlv_success after_eap_success after_eap_success 4_way_message_2]
Dec 12, 2025 4:50:36 PM de.learnlib.logging.LearnLogger logQuery
INFO: [ε | id_request_v0 challenge_v0 success_request_with_credentials success_and_cryptobinding eap_success eap_success 4_way_message_1 / ε | id_response_v0 challenge_response_v0 success_response_v0 tlv_success_and_cryptobinding after_eap_success after_eap_success 4_way_message_2]
Dec 12, 2025 4:50:39 PM de.learnlib.logging.LearnLogger logQuery
INFO: [ε | id_request_v0 challenge_v0 success_request_with_credentials eap_success eap_success eap_success 4_way_message_1 / ε | id_response_v0 challenge_response_v0 success_response_v0 after_eap_success after_eap_success after_eap_success no_reply]
Dec 12, 2025 4:50:41 PM de.learnlib.logging.LearnLogger logQuery
INFO: [ε | id_request_v0 challenge_v0 eap_success eap_success eap_success eap_success 4_way_message_1 / ε | id_response_v0 challenge_response_v0 after_eap_success after_eap_success after_eap_success after_eap_success no_reply]
Dec 12, 2025 4:50:42 PM de.learnlib.logging.LearnLogger logQuery
INFO: DB CACHE [ε | id_request_v0 challenge_v0 success_request_with_credentials tlv_request eap_success eap_success eap_success 4_way_message_1 /  id_response_v0 challenge_response_v0 success_response_v0 tlv_success after_eap_success after_eap_success after_eap_success 4_way_message_2]
Dec 12, 2025 4:50:43 PM de.learnlib.logging.LearnLogger logQuery
INFO: [ε | id_request_v0 challenge_v0 success_request_with_credentials success_and_cryptobinding eap_success tlv_failure / ε | id_response_v0 challenge_response_v0 success_response_v0 tlv_success_and_cryptobinding after_eap_success no_reply]
Dec 12, 2025 4:50:45 PM de.learnlib.logging.LearnLogger logQuery
INFO: [ε | id_request_v0 challenge_v0 success_request_with_credentials success_and_cryptobinding eap_success success_request_all_zeros / ε | id_response_v0 challenge_response_v0 success_response_v0 tlv_success_and_cryptobinding after_eap_success no_reply]
Dec 12, 2025 4:50:47 PM de.learnlib.logging.LearnLogger logQuery
INFO: [ε | id_request_v0 challenge_v0 success_request_with_credentials success_and_cryptobinding eap_success success_request_with_credentials / ε | id_response_v0 challenge_response_v0 success_response_v0 tlv_success_and_cryptobinding after_eap_success no_reply]
Dec 12, 2025 4:50:49 PM de.learnlib.logging.LearnLogger logQuery
INFO: [ε | id_request_v0 challenge_v0 success_request_with_credentials success_and_cryptobinding eap_success success_and_cryptobinding / ε | id_response_v0 challenge_response_v0 success_response_v0 tlv_success_and_cryptobinding after_eap_success no_reply]
Dec 12, 2025 4:50:51 PM de.learnlib.logging.LearnLogger logQuery
INFO: [ε | id_request_v0 challenge_v0 success_request_with_credentials success_and_cryptobinding eap_success cryptobinding / ε | id_response_v0 challenge_response_v0 success_response_v0 tlv_success_and_cryptobinding after_eap_success no_reply]
Dec 12, 2025 4:50:53 PM de.learnlib.logging.LearnLogger logQuery
INFO: [ε | id_request_v0 challenge_v0 success_request_with_credentials success_and_cryptobinding eap_success eap_success id_request_v0 / ε | id_response_v0 challenge_response_v0 success_response_v0 tlv_success_and_cryptobinding after_eap_success after_eap_success no_reply]
Dec 12, 2025 4:50:55 PM de.learnlib.logging.LearnLogger logQuery
INFO: [ε | id_request_v0 challenge_v0 success_request_with_credentials success_and_cryptobinding eap_success eap_success challenge_v0 / ε | id_response_v0 challenge_response_v0 success_response_v0 tlv_success_and_cryptobinding after_eap_success after_eap_success no_reply]
Dec 12, 2025 4:50:57 PM de.learnlib.logging.LearnLogger logQuery
INFO: [ε | id_request_v0 challenge_v0 success_request_with_credentials success_and_cryptobinding eap_success eap_success tlv_request / ε | id_response_v0 challenge_response_v0 success_response_v0 tlv_success_and_cryptobinding after_eap_success after_eap_success no_reply]
Dec 12, 2025 4:50:59 PM de.learnlib.logging.LearnLogger logQuery
INFO: [ε | id_request_v0 challenge_v0 success_request_with_credentials success_and_cryptobinding eap_success eap_success eap_success 4_way_message_1 / ε | id_response_v0 challenge_response_v0 success_response_v0 tlv_success_and_cryptobinding after_eap_success after_eap_success after_eap_success 4_way_message_2]
Dec 12, 2025 4:51:01 PM de.learnlib.logging.LearnLogger logQuery
INFO: [ε | id_request_v0 challenge_v0 success_request_with_credentials eap_success eap_success tlv_failure / ε | id_response_v0 challenge_response_v0 success_response_v0 after_eap_success after_eap_success no_reply]
Dec 12, 2025 4:51:03 PM de.learnlib.logging.LearnLogger logQuery
INFO: [ε | id_request_v0 challenge_v0 success_request_with_credentials eap_success eap_success success_request_all_zeros / ε | id_response_v0 challenge_response_v0 success_response_v0 after_eap_success after_eap_success no_reply]
Dec 12, 2025 4:51:05 PM de.learnlib.logging.LearnLogger logQuery
INFO: [ε | id_request_v0 challenge_v0 success_request_with_credentials eap_success eap_success success_request_with_credentials / ε | id_response_v0 challenge_response_v0 success_response_v0 after_eap_success after_eap_success no_reply]
Dec 12, 2025 4:51:07 PM de.learnlib.logging.LearnLogger logQuery
INFO: [ε | id_request_v0 challenge_v0 success_request_with_credentials eap_success eap_success success_and_cryptobinding / ε | id_response_v0 challenge_response_v0 success_response_v0 after_eap_success after_eap_success no_reply]
Dec 12, 2025 4:51:09 PM de.learnlib.logging.LearnLogger logQuery
INFO: [ε | id_request_v0 challenge_v0 success_request_with_credentials eap_success eap_success cryptobinding / ε | id_response_v0 challenge_response_v0 success_response_v0 after_eap_success after_eap_success no_reply]
Dec 12, 2025 4:51:12 PM de.learnlib.logging.LearnLogger logQuery
INFO: [ε | id_request_v0 challenge_v0 success_request_with_credentials eap_success eap_success eap_success id_request_v0 / ε | id_response_v0 challenge_response_v0 success_response_v0 after_eap_success after_eap_success after_eap_success no_reply]
Dec 12, 2025 4:51:14 PM de.learnlib.logging.LearnLogger logQuery
INFO: [ε | id_request_v0 challenge_v0 success_request_with_credentials eap_success eap_success eap_success challenge_v0 / ε | id_response_v0 challenge_response_v0 success_response_v0 after_eap_success after_eap_success after_eap_success no_reply]
Dec 12, 2025 4:51:16 PM de.learnlib.logging.LearnLogger logQuery
INFO: [ε | id_request_v0 challenge_v0 success_request_with_credentials eap_success eap_success eap_success tlv_request / ε | id_response_v0 challenge_response_v0 success_response_v0 after_eap_success after_eap_success after_eap_success no_reply]
Dec 12, 2025 4:51:19 PM de.learnlib.logging.LearnLogger logQuery
INFO: [ε | id_request_v0 challenge_v0 success_request_with_credentials eap_success eap_success eap_success eap_success 4_way_message_1 / ε | id_response_v0 challenge_response_v0 success_response_v0 after_eap_success after_eap_success after_eap_success after_eap_success no_reply]
Dec 12, 2025 4:51:19 PM de.learnlib.logging.LearnLogger logQuery
INFO: DB CACHE [ε | id_request_v0 challenge_v0 success_request_with_credentials tlv_request eap_success eap_success tlv_failure /  id_response_v0 challenge_response_v0 success_response_v0 tlv_success after_eap_success after_eap_success no_reply]
Dec 12, 2025 4:51:19 PM de.learnlib.logging.LearnLogger logQuery
INFO: DB CACHE [ε | id_request_v0 challenge_v0 success_request_with_credentials tlv_request eap_success eap_success success_request_all_zeros /  id_response_v0 challenge_response_v0 success_response_v0 tlv_success after_eap_success after_eap_success no_reply]
Dec 12, 2025 4:51:19 PM de.learnlib.logging.LearnLogger logQuery
INFO: DB CACHE [ε | id_request_v0 challenge_v0 success_request_with_credentials tlv_request eap_success eap_success success_request_with_credentials /  id_response_v0 challenge_response_v0 success_response_v0 tlv_success after_eap_success after_eap_success no_reply]
Dec 12, 2025 4:51:19 PM de.learnlib.logging.LearnLogger logQuery
INFO: DB CACHE [ε | id_request_v0 challenge_v0 success_request_with_credentials tlv_request eap_success eap_success success_and_cryptobinding /  id_response_v0 challenge_response_v0 success_response_v0 tlv_success after_eap_success after_eap_success no_reply]
Dec 12, 2025 4:51:19 PM de.learnlib.logging.LearnLogger logQuery
INFO: DB CACHE [ε | id_request_v0 challenge_v0 success_request_with_credentials tlv_request eap_success eap_success cryptobinding /  id_response_v0 challenge_response_v0 success_response_v0 tlv_success after_eap_success after_eap_success no_reply]
Dec 12, 2025 4:51:21 PM de.learnlib.logging.LearnLogger logQuery
INFO: [ε | id_request_v0 challenge_v0 success_request_with_credentials tlv_request eap_success eap_success eap_success id_request_v0 / ε | id_response_v0 challenge_response_v0 success_response_v0 tlv_success after_eap_success after_eap_success after_eap_success no_reply]
Dec 12, 2025 4:51:24 PM de.learnlib.logging.LearnLogger logQuery
INFO: [ε | id_request_v0 challenge_v0 success_request_with_credentials tlv_request eap_success eap_success eap_success challenge_v0 / ε | id_response_v0 challenge_response_v0 success_response_v0 tlv_success after_eap_success after_eap_success after_eap_success no_reply]
Dec 12, 2025 4:51:26 PM de.learnlib.logging.LearnLogger logQuery
INFO: [ε | id_request_v0 challenge_v0 success_request_with_credentials tlv_request eap_success eap_success eap_success tlv_request / ε | id_response_v0 challenge_response_v0 success_response_v0 tlv_success after_eap_success after_eap_success after_eap_success no_reply]
Dec 12, 2025 4:51:28 PM de.learnlib.logging.LearnLogger logQuery
INFO: [ε | id_request_v0 challenge_v0 success_request_with_credentials tlv_request eap_success eap_success eap_success eap_success 4_way_message_1 / ε | id_response_v0 challenge_response_v0 success_response_v0 tlv_success after_eap_success after_eap_success after_eap_success after_eap_success 4_way_message_2]
Dec 12, 2025 4:51:31 PM de.learnlib.logging.LearnLogger logQuery
INFO: [ε | id_request_v0 challenge_v0 success_request_with_credentials tlv_request eap_success eap_success eap_success tlv_failure / ε | id_response_v0 challenge_response_v0 success_response_v0 tlv_success after_eap_success after_eap_success after_eap_success no_reply]
Dec 12, 2025 4:51:33 PM de.learnlib.logging.LearnLogger logQuery
INFO: [ε | id_request_v0 challenge_v0 success_request_with_credentials tlv_request eap_success eap_success eap_success success_request_all_zeros / ε | id_response_v0 challenge_response_v0 success_response_v0 tlv_success after_eap_success after_eap_success after_eap_success no_reply]
Dec 12, 2025 4:51:35 PM de.learnlib.logging.LearnLogger logQuery
INFO: [ε | id_request_v0 challenge_v0 success_request_with_credentials tlv_request eap_success eap_success eap_success success_request_with_credentials / ε | id_response_v0 challenge_response_v0 success_response_v0 tlv_success after_eap_success after_eap_success after_eap_success no_reply]
Dec 12, 2025 4:51:37 PM de.learnlib.logging.LearnLogger logQuery
INFO: [ε | id_request_v0 challenge_v0 success_request_with_credentials tlv_request eap_success eap_success eap_success success_and_cryptobinding / ε | id_response_v0 challenge_response_v0 success_response_v0 tlv_success after_eap_success after_eap_success after_eap_success no_reply]
Dec 12, 2025 4:51:40 PM de.learnlib.logging.LearnLogger logQuery
INFO: [ε | id_request_v0 challenge_v0 success_request_with_credentials tlv_request eap_success eap_success eap_success cryptobinding / ε | id_response_v0 challenge_response_v0 success_response_v0 tlv_success after_eap_success after_eap_success after_eap_success no_reply]
Dec 12, 2025 4:51:42 PM de.learnlib.logging.LearnLogger logQuery
INFO: [ε | id_request_v0 challenge_v0 success_request_with_credentials tlv_request eap_success eap_success eap_success eap_success id_request_v0 / ε | id_response_v0 challenge_response_v0 success_response_v0 tlv_success after_eap_success after_eap_success after_eap_success after_eap_success no_reply]
Dec 12, 2025 4:51:45 PM de.learnlib.logging.LearnLogger logQuery
INFO: [ε | id_request_v0 challenge_v0 success_request_with_credentials tlv_request eap_success eap_success eap_success eap_success challenge_v0 / ε | id_response_v0 challenge_response_v0 success_response_v0 tlv_success after_eap_success after_eap_success after_eap_success after_eap_success no_reply]
Dec 12, 2025 4:51:47 PM de.learnlib.logging.LearnLogger logQuery
INFO: [ε | id_request_v0 challenge_v0 success_request_with_credentials tlv_request eap_success eap_success eap_success eap_success tlv_request / ε | id_response_v0 challenge_response_v0 success_response_v0 tlv_success after_eap_success after_eap_success after_eap_success after_eap_success no_reply]
Dec 12, 2025 4:51:50 PM de.learnlib.logging.LearnLogger logQuery
INFO: [ε | id_request_v0 challenge_v0 success_request_with_credentials tlv_request eap_success eap_success eap_success eap_success eap_success 4_way_message_1 / ε | id_response_v0 challenge_response_v0 success_response_v0 tlv_success after_eap_success after_eap_success after_eap_success after_eap_success after_eap_success 4_way_message_2]
