Apr 02, 2026 3:59:35 PM de.learnlib.logging.LearnLogger logQuery
INFO: [ε | 4_way_message_1 4_way_message_1 / ε | deauthentication -]
Apr 02, 2026 3:59:38 PM de.learnlib.logging.LearnLogger logQuery
INFO: [ε | 4_way_message_1 eap_success / ε | deauthentication -]
Apr 02, 2026 3:59:40 PM de.learnlib.logging.LearnLogger logQuery
INFO: [ε | 4_way_message_1 inner_failure / ε | deauthentication -]
Apr 02, 2026 3:59:43 PM de.learnlib.logging.LearnLogger logQuery
INFO: [ε | 4_way_message_1 inner_success / ε | deauthentication -]
Apr 02, 2026 3:59:45 PM de.learnlib.logging.LearnLogger logQuery
INFO: [ε | 4_way_message_1 success_request_with_credentials_v1 / ε | deauthentication -]
Apr 02, 2026 3:59:48 PM de.learnlib.logging.LearnLogger logQuery
INFO: [ε | 4_way_message_1 success_request_all_zeros_v1 / ε | deauthentication -]
Apr 02, 2026 3:59:50 PM de.learnlib.logging.LearnLogger logQuery
INFO: [ε | 4_way_message_1 challenge_v1 / ε | deauthentication -]
Apr 02, 2026 3:59:53 PM de.learnlib.logging.LearnLogger logQuery
INFO: [ε | 4_way_message_1 id_request_v1 / ε | deauthentication -]
Apr 02, 2026 3:59:55 PM de.learnlib.logging.LearnLogger logQuery
INFO: [ε | eap_success 4_way_message_1 / ε | deauthentication -]
Apr 02, 2026 3:59:57 PM de.learnlib.logging.LearnLogger logQuery
INFO: [ε | eap_success eap_success / ε | deauthentication -]
Apr 02, 2026 4:00:00 PM de.learnlib.logging.LearnLogger logQuery
INFO: [ε | eap_success inner_failure / ε | deauthentication -]
Apr 02, 2026 4:00:02 PM de.learnlib.logging.LearnLogger logQuery
INFO: [ε | eap_success inner_success / ε | deauthentication -]
Apr 02, 2026 4:00:05 PM de.learnlib.logging.LearnLogger logQuery
INFO: [ε | eap_success success_request_with_credentials_v1 / ε | deauthentication -]
Apr 02, 2026 4:00:07 PM de.learnlib.logging.LearnLogger logQuery
INFO: [ε | eap_success success_request_all_zeros_v1 / ε | deauthentication -]
Apr 02, 2026 4:00:10 PM de.learnlib.logging.LearnLogger logQuery
INFO: [ε | eap_success challenge_v1 / ε | deauthentication -]
Apr 02, 2026 4:00:12 PM de.learnlib.logging.LearnLogger logQuery
INFO: [ε | eap_success id_request_v1 / ε | deauthentication -]
Apr 02, 2026 4:00:14 PM de.learnlib.logging.LearnLogger logQuery
INFO: [ε | inner_failure 4_way_message_1 / ε | inner_failure_response -]
Apr 02, 2026 4:00:17 PM de.learnlib.logging.LearnLogger logQuery
INFO: [ε | inner_failure eap_success / ε | inner_failure_response -]
Apr 02, 2026 4:00:19 PM de.learnlib.logging.LearnLogger logQuery
INFO: [ε | inner_failure inner_failure / ε | inner_failure_response -]
Apr 02, 2026 4:00:21 PM de.learnlib.logging.LearnLogger logQuery
INFO: [ε | inner_failure inner_success / ε | inner_failure_response -]
Apr 02, 2026 4:00:24 PM de.learnlib.logging.LearnLogger logQuery
INFO: [ε | inner_failure success_request_with_credentials_v1 / ε | inner_failure_response -]
Apr 02, 2026 4:00:26 PM de.learnlib.logging.LearnLogger logQuery
INFO: [ε | inner_failure success_request_all_zeros_v1 / ε | inner_failure_response -]
Apr 02, 2026 4:00:28 PM de.learnlib.logging.LearnLogger logQuery
INFO: [ε | inner_failure challenge_v1 / ε | inner_failure_response -]
Apr 02, 2026 4:00:31 PM de.learnlib.logging.LearnLogger logQuery
INFO: [ε | inner_failure id_request_v1 / ε | inner_failure_response -]
Apr 02, 2026 4:00:33 PM de.learnlib.logging.LearnLogger logQuery
INFO: [ε | inner_success 4_way_message_1 / ε | deauthentication -]
Apr 02, 2026 4:00:35 PM de.learnlib.logging.LearnLogger logQuery
INFO: [ε | inner_success eap_success / ε | deauthentication -]
Apr 02, 2026 4:00:38 PM de.learnlib.logging.LearnLogger logQuery
INFO: [ε | inner_success inner_failure / ε | deauthentication -]
Apr 02, 2026 4:00:40 PM de.learnlib.logging.LearnLogger logQuery
INFO: [ε | inner_success inner_success / ε | deauthentication -]
Apr 02, 2026 4:00:42 PM de.learnlib.logging.LearnLogger logQuery
INFO: [ε | inner_success success_request_with_credentials_v1 / ε | deauthentication -]
Apr 02, 2026 4:00:45 PM de.learnlib.logging.LearnLogger logQuery
INFO: [ε | inner_success success_request_all_zeros_v1 / ε | deauthentication -]
Apr 02, 2026 4:00:47 PM de.learnlib.logging.LearnLogger logQuery
INFO: [ε | inner_success challenge_v1 / ε | deauthentication -]
Apr 02, 2026 4:00:50 PM de.learnlib.logging.LearnLogger logQuery
INFO: [ε | inner_success id_request_v1 / ε | deauthentication -]
Apr 02, 2026 4:00:52 PM de.learnlib.logging.LearnLogger logQuery
INFO: [ε | success_request_with_credentials_v1 4_way_message_1 / ε | no_reply -]
Apr 02, 2026 4:00:55 PM de.learnlib.logging.LearnLogger logQuery
INFO: [ε | success_request_with_credentials_v1 eap_success / ε | no_reply -]
Apr 02, 2026 4:00:57 PM de.learnlib.logging.LearnLogger logQuery
INFO: [ε | success_request_with_credentials_v1 inner_failure / ε | no_reply -]
Apr 02, 2026 4:01:00 PM de.learnlib.logging.LearnLogger logQuery
INFO: [ε | success_request_with_credentials_v1 inner_success / ε | no_reply -]
Apr 02, 2026 4:01:02 PM de.learnlib.logging.LearnLogger logQuery
INFO: [ε | success_request_with_credentials_v1 success_request_with_credentials_v1 / ε | no_reply -]
Apr 02, 2026 4:01:05 PM de.learnlib.logging.LearnLogger logQuery
INFO: [ε | success_request_with_credentials_v1 success_request_all_zeros_v1 / ε | no_reply -]
Apr 02, 2026 4:01:07 PM de.learnlib.logging.LearnLogger logQuery
INFO: [ε | success_request_with_credentials_v1 challenge_v1 / ε | no_reply -]
Apr 02, 2026 4:01:10 PM de.learnlib.logging.LearnLogger logQuery
INFO: [ε | success_request_with_credentials_v1 id_request_v1 / ε | no_reply -]
Apr 02, 2026 4:01:12 PM de.learnlib.logging.LearnLogger logQuery
INFO: [ε | success_request_all_zeros_v1 4_way_message_1 / ε | no_reply -]
Apr 02, 2026 4:01:15 PM de.learnlib.logging.LearnLogger logQuery
INFO: [ε | success_request_all_zeros_v1 eap_success / ε | no_reply -]
Apr 02, 2026 4:01:18 PM de.learnlib.logging.LearnLogger logQuery
INFO: [ε | success_request_all_zeros_v1 inner_failure / ε | no_reply -]
Apr 02, 2026 4:01:20 PM de.learnlib.logging.LearnLogger logQuery
INFO: [ε | success_request_all_zeros_v1 inner_success / ε | no_reply -]
Apr 02, 2026 4:01:23 PM de.learnlib.logging.LearnLogger logQuery
INFO: [ε | success_request_all_zeros_v1 success_request_with_credentials_v1 / ε | no_reply -]
Apr 02, 2026 4:01:25 PM de.learnlib.logging.LearnLogger logQuery
INFO: [ε | success_request_all_zeros_v1 success_request_all_zeros_v1 / ε | no_reply -]
Apr 02, 2026 4:01:28 PM de.learnlib.logging.LearnLogger logQuery
INFO: [ε | success_request_all_zeros_v1 challenge_v1 / ε | no_reply -]
Apr 02, 2026 4:01:30 PM de.learnlib.logging.LearnLogger logQuery
INFO: [ε | success_request_all_zeros_v1 id_request_v1 / ε | no_reply -]
Apr 02, 2026 4:01:33 PM de.learnlib.logging.LearnLogger logQuery
INFO: [ε | challenge_v1 4_way_message_1 / ε | challenge_response_v1 deauthentication]
Apr 02, 2026 4:01:35 PM de.learnlib.logging.LearnLogger logQuery
INFO: [ε | challenge_v1 eap_success / ε | challenge_response_v1 deauthentication]
Apr 02, 2026 4:01:38 PM de.learnlib.logging.LearnLogger logQuery
INFO: [ε | challenge_v1 inner_failure / ε | challenge_response_v1 inner_failure_response]
Apr 02, 2026 4:01:40 PM de.learnlib.logging.LearnLogger logQuery
INFO: [ε | challenge_v1 inner_success / ε | challenge_response_v1 deauthentication]
Apr 02, 2026 4:01:43 PM de.learnlib.logging.LearnLogger logQuery
INFO: [ε | challenge_v1 success_request_with_credentials_v1 / ε | challenge_response_v1 success_response_v1]
Apr 02, 2026 4:01:46 PM de.learnlib.logging.LearnLogger logQuery
INFO: [ε | challenge_v1 success_request_all_zeros_v1 / ε | challenge_response_v1 no_reply]
Apr 02, 2026 4:01:48 PM de.learnlib.logging.LearnLogger logQuery
INFO: [ε | challenge_v1 challenge_v1 / ε | challenge_response_v1 challenge_response_v1]
Apr 02, 2026 4:01:50 PM de.learnlib.logging.LearnLogger logQuery
INFO: [ε | challenge_v1 id_request_v1 / ε | challenge_response_v1 id_response_v1]
Apr 02, 2026 4:01:53 PM de.learnlib.logging.LearnLogger logQuery
INFO: [ε | id_request_v1 4_way_message_1 / ε | id_response_v1 deauthentication]
Apr 02, 2026 4:01:56 PM de.learnlib.logging.LearnLogger logQuery
INFO: [ε | id_request_v1 eap_success / ε | id_response_v1 deauthentication]
Apr 02, 2026 4:01:58 PM de.learnlib.logging.LearnLogger logQuery
INFO: [ε | id_request_v1 inner_failure / ε | id_response_v1 inner_failure_response]
Apr 02, 2026 4:02:01 PM de.learnlib.logging.LearnLogger logQuery
INFO: [ε | id_request_v1 inner_success / ε | id_response_v1 deauthentication]
Apr 02, 2026 4:02:04 PM de.learnlib.logging.LearnLogger logQuery
INFO: [ε | id_request_v1 success_request_with_credentials_v1 / ε | id_response_v1 no_reply]
Apr 02, 2026 4:02:06 PM de.learnlib.logging.LearnLogger logQuery
INFO: [ε | id_request_v1 success_request_all_zeros_v1 / ε | id_response_v1 no_reply]
Apr 02, 2026 4:02:09 PM de.learnlib.logging.LearnLogger logQuery
INFO: [ε | id_request_v1 challenge_v1 / ε | id_response_v1 challenge_response_v1]
Apr 02, 2026 4:02:11 PM de.learnlib.logging.LearnLogger logQuery
INFO: [ε | id_request_v1 id_request_v1 / ε | id_response_v1 id_response_v1]
Apr 02, 2026 4:02:11 PM de.learnlib.logging.LearnLogger logQuery
INFO: DISABLED [ε | success_request_all_zeros_v1 4_way_message_1 4_way_message_1 /  no_reply - -]
Apr 02, 2026 4:02:11 PM de.learnlib.logging.LearnLogger logQuery
INFO: DISABLED [ε | success_request_all_zeros_v1 4_way_message_1 eap_success /  no_reply - -]
Apr 02, 2026 4:02:11 PM de.learnlib.logging.LearnLogger logQuery
INFO: DISABLED [ε | success_request_all_zeros_v1 4_way_message_1 inner_failure /  no_reply - -]
Apr 02, 2026 4:02:11 PM de.learnlib.logging.LearnLogger logQuery
INFO: DISABLED [ε | success_request_all_zeros_v1 4_way_message_1 inner_success /  no_reply - -]
Apr 02, 2026 4:02:11 PM de.learnlib.logging.LearnLogger logQuery
INFO: DISABLED [ε | success_request_all_zeros_v1 4_way_message_1 success_request_with_credentials_v1 /  no_reply - -]
Apr 02, 2026 4:02:11 PM de.learnlib.logging.LearnLogger logQuery
INFO: DISABLED [ε | success_request_all_zeros_v1 4_way_message_1 success_request_all_zeros_v1 /  no_reply - -]
Apr 02, 2026 4:02:11 PM de.learnlib.logging.LearnLogger logQuery
INFO: DISABLED [ε | success_request_all_zeros_v1 4_way_message_1 challenge_v1 /  no_reply - -]
Apr 02, 2026 4:02:11 PM de.learnlib.logging.LearnLogger logQuery
INFO: DISABLED [ε | success_request_all_zeros_v1 4_way_message_1 id_request_v1 /  no_reply - -]
Apr 02, 2026 4:02:11 PM de.learnlib.logging.LearnLogger logQuery
INFO: DISABLED [ε | success_request_all_zeros_v1 eap_success 4_way_message_1 /  no_reply - -]
Apr 02, 2026 4:02:11 PM de.learnlib.logging.LearnLogger logQuery
INFO: DISABLED [ε | success_request_all_zeros_v1 eap_success eap_success /  no_reply - -]
Apr 02, 2026 4:02:11 PM de.learnlib.logging.LearnLogger logQuery
INFO: DISABLED [ε | success_request_all_zeros_v1 eap_success inner_failure /  no_reply - -]
Apr 02, 2026 4:02:11 PM de.learnlib.logging.LearnLogger logQuery
INFO: DISABLED [ε | success_request_all_zeros_v1 eap_success inner_success /  no_reply - -]
Apr 02, 2026 4:02:11 PM de.learnlib.logging.LearnLogger logQuery
INFO: DISABLED [ε | success_request_all_zeros_v1 eap_success success_request_with_credentials_v1 /  no_reply - -]
Apr 02, 2026 4:02:11 PM de.learnlib.logging.LearnLogger logQuery
INFO: DISABLED [ε | success_request_all_zeros_v1 eap_success success_request_all_zeros_v1 /  no_reply - -]
Apr 02, 2026 4:02:11 PM de.learnlib.logging.LearnLogger logQuery
INFO: DISABLED [ε | success_request_all_zeros_v1 eap_success challenge_v1 /  no_reply - -]
Apr 02, 2026 4:02:11 PM de.learnlib.logging.LearnLogger logQuery
INFO: DISABLED [ε | success_request_all_zeros_v1 eap_success id_request_v1 /  no_reply - -]
Apr 02, 2026 4:02:11 PM de.learnlib.logging.LearnLogger logQuery
INFO: DISABLED [ε | success_request_all_zeros_v1 inner_failure 4_way_message_1 /  no_reply - -]
Apr 02, 2026 4:02:11 PM de.learnlib.logging.LearnLogger logQuery
INFO: DISABLED [ε | success_request_all_zeros_v1 inner_failure eap_success /  no_reply - -]
Apr 02, 2026 4:02:11 PM de.learnlib.logging.LearnLogger logQuery
INFO: DISABLED [ε | success_request_all_zeros_v1 inner_failure inner_failure /  no_reply - -]
Apr 02, 2026 4:02:11 PM de.learnlib.logging.LearnLogger logQuery
INFO: DISABLED [ε | success_request_all_zeros_v1 inner_failure inner_success /  no_reply - -]
Apr 02, 2026 4:02:11 PM de.learnlib.logging.LearnLogger logQuery
INFO: DISABLED [ε | success_request_all_zeros_v1 inner_failure success_request_with_credentials_v1 /  no_reply - -]
Apr 02, 2026 4:02:11 PM de.learnlib.logging.LearnLogger logQuery
INFO: DISABLED [ε | success_request_all_zeros_v1 inner_failure success_request_all_zeros_v1 /  no_reply - -]
Apr 02, 2026 4:02:11 PM de.learnlib.logging.LearnLogger logQuery
INFO: DISABLED [ε | success_request_all_zeros_v1 inner_failure challenge_v1 /  no_reply - -]
Apr 02, 2026 4:02:11 PM de.learnlib.logging.LearnLogger logQuery
INFO: DISABLED [ε | success_request_all_zeros_v1 inner_failure id_request_v1 /  no_reply - -]
Apr 02, 2026 4:02:11 PM de.learnlib.logging.LearnLogger logQuery
INFO: DISABLED [ε | success_request_all_zeros_v1 inner_success 4_way_message_1 /  no_reply - -]
Apr 02, 2026 4:02:11 PM de.learnlib.logging.LearnLogger logQuery
INFO: DISABLED [ε | success_request_all_zeros_v1 inner_success eap_success /  no_reply - -]
Apr 02, 2026 4:02:11 PM de.learnlib.logging.LearnLogger logQuery
INFO: DISABLED [ε | success_request_all_zeros_v1 inner_success inner_failure /  no_reply - -]
Apr 02, 2026 4:02:11 PM de.learnlib.logging.LearnLogger logQuery
INFO: DISABLED [ε | success_request_all_zeros_v1 inner_success inner_success /  no_reply - -]
Apr 02, 2026 4:02:11 PM de.learnlib.logging.LearnLogger logQuery
INFO: DISABLED [ε | success_request_all_zeros_v1 inner_success success_request_with_credentials_v1 /  no_reply - -]
Apr 02, 2026 4:02:11 PM de.learnlib.logging.LearnLogger logQuery
INFO: DISABLED [ε | success_request_all_zeros_v1 inner_success success_request_all_zeros_v1 /  no_reply - -]
Apr 02, 2026 4:02:11 PM de.learnlib.logging.LearnLogger logQuery
INFO: DISABLED [ε | success_request_all_zeros_v1 inner_success challenge_v1 /  no_reply - -]
Apr 02, 2026 4:02:11 PM de.learnlib.logging.LearnLogger logQuery
INFO: DISABLED [ε | success_request_all_zeros_v1 inner_success id_request_v1 /  no_reply - -]
Apr 02, 2026 4:02:11 PM de.learnlib.logging.LearnLogger logQuery
INFO: DISABLED [ε | success_request_all_zeros_v1 success_request_with_credentials_v1 4_way_message_1 /  no_reply - -]
Apr 02, 2026 4:02:11 PM de.learnlib.logging.LearnLogger logQuery
INFO: DISABLED [ε | success_request_all_zeros_v1 success_request_with_credentials_v1 eap_success /  no_reply - -]
Apr 02, 2026 4:02:11 PM de.learnlib.logging.LearnLogger logQuery
INFO: DISABLED [ε | success_request_all_zeros_v1 success_request_with_credentials_v1 inner_failure /  no_reply - -]
Apr 02, 2026 4:02:11 PM de.learnlib.logging.LearnLogger logQuery
INFO: DISABLED [ε | success_request_all_zeros_v1 success_request_with_credentials_v1 inner_success /  no_reply - -]
Apr 02, 2026 4:02:11 PM de.learnlib.logging.LearnLogger logQuery
INFO: DISABLED [ε | success_request_all_zeros_v1 success_request_with_credentials_v1 success_request_with_credentials_v1 /  no_reply - -]
Apr 02, 2026 4:02:11 PM de.learnlib.logging.LearnLogger logQuery
INFO: DISABLED [ε | success_request_all_zeros_v1 success_request_with_credentials_v1 success_request_all_zeros_v1 /  no_reply - -]
Apr 02, 2026 4:02:11 PM de.learnlib.logging.LearnLogger logQuery
INFO: DISABLED [ε | success_request_all_zeros_v1 success_request_with_credentials_v1 challenge_v1 /  no_reply - -]
Apr 02, 2026 4:02:11 PM de.learnlib.logging.LearnLogger logQuery
INFO: DISABLED [ε | success_request_all_zeros_v1 success_request_with_credentials_v1 id_request_v1 /  no_reply - -]
Apr 02, 2026 4:02:11 PM de.learnlib.logging.LearnLogger logQuery
INFO: DISABLED [ε | success_request_all_zeros_v1 success_request_all_zeros_v1 4_way_message_1 /  no_reply - -]
Apr 02, 2026 4:02:11 PM de.learnlib.logging.LearnLogger logQuery
INFO: DISABLED [ε | success_request_all_zeros_v1 success_request_all_zeros_v1 eap_success /  no_reply - -]
Apr 02, 2026 4:02:11 PM de.learnlib.logging.LearnLogger logQuery
INFO: DISABLED [ε | success_request_all_zeros_v1 success_request_all_zeros_v1 inner_failure /  no_reply - -]
Apr 02, 2026 4:02:11 PM de.learnlib.logging.LearnLogger logQuery
INFO: DISABLED [ε | success_request_all_zeros_v1 success_request_all_zeros_v1 inner_success /  no_reply - -]
Apr 02, 2026 4:02:11 PM de.learnlib.logging.LearnLogger logQuery
INFO: DISABLED [ε | success_request_all_zeros_v1 success_request_all_zeros_v1 success_request_with_credentials_v1 /  no_reply - -]
Apr 02, 2026 4:02:11 PM de.learnlib.logging.LearnLogger logQuery
INFO: DISABLED [ε | success_request_all_zeros_v1 success_request_all_zeros_v1 success_request_all_zeros_v1 /  no_reply - -]
Apr 02, 2026 4:02:11 PM de.learnlib.logging.LearnLogger logQuery
INFO: DISABLED [ε | success_request_all_zeros_v1 success_request_all_zeros_v1 challenge_v1 /  no_reply - -]
Apr 02, 2026 4:02:11 PM de.learnlib.logging.LearnLogger logQuery
INFO: DISABLED [ε | success_request_all_zeros_v1 success_request_all_zeros_v1 id_request_v1 /  no_reply - -]
Apr 02, 2026 4:02:11 PM de.learnlib.logging.LearnLogger logQuery
INFO: DISABLED [ε | success_request_all_zeros_v1 challenge_v1 4_way_message_1 /  no_reply - -]
Apr 02, 2026 4:02:11 PM de.learnlib.logging.LearnLogger logQuery
INFO: DISABLED [ε | success_request_all_zeros_v1 challenge_v1 eap_success /  no_reply - -]
Apr 02, 2026 4:02:11 PM de.learnlib.logging.LearnLogger logQuery
INFO: DISABLED [ε | success_request_all_zeros_v1 challenge_v1 inner_failure /  no_reply - -]
Apr 02, 2026 4:02:11 PM de.learnlib.logging.LearnLogger logQuery
INFO: DISABLED [ε | success_request_all_zeros_v1 challenge_v1 inner_success /  no_reply - -]
Apr 02, 2026 4:02:11 PM de.learnlib.logging.LearnLogger logQuery
INFO: DISABLED [ε | success_request_all_zeros_v1 challenge_v1 success_request_with_credentials_v1 /  no_reply - -]
Apr 02, 2026 4:02:11 PM de.learnlib.logging.LearnLogger logQuery
INFO: DISABLED [ε | success_request_all_zeros_v1 challenge_v1 success_request_all_zeros_v1 /  no_reply - -]
Apr 02, 2026 4:02:11 PM de.learnlib.logging.LearnLogger logQuery
INFO: DISABLED [ε | success_request_all_zeros_v1 challenge_v1 challenge_v1 /  no_reply - -]
Apr 02, 2026 4:02:11 PM de.learnlib.logging.LearnLogger logQuery
INFO: DISABLED [ε | success_request_all_zeros_v1 challenge_v1 id_request_v1 /  no_reply - -]
Apr 02, 2026 4:02:11 PM de.learnlib.logging.LearnLogger logQuery
INFO: DISABLED [ε | success_request_all_zeros_v1 id_request_v1 4_way_message_1 /  no_reply - -]
Apr 02, 2026 4:02:11 PM de.learnlib.logging.LearnLogger logQuery
INFO: DISABLED [ε | success_request_all_zeros_v1 id_request_v1 eap_success /  no_reply - -]
Apr 02, 2026 4:02:11 PM de.learnlib.logging.LearnLogger logQuery
INFO: DISABLED [ε | success_request_all_zeros_v1 id_request_v1 inner_failure /  no_reply - -]
Apr 02, 2026 4:02:11 PM de.learnlib.logging.LearnLogger logQuery
INFO: DISABLED [ε | success_request_all_zeros_v1 id_request_v1 inner_success /  no_reply - -]
Apr 02, 2026 4:02:11 PM de.learnlib.logging.LearnLogger logQuery
INFO: DISABLED [ε | success_request_all_zeros_v1 id_request_v1 success_request_with_credentials_v1 /  no_reply - -]
Apr 02, 2026 4:02:11 PM de.learnlib.logging.LearnLogger logQuery
INFO: DISABLED [ε | success_request_all_zeros_v1 id_request_v1 success_request_all_zeros_v1 /  no_reply - -]
Apr 02, 2026 4:02:11 PM de.learnlib.logging.LearnLogger logQuery
INFO: DISABLED [ε | success_request_all_zeros_v1 id_request_v1 challenge_v1 /  no_reply - -]
Apr 02, 2026 4:02:11 PM de.learnlib.logging.LearnLogger logQuery
INFO: DISABLED [ε | success_request_all_zeros_v1 id_request_v1 id_request_v1 /  no_reply - -]
Apr 02, 2026 4:02:11 PM de.learnlib.logging.LearnLogger logQuery
INFO: DB CACHE [ε | challenge_v1 4_way_message_1 4_way_message_1 /  challenge_response_v1 deauthentication -]
Apr 02, 2026 4:02:11 PM de.learnlib.logging.LearnLogger logQuery
INFO: DB CACHE [ε | challenge_v1 4_way_message_1 eap_success /  challenge_response_v1 deauthentication -]
Apr 02, 2026 4:02:11 PM de.learnlib.logging.LearnLogger logQuery
INFO: DB CACHE [ε | challenge_v1 4_way_message_1 inner_failure /  challenge_response_v1 deauthentication -]
Apr 02, 2026 4:02:11 PM de.learnlib.logging.LearnLogger logQuery
INFO: DB CACHE [ε | challenge_v1 4_way_message_1 inner_success /  challenge_response_v1 deauthentication -]
Apr 02, 2026 4:02:11 PM de.learnlib.logging.LearnLogger logQuery
INFO: DB CACHE [ε | challenge_v1 4_way_message_1 success_request_with_credentials_v1 /  challenge_response_v1 deauthentication -]
Apr 02, 2026 4:02:11 PM de.learnlib.logging.LearnLogger logQuery
INFO: DB CACHE [ε | challenge_v1 4_way_message_1 success_request_all_zeros_v1 /  challenge_response_v1 deauthentication -]
Apr 02, 2026 4:02:11 PM de.learnlib.logging.LearnLogger logQuery
INFO: DB CACHE [ε | challenge_v1 4_way_message_1 challenge_v1 /  challenge_response_v1 deauthentication -]
Apr 02, 2026 4:02:11 PM de.learnlib.logging.LearnLogger logQuery
INFO: DB CACHE [ε | challenge_v1 4_way_message_1 id_request_v1 /  challenge_response_v1 deauthentication -]
Apr 02, 2026 4:02:11 PM de.learnlib.logging.LearnLogger logQuery
INFO: DB CACHE [ε | challenge_v1 eap_success 4_way_message_1 /  challenge_response_v1 deauthentication -]
Apr 02, 2026 4:02:11 PM de.learnlib.logging.LearnLogger logQuery
INFO: DB CACHE [ε | challenge_v1 eap_success eap_success /  challenge_response_v1 deauthentication -]
Apr 02, 2026 4:02:11 PM de.learnlib.logging.LearnLogger logQuery
INFO: DB CACHE [ε | challenge_v1 eap_success inner_failure /  challenge_response_v1 deauthentication -]
Apr 02, 2026 4:02:11 PM de.learnlib.logging.LearnLogger logQuery
INFO: DB CACHE [ε | challenge_v1 eap_success inner_success /  challenge_response_v1 deauthentication -]
Apr 02, 2026 4:02:11 PM de.learnlib.logging.LearnLogger logQuery
INFO: DB CACHE [ε | challenge_v1 eap_success success_request_with_credentials_v1 /  challenge_response_v1 deauthentication -]
Apr 02, 2026 4:02:11 PM de.learnlib.logging.LearnLogger logQuery
INFO: DB CACHE [ε | challenge_v1 eap_success success_request_all_zeros_v1 /  challenge_response_v1 deauthentication -]
Apr 02, 2026 4:02:11 PM de.learnlib.logging.LearnLogger logQuery
INFO: DB CACHE [ε | challenge_v1 eap_success challenge_v1 /  challenge_response_v1 deauthentication -]
Apr 02, 2026 4:02:11 PM de.learnlib.logging.LearnLogger logQuery
INFO: DB CACHE [ε | challenge_v1 eap_success id_request_v1 /  challenge_response_v1 deauthentication -]
Apr 02, 2026 4:02:11 PM de.learnlib.logging.LearnLogger logQuery
INFO: DB CACHE [ε | challenge_v1 inner_failure 4_way_message_1 /  challenge_response_v1 inner_failure_response -]
Apr 02, 2026 4:02:11 PM de.learnlib.logging.LearnLogger logQuery
INFO: DB CACHE [ε | challenge_v1 inner_failure eap_success /  challenge_response_v1 inner_failure_response -]
Apr 02, 2026 4:02:11 PM de.learnlib.logging.LearnLogger logQuery
INFO: DB CACHE [ε | challenge_v1 inner_failure inner_failure /  challenge_response_v1 inner_failure_response -]
Apr 02, 2026 4:02:11 PM de.learnlib.logging.LearnLogger logQuery
INFO: DB CACHE [ε | challenge_v1 inner_failure inner_success /  challenge_response_v1 inner_failure_response -]
Apr 02, 2026 4:02:11 PM de.learnlib.logging.LearnLogger logQuery
INFO: DB CACHE [ε | challenge_v1 inner_failure success_request_with_credentials_v1 /  challenge_response_v1 inner_failure_response -]
Apr 02, 2026 4:02:11 PM de.learnlib.logging.LearnLogger logQuery
INFO: DB CACHE [ε | challenge_v1 inner_failure success_request_all_zeros_v1 /  challenge_response_v1 inner_failure_response -]
Apr 02, 2026 4:02:11 PM de.learnlib.logging.LearnLogger logQuery
INFO: DB CACHE [ε | challenge_v1 inner_failure challenge_v1 /  challenge_response_v1 inner_failure_response -]
Apr 02, 2026 4:02:11 PM de.learnlib.logging.LearnLogger logQuery
INFO: DB CACHE [ε | challenge_v1 inner_failure id_request_v1 /  challenge_response_v1 inner_failure_response -]
Apr 02, 2026 4:02:11 PM de.learnlib.logging.LearnLogger logQuery
INFO: DB CACHE [ε | challenge_v1 inner_success 4_way_message_1 /  challenge_response_v1 deauthentication -]
Apr 02, 2026 4:02:11 PM de.learnlib.logging.LearnLogger logQuery
INFO: DB CACHE [ε | challenge_v1 inner_success eap_success /  challenge_response_v1 deauthentication -]
Apr 02, 2026 4:02:11 PM de.learnlib.logging.LearnLogger logQuery
INFO: DB CACHE [ε | challenge_v1 inner_success inner_failure /  challenge_response_v1 deauthentication -]
Apr 02, 2026 4:02:11 PM de.learnlib.logging.LearnLogger logQuery
INFO: DB CACHE [ε | challenge_v1 inner_success inner_success /  challenge_response_v1 deauthentication -]
Apr 02, 2026 4:02:11 PM de.learnlib.logging.LearnLogger logQuery
INFO: DB CACHE [ε | challenge_v1 inner_success success_request_with_credentials_v1 /  challenge_response_v1 deauthentication -]
Apr 02, 2026 4:02:11 PM de.learnlib.logging.LearnLogger logQuery
INFO: DB CACHE [ε | challenge_v1 inner_success success_request_all_zeros_v1 /  challenge_response_v1 deauthentication -]
Apr 02, 2026 4:02:11 PM de.learnlib.logging.LearnLogger logQuery
INFO: DB CACHE [ε | challenge_v1 inner_success challenge_v1 /  challenge_response_v1 deauthentication -]
Apr 02, 2026 4:02:11 PM de.learnlib.logging.LearnLogger logQuery
INFO: DB CACHE [ε | challenge_v1 inner_success id_request_v1 /  challenge_response_v1 deauthentication -]
Apr 02, 2026 4:02:14 PM de.learnlib.logging.LearnLogger logQuery
INFO: [ε | challenge_v1 success_request_with_credentials_v1 4_way_message_1 / ε | challenge_response_v1 success_response_v1 deauthentication]
Apr 02, 2026 4:02:16 PM de.learnlib.logging.LearnLogger logQuery
INFO: [ε | challenge_v1 success_request_with_credentials_v1 eap_success / ε | challenge_response_v1 success_response_v1 deauthentication]
Apr 02, 2026 4:02:19 PM de.learnlib.logging.LearnLogger logQuery
INFO: [ε | challenge_v1 success_request_with_credentials_v1 inner_failure / ε | challenge_response_v1 success_response_v1 inner_failure_response]
Apr 02, 2026 4:02:22 PM de.learnlib.logging.LearnLogger logQuery
INFO: [ε | challenge_v1 success_request_with_credentials_v1 inner_success / ε | challenge_response_v1 success_response_v1 empty_peap]
Apr 02, 2026 4:02:24 PM de.learnlib.logging.LearnLogger logQuery
INFO: [ε | challenge_v1 success_request_with_credentials_v1 success_request_with_credentials_v1 / ε | challenge_response_v1 success_response_v1 success_response_v1]
Apr 02, 2026 4:02:27 PM de.learnlib.logging.LearnLogger logQuery
INFO: [ε | challenge_v1 success_request_with_credentials_v1 success_request_all_zeros_v1 / ε | challenge_response_v1 success_response_v1 no_reply]
Apr 02, 2026 4:02:29 PM de.learnlib.logging.LearnLogger logQuery
INFO: [ε | challenge_v1 success_request_with_credentials_v1 challenge_v1 / ε | challenge_response_v1 success_response_v1 challenge_response_v1]
Apr 02, 2026 4:02:32 PM de.learnlib.logging.LearnLogger logQuery
INFO: [ε | challenge_v1 success_request_with_credentials_v1 id_request_v1 / ε | challenge_response_v1 success_response_v1 id_response_v1]
Apr 02, 2026 4:02:32 PM de.learnlib.logging.LearnLogger logQuery
INFO: DB CACHE [ε | challenge_v1 success_request_all_zeros_v1 4_way_message_1 /  challenge_response_v1 no_reply -]
Apr 02, 2026 4:02:32 PM de.learnlib.logging.LearnLogger logQuery
INFO: DB CACHE [ε | challenge_v1 success_request_all_zeros_v1 eap_success /  challenge_response_v1 no_reply -]
Apr 02, 2026 4:02:32 PM de.learnlib.logging.LearnLogger logQuery
INFO: DB CACHE [ε | challenge_v1 success_request_all_zeros_v1 inner_failure /  challenge_response_v1 no_reply -]
Apr 02, 2026 4:02:32 PM de.learnlib.logging.LearnLogger logQuery
INFO: DB CACHE [ε | challenge_v1 success_request_all_zeros_v1 inner_success /  challenge_response_v1 no_reply -]
Apr 02, 2026 4:02:32 PM de.learnlib.logging.LearnLogger logQuery
INFO: DB CACHE [ε | challenge_v1 success_request_all_zeros_v1 success_request_with_credentials_v1 /  challenge_response_v1 no_reply -]
Apr 02, 2026 4:02:32 PM de.learnlib.logging.LearnLogger logQuery
INFO: DB CACHE [ε | challenge_v1 success_request_all_zeros_v1 success_request_all_zeros_v1 /  challenge_response_v1 no_reply -]
Apr 02, 2026 4:02:32 PM de.learnlib.logging.LearnLogger logQuery
INFO: DB CACHE [ε | challenge_v1 success_request_all_zeros_v1 challenge_v1 /  challenge_response_v1 no_reply -]
Apr 02, 2026 4:02:32 PM de.learnlib.logging.LearnLogger logQuery
INFO: DB CACHE [ε | challenge_v1 success_request_all_zeros_v1 id_request_v1 /  challenge_response_v1 no_reply -]
Apr 02, 2026 4:02:34 PM de.learnlib.logging.LearnLogger logQuery
INFO: [ε | challenge_v1 challenge_v1 4_way_message_1 / ε | challenge_response_v1 challenge_response_v1 deauthentication]
Apr 02, 2026 4:02:37 PM de.learnlib.logging.LearnLogger logQuery
INFO: [ε | challenge_v1 challenge_v1 eap_success / ε | challenge_response_v1 challenge_response_v1 deauthentication]
Apr 02, 2026 4:02:40 PM de.learnlib.logging.LearnLogger logQuery
INFO: [ε | challenge_v1 challenge_v1 inner_failure / ε | challenge_response_v1 challenge_response_v1 inner_failure_response]
Apr 02, 2026 4:02:42 PM de.learnlib.logging.LearnLogger logQuery
INFO: [ε | challenge_v1 challenge_v1 inner_success / ε | challenge_response_v1 challenge_response_v1 deauthentication]
Apr 02, 2026 4:02:45 PM de.learnlib.logging.LearnLogger logQuery
INFO: [ε | challenge_v1 challenge_v1 success_request_with_credentials_v1 / ε | challenge_response_v1 challenge_response_v1 success_response_v1]
Apr 02, 2026 4:02:48 PM de.learnlib.logging.LearnLogger logQuery
INFO: [ε | challenge_v1 challenge_v1 success_request_all_zeros_v1 / ε | challenge_response_v1 challenge_response_v1 no_reply]
Apr 02, 2026 4:02:51 PM de.learnlib.logging.LearnLogger logQuery
INFO: [ε | challenge_v1 challenge_v1 challenge_v1 / ε | challenge_response_v1 challenge_response_v1 challenge_response_v1]
Apr 02, 2026 4:02:53 PM de.learnlib.logging.LearnLogger logQuery
INFO: [ε | challenge_v1 challenge_v1 id_request_v1 / ε | challenge_response_v1 challenge_response_v1 id_response_v1]
Apr 02, 2026 4:02:56 PM de.learnlib.logging.LearnLogger logQuery
INFO: [ε | challenge_v1 id_request_v1 4_way_message_1 / ε | challenge_response_v1 id_response_v1 deauthentication]
Apr 02, 2026 4:02:58 PM de.learnlib.logging.LearnLogger logQuery
INFO: [ε | challenge_v1 id_request_v1 eap_success / ε | challenge_response_v1 id_response_v1 deauthentication]
Apr 02, 2026 4:03:01 PM de.learnlib.logging.LearnLogger logQuery
INFO: [ε | challenge_v1 id_request_v1 inner_failure / ε | challenge_response_v1 id_response_v1 inner_failure_response]
Apr 02, 2026 4:03:04 PM de.learnlib.logging.LearnLogger logQuery
INFO: [ε | challenge_v1 id_request_v1 inner_success / ε | challenge_response_v1 id_response_v1 deauthentication]
Apr 02, 2026 4:03:06 PM de.learnlib.logging.LearnLogger logQuery
INFO: [ε | challenge_v1 id_request_v1 success_request_with_credentials_v1 / ε | challenge_response_v1 id_response_v1 success_response_v1]
Apr 02, 2026 4:03:09 PM de.learnlib.logging.LearnLogger logQuery
INFO: [ε | challenge_v1 id_request_v1 success_request_all_zeros_v1 / ε | challenge_response_v1 id_response_v1 no_reply]
Apr 02, 2026 4:03:11 PM de.learnlib.logging.LearnLogger logQuery
INFO: [ε | challenge_v1 id_request_v1 challenge_v1 / ε | challenge_response_v1 id_response_v1 challenge_response_v1]
Apr 02, 2026 4:03:14 PM de.learnlib.logging.LearnLogger logQuery
INFO: [ε | challenge_v1 id_request_v1 id_request_v1 / ε | challenge_response_v1 id_response_v1 id_response_v1]
Apr 02, 2026 4:03:14 PM de.learnlib.logging.LearnLogger logQuery
INFO: DB CACHE [ε | challenge_v1 success_request_with_credentials_v1 4_way_message_1 4_way_message_1 /  challenge_response_v1 success_response_v1 deauthentication -]
Apr 02, 2026 4:03:14 PM de.learnlib.logging.LearnLogger logQuery
INFO: DB CACHE [ε | challenge_v1 success_request_with_credentials_v1 4_way_message_1 eap_success /  challenge_response_v1 success_response_v1 deauthentication -]
Apr 02, 2026 4:03:14 PM de.learnlib.logging.LearnLogger logQuery
INFO: DB CACHE [ε | challenge_v1 success_request_with_credentials_v1 4_way_message_1 inner_failure /  challenge_response_v1 success_response_v1 deauthentication -]
Apr 02, 2026 4:03:14 PM de.learnlib.logging.LearnLogger logQuery
INFO: DB CACHE [ε | challenge_v1 success_request_with_credentials_v1 4_way_message_1 inner_success /  challenge_response_v1 success_response_v1 deauthentication -]
Apr 02, 2026 4:03:14 PM de.learnlib.logging.LearnLogger logQuery
INFO: DB CACHE [ε | challenge_v1 success_request_with_credentials_v1 4_way_message_1 success_request_with_credentials_v1 /  challenge_response_v1 success_response_v1 deauthentication -]
Apr 02, 2026 4:03:14 PM de.learnlib.logging.LearnLogger logQuery
INFO: DB CACHE [ε | challenge_v1 success_request_with_credentials_v1 4_way_message_1 success_request_all_zeros_v1 /  challenge_response_v1 success_response_v1 deauthentication -]
Apr 02, 2026 4:03:14 PM de.learnlib.logging.LearnLogger logQuery
INFO: DB CACHE [ε | challenge_v1 success_request_with_credentials_v1 4_way_message_1 challenge_v1 /  challenge_response_v1 success_response_v1 deauthentication -]
Apr 02, 2026 4:03:14 PM de.learnlib.logging.LearnLogger logQuery
INFO: DB CACHE [ε | challenge_v1 success_request_with_credentials_v1 4_way_message_1 id_request_v1 /  challenge_response_v1 success_response_v1 deauthentication -]
Apr 02, 2026 4:03:14 PM de.learnlib.logging.LearnLogger logQuery
INFO: DB CACHE [ε | challenge_v1 success_request_with_credentials_v1 eap_success 4_way_message_1 /  challenge_response_v1 success_response_v1 deauthentication -]
Apr 02, 2026 4:03:14 PM de.learnlib.logging.LearnLogger logQuery
INFO: DB CACHE [ε | challenge_v1 success_request_with_credentials_v1 eap_success eap_success /  challenge_response_v1 success_response_v1 deauthentication -]
Apr 02, 2026 4:03:14 PM de.learnlib.logging.LearnLogger logQuery
INFO: DB CACHE [ε | challenge_v1 success_request_with_credentials_v1 eap_success inner_failure /  challenge_response_v1 success_response_v1 deauthentication -]
Apr 02, 2026 4:03:14 PM de.learnlib.logging.LearnLogger logQuery
INFO: DB CACHE [ε | challenge_v1 success_request_with_credentials_v1 eap_success inner_success /  challenge_response_v1 success_response_v1 deauthentication -]
Apr 02, 2026 4:03:14 PM de.learnlib.logging.LearnLogger logQuery
INFO: DB CACHE [ε | challenge_v1 success_request_with_credentials_v1 eap_success success_request_with_credentials_v1 /  challenge_response_v1 success_response_v1 deauthentication -]
Apr 02, 2026 4:03:14 PM de.learnlib.logging.LearnLogger logQuery
INFO: DB CACHE [ε | challenge_v1 success_request_with_credentials_v1 eap_success success_request_all_zeros_v1 /  challenge_response_v1 success_response_v1 deauthentication -]
Apr 02, 2026 4:03:14 PM de.learnlib.logging.LearnLogger logQuery
INFO: DB CACHE [ε | challenge_v1 success_request_with_credentials_v1 eap_success challenge_v1 /  challenge_response_v1 success_response_v1 deauthentication -]
Apr 02, 2026 4:03:14 PM de.learnlib.logging.LearnLogger logQuery
INFO: DB CACHE [ε | challenge_v1 success_request_with_credentials_v1 eap_success id_request_v1 /  challenge_response_v1 success_response_v1 deauthentication -]
Apr 02, 2026 4:03:14 PM de.learnlib.logging.LearnLogger logQuery
INFO: DB CACHE [ε | challenge_v1 success_request_with_credentials_v1 inner_failure 4_way_message_1 /  challenge_response_v1 success_response_v1 inner_failure_response -]
Apr 02, 2026 4:03:14 PM de.learnlib.logging.LearnLogger logQuery
INFO: DB CACHE [ε | challenge_v1 success_request_with_credentials_v1 inner_failure eap_success /  challenge_response_v1 success_response_v1 inner_failure_response -]
Apr 02, 2026 4:03:14 PM de.learnlib.logging.LearnLogger logQuery
INFO: DB CACHE [ε | challenge_v1 success_request_with_credentials_v1 inner_failure inner_failure /  challenge_response_v1 success_response_v1 inner_failure_response -]
Apr 02, 2026 4:03:14 PM de.learnlib.logging.LearnLogger logQuery
INFO: DB CACHE [ε | challenge_v1 success_request_with_credentials_v1 inner_failure inner_success /  challenge_response_v1 success_response_v1 inner_failure_response -]
Apr 02, 2026 4:03:14 PM de.learnlib.logging.LearnLogger logQuery
INFO: DB CACHE [ε | challenge_v1 success_request_with_credentials_v1 inner_failure success_request_with_credentials_v1 /  challenge_response_v1 success_response_v1 inner_failure_response -]
Apr 02, 2026 4:03:14 PM de.learnlib.logging.LearnLogger logQuery
INFO: DB CACHE [ε | challenge_v1 success_request_with_credentials_v1 inner_failure success_request_all_zeros_v1 /  challenge_response_v1 success_response_v1 inner_failure_response -]
Apr 02, 2026 4:03:14 PM de.learnlib.logging.LearnLogger logQuery
INFO: DB CACHE [ε | challenge_v1 success_request_with_credentials_v1 inner_failure challenge_v1 /  challenge_response_v1 success_response_v1 inner_failure_response -]
Apr 02, 2026 4:03:14 PM de.learnlib.logging.LearnLogger logQuery
INFO: DB CACHE [ε | challenge_v1 success_request_with_credentials_v1 inner_failure id_request_v1 /  challenge_response_v1 success_response_v1 inner_failure_response -]
Apr 02, 2026 4:03:16 PM de.learnlib.logging.LearnLogger logQuery
INFO: [ε | challenge_v1 success_request_with_credentials_v1 inner_success 4_way_message_1 / ε | challenge_response_v1 success_response_v1 empty_peap 4_way_message_2]
Apr 02, 2026 4:03:19 PM de.learnlib.logging.LearnLogger logQuery
INFO: [ε | challenge_v1 success_request_with_credentials_v1 inner_success eap_success / ε | challenge_response_v1 success_response_v1 empty_peap after_eap_success]
Apr 02, 2026 4:03:22 PM de.learnlib.logging.LearnLogger logQuery
INFO: [ε | challenge_v1 success_request_with_credentials_v1 inner_success inner_failure / ε | challenge_response_v1 success_response_v1 empty_peap no_reply]
Apr 02, 2026 4:03:25 PM de.learnlib.logging.LearnLogger logQuery
INFO: [ε | challenge_v1 success_request_with_credentials_v1 inner_success inner_success / ε | challenge_response_v1 success_response_v1 empty_peap no_reply]
Apr 02, 2026 4:03:28 PM de.learnlib.logging.LearnLogger logQuery
INFO: [ε | challenge_v1 success_request_with_credentials_v1 inner_success success_request_with_credentials_v1 / ε | challenge_response_v1 success_response_v1 empty_peap no_reply]
Apr 02, 2026 4:03:31 PM de.learnlib.logging.LearnLogger logQuery
INFO: [ε | challenge_v1 success_request_with_credentials_v1 inner_success success_request_all_zeros_v1 / ε | challenge_response_v1 success_response_v1 empty_peap no_reply]
Apr 02, 2026 4:03:34 PM de.learnlib.logging.LearnLogger logQuery
INFO: [ε | challenge_v1 success_request_with_credentials_v1 inner_success challenge_v1 / ε | challenge_response_v1 success_response_v1 empty_peap no_reply]
Apr 02, 2026 4:03:36 PM de.learnlib.logging.LearnLogger logQuery
INFO: [ε | challenge_v1 success_request_with_credentials_v1 inner_success id_request_v1 / ε | challenge_response_v1 success_response_v1 empty_peap no_reply]
Apr 02, 2026 4:03:39 PM de.learnlib.logging.LearnLogger logQuery
INFO: [ε | challenge_v1 success_request_with_credentials_v1 success_request_with_credentials_v1 4_way_message_1 / ε | challenge_response_v1 success_response_v1 success_response_v1 deauthentication]
Apr 02, 2026 4:03:42 PM de.learnlib.logging.LearnLogger logQuery
INFO: [ε | challenge_v1 success_request_with_credentials_v1 success_request_with_credentials_v1 eap_success / ε | challenge_response_v1 success_response_v1 success_response_v1 deauthentication]
Apr 02, 2026 4:03:45 PM de.learnlib.logging.LearnLogger logQuery
INFO: [ε | challenge_v1 success_request_with_credentials_v1 success_request_with_credentials_v1 inner_failure / ε | challenge_response_v1 success_response_v1 success_response_v1 inner_failure_response]
Apr 02, 2026 4:03:47 PM de.learnlib.logging.LearnLogger logQuery
INFO: [ε | challenge_v1 success_request_with_credentials_v1 success_request_with_credentials_v1 inner_success / ε | challenge_response_v1 success_response_v1 success_response_v1 empty_peap]
Apr 02, 2026 4:03:50 PM de.learnlib.logging.LearnLogger logQuery
INFO: [ε | challenge_v1 success_request_with_credentials_v1 success_request_with_credentials_v1 success_request_with_credentials_v1 / ε | challenge_response_v1 success_response_v1 success_response_v1 success_response_v1]
Apr 02, 2026 4:03:53 PM de.learnlib.logging.LearnLogger logQuery
INFO: [ε | challenge_v1 success_request_with_credentials_v1 success_request_with_credentials_v1 success_request_all_zeros_v1 / ε | challenge_response_v1 success_response_v1 success_response_v1 no_reply]
Apr 02, 2026 4:03:55 PM de.learnlib.logging.LearnLogger logQuery
INFO: [ε | challenge_v1 success_request_with_credentials_v1 success_request_with_credentials_v1 challenge_v1 / ε | challenge_response_v1 success_response_v1 success_response_v1 challenge_response_v1]
Apr 02, 2026 4:03:58 PM de.learnlib.logging.LearnLogger logQuery
INFO: [ε | challenge_v1 success_request_with_credentials_v1 success_request_with_credentials_v1 id_request_v1 / ε | challenge_response_v1 success_response_v1 success_response_v1 id_response_v1]
Apr 02, 2026 4:03:58 PM de.learnlib.logging.LearnLogger logQuery
INFO: DB CACHE [ε | challenge_v1 success_request_with_credentials_v1 success_request_all_zeros_v1 4_way_message_1 /  challenge_response_v1 success_response_v1 no_reply -]
Apr 02, 2026 4:03:58 PM de.learnlib.logging.LearnLogger logQuery
INFO: DB CACHE [ε | challenge_v1 success_request_with_credentials_v1 success_request_all_zeros_v1 eap_success /  challenge_response_v1 success_response_v1 no_reply -]
Apr 02, 2026 4:03:58 PM de.learnlib.logging.LearnLogger logQuery
INFO: DB CACHE [ε | challenge_v1 success_request_with_credentials_v1 success_request_all_zeros_v1 inner_failure /  challenge_response_v1 success_response_v1 no_reply -]
Apr 02, 2026 4:03:58 PM de.learnlib.logging.LearnLogger logQuery
INFO: DB CACHE [ε | challenge_v1 success_request_with_credentials_v1 success_request_all_zeros_v1 inner_success /  challenge_response_v1 success_response_v1 no_reply -]
Apr 02, 2026 4:03:58 PM de.learnlib.logging.LearnLogger logQuery
INFO: DB CACHE [ε | challenge_v1 success_request_with_credentials_v1 success_request_all_zeros_v1 success_request_with_credentials_v1 /  challenge_response_v1 success_response_v1 no_reply -]
Apr 02, 2026 4:03:58 PM de.learnlib.logging.LearnLogger logQuery
INFO: DB CACHE [ε | challenge_v1 success_request_with_credentials_v1 success_request_all_zeros_v1 success_request_all_zeros_v1 /  challenge_response_v1 success_response_v1 no_reply -]
Apr 02, 2026 4:03:58 PM de.learnlib.logging.LearnLogger logQuery
INFO: DB CACHE [ε | challenge_v1 success_request_with_credentials_v1 success_request_all_zeros_v1 challenge_v1 /  challenge_response_v1 success_response_v1 no_reply -]
Apr 02, 2026 4:03:58 PM de.learnlib.logging.LearnLogger logQuery
INFO: DB CACHE [ε | challenge_v1 success_request_with_credentials_v1 success_request_all_zeros_v1 id_request_v1 /  challenge_response_v1 success_response_v1 no_reply -]
Apr 02, 2026 4:04:00 PM de.learnlib.logging.LearnLogger logQuery
INFO: [ε | challenge_v1 success_request_with_credentials_v1 challenge_v1 4_way_message_1 / ε | challenge_response_v1 success_response_v1 challenge_response_v1 deauthentication]
Apr 02, 2026 4:04:03 PM de.learnlib.logging.LearnLogger logQuery
INFO: [ε | challenge_v1 success_request_with_credentials_v1 challenge_v1 eap_success / ε | challenge_response_v1 success_response_v1 challenge_response_v1 deauthentication]
Apr 02, 2026 4:04:06 PM de.learnlib.logging.LearnLogger logQuery
INFO: [ε | challenge_v1 success_request_with_credentials_v1 challenge_v1 inner_failure / ε | challenge_response_v1 success_response_v1 challenge_response_v1 inner_failure_response]
Apr 02, 2026 4:04:09 PM de.learnlib.logging.LearnLogger logQuery
INFO: [ε | challenge_v1 success_request_with_credentials_v1 challenge_v1 inner_success / ε | challenge_response_v1 success_response_v1 challenge_response_v1 empty_peap]
Apr 02, 2026 4:04:11 PM de.learnlib.logging.LearnLogger logQuery
INFO: [ε | challenge_v1 success_request_with_credentials_v1 challenge_v1 success_request_with_credentials_v1 / ε | challenge_response_v1 success_response_v1 challenge_response_v1 success_response_v1]
Apr 02, 2026 4:04:14 PM de.learnlib.logging.LearnLogger logQuery
INFO: [ε | challenge_v1 success_request_with_credentials_v1 challenge_v1 success_request_all_zeros_v1 / ε | challenge_response_v1 success_response_v1 challenge_response_v1 no_reply]
Apr 02, 2026 4:04:17 PM de.learnlib.logging.LearnLogger logQuery
INFO: [ε | challenge_v1 success_request_with_credentials_v1 challenge_v1 challenge_v1 / ε | challenge_response_v1 success_response_v1 challenge_response_v1 challenge_response_v1]
Apr 02, 2026 4:04:19 PM de.learnlib.logging.LearnLogger logQuery
INFO: [ε | challenge_v1 success_request_with_credentials_v1 challenge_v1 id_request_v1 / ε | challenge_response_v1 success_response_v1 challenge_response_v1 id_response_v1]
Apr 02, 2026 4:04:22 PM de.learnlib.logging.LearnLogger logQuery
INFO: [ε | challenge_v1 success_request_with_credentials_v1 id_request_v1 4_way_message_1 / ε | challenge_response_v1 success_response_v1 id_response_v1 deauthentication]
Apr 02, 2026 4:04:25 PM de.learnlib.logging.LearnLogger logQuery
INFO: [ε | challenge_v1 success_request_with_credentials_v1 id_request_v1 eap_success / ε | challenge_response_v1 success_response_v1 id_response_v1 deauthentication]
Apr 02, 2026 4:04:27 PM de.learnlib.logging.LearnLogger logQuery
INFO: [ε | challenge_v1 success_request_with_credentials_v1 id_request_v1 inner_failure / ε | challenge_response_v1 success_response_v1 id_response_v1 inner_failure_response]
Apr 02, 2026 4:04:30 PM de.learnlib.logging.LearnLogger logQuery
INFO: [ε | challenge_v1 success_request_with_credentials_v1 id_request_v1 inner_success / ε | challenge_response_v1 success_response_v1 id_response_v1 empty_peap]
Apr 02, 2026 4:04:33 PM de.learnlib.logging.LearnLogger logQuery
INFO: [ε | challenge_v1 success_request_with_credentials_v1 id_request_v1 success_request_with_credentials_v1 / ε | challenge_response_v1 success_response_v1 id_response_v1 success_response_v1]
Apr 02, 2026 4:04:35 PM de.learnlib.logging.LearnLogger logQuery
INFO: [ε | challenge_v1 success_request_with_credentials_v1 id_request_v1 success_request_all_zeros_v1 / ε | challenge_response_v1 success_response_v1 id_response_v1 no_reply]
Apr 02, 2026 4:04:38 PM de.learnlib.logging.LearnLogger logQuery
INFO: [ε | challenge_v1 success_request_with_credentials_v1 id_request_v1 challenge_v1 / ε | challenge_response_v1 success_response_v1 id_response_v1 challenge_response_v1]
Apr 02, 2026 4:04:40 PM de.learnlib.logging.LearnLogger logQuery
INFO: [ε | challenge_v1 success_request_with_credentials_v1 id_request_v1 id_request_v1 / ε | challenge_response_v1 success_response_v1 id_response_v1 id_response_v1]
Apr 02, 2026 4:04:40 PM de.learnlib.logging.LearnLogger logQuery
INFO: DB CACHE [ε | challenge_v1 success_request_with_credentials_v1 inner_success 4_way_message_1 4_way_message_1 /  challenge_response_v1 success_response_v1 empty_peap 4_way_message_2 -]
Apr 02, 2026 4:04:40 PM de.learnlib.logging.LearnLogger logQuery
INFO: DB CACHE [ε | challenge_v1 success_request_with_credentials_v1 inner_success 4_way_message_1 eap_success /  challenge_response_v1 success_response_v1 empty_peap 4_way_message_2 -]
Apr 02, 2026 4:04:40 PM de.learnlib.logging.LearnLogger logQuery
INFO: DB CACHE [ε | challenge_v1 success_request_with_credentials_v1 inner_success 4_way_message_1 inner_failure /  challenge_response_v1 success_response_v1 empty_peap 4_way_message_2 -]
Apr 02, 2026 4:04:40 PM de.learnlib.logging.LearnLogger logQuery
INFO: DB CACHE [ε | challenge_v1 success_request_with_credentials_v1 inner_success 4_way_message_1 inner_success /  challenge_response_v1 success_response_v1 empty_peap 4_way_message_2 -]
Apr 02, 2026 4:04:40 PM de.learnlib.logging.LearnLogger logQuery
INFO: DB CACHE [ε | challenge_v1 success_request_with_credentials_v1 inner_success 4_way_message_1 success_request_with_credentials_v1 /  challenge_response_v1 success_response_v1 empty_peap 4_way_message_2 -]
Apr 02, 2026 4:04:40 PM de.learnlib.logging.LearnLogger logQuery
INFO: DB CACHE [ε | challenge_v1 success_request_with_credentials_v1 inner_success 4_way_message_1 success_request_all_zeros_v1 /  challenge_response_v1 success_response_v1 empty_peap 4_way_message_2 -]
Apr 02, 2026 4:04:40 PM de.learnlib.logging.LearnLogger logQuery
INFO: DB CACHE [ε | challenge_v1 success_request_with_credentials_v1 inner_success 4_way_message_1 challenge_v1 /  challenge_response_v1 success_response_v1 empty_peap 4_way_message_2 -]
Apr 02, 2026 4:04:40 PM de.learnlib.logging.LearnLogger logQuery
INFO: DB CACHE [ε | challenge_v1 success_request_with_credentials_v1 inner_success 4_way_message_1 id_request_v1 /  challenge_response_v1 success_response_v1 empty_peap 4_way_message_2 -]
Apr 02, 2026 4:04:43 PM de.learnlib.logging.LearnLogger logQuery
INFO: [ε | challenge_v1 success_request_with_credentials_v1 inner_success eap_success 4_way_message_1 / ε | challenge_response_v1 success_response_v1 empty_peap after_eap_success 4_way_message_2]
Apr 02, 2026 4:04:47 PM de.learnlib.logging.LearnLogger logQuery
INFO: [ε | challenge_v1 success_request_with_credentials_v1 inner_success eap_success eap_success / ε | challenge_response_v1 success_response_v1 empty_peap after_eap_success after_eap_success]
Apr 02, 2026 4:04:50 PM de.learnlib.logging.LearnLogger logQuery
INFO: [ε | challenge_v1 success_request_with_credentials_v1 inner_success eap_success inner_failure / ε | challenge_response_v1 success_response_v1 empty_peap after_eap_success no_reply]
Apr 02, 2026 4:04:53 PM de.learnlib.logging.LearnLogger logQuery
INFO: [ε | challenge_v1 success_request_with_credentials_v1 inner_success eap_success inner_success / ε | challenge_response_v1 success_response_v1 empty_peap after_eap_success no_reply]
Apr 02, 2026 4:04:56 PM de.learnlib.logging.LearnLogger logQuery
INFO: [ε | challenge_v1 success_request_with_credentials_v1 inner_success eap_success success_request_with_credentials_v1 / ε | challenge_response_v1 success_response_v1 empty_peap after_eap_success no_reply]
Apr 02, 2026 4:04:59 PM de.learnlib.logging.LearnLogger logQuery
INFO: [ε | challenge_v1 success_request_with_credentials_v1 inner_success eap_success success_request_all_zeros_v1 / ε | challenge_response_v1 success_response_v1 empty_peap after_eap_success no_reply]
Apr 02, 2026 4:05:03 PM de.learnlib.logging.LearnLogger logQuery
INFO: [ε | challenge_v1 success_request_with_credentials_v1 inner_success eap_success challenge_v1 / ε | challenge_response_v1 success_response_v1 empty_peap after_eap_success no_reply]
Apr 02, 2026 4:05:06 PM de.learnlib.logging.LearnLogger logQuery
INFO: [ε | challenge_v1 success_request_with_credentials_v1 inner_success eap_success id_request_v1 / ε | challenge_response_v1 success_response_v1 empty_peap after_eap_success no_reply]
Apr 02, 2026 4:05:06 PM de.learnlib.logging.LearnLogger logQuery
INFO: DB CACHE [ε | challenge_v1 success_request_with_credentials_v1 inner_success inner_failure 4_way_message_1 /  challenge_response_v1 success_response_v1 empty_peap no_reply -]
Apr 02, 2026 4:05:06 PM de.learnlib.logging.LearnLogger logQuery
INFO: DB CACHE [ε | challenge_v1 success_request_with_credentials_v1 inner_success inner_failure eap_success /  challenge_response_v1 success_response_v1 empty_peap no_reply -]
Apr 02, 2026 4:05:06 PM de.learnlib.logging.LearnLogger logQuery
INFO: DB CACHE [ε | challenge_v1 success_request_with_credentials_v1 inner_success inner_failure inner_failure /  challenge_response_v1 success_response_v1 empty_peap no_reply -]
Apr 02, 2026 4:05:06 PM de.learnlib.logging.LearnLogger logQuery
INFO: DB CACHE [ε | challenge_v1 success_request_with_credentials_v1 inner_success inner_failure inner_success /  challenge_response_v1 success_response_v1 empty_peap no_reply -]
Apr 02, 2026 4:05:06 PM de.learnlib.logging.LearnLogger logQuery
INFO: DB CACHE [ε | challenge_v1 success_request_with_credentials_v1 inner_success inner_failure success_request_with_credentials_v1 /  challenge_response_v1 success_response_v1 empty_peap no_reply -]
Apr 02, 2026 4:05:06 PM de.learnlib.logging.LearnLogger logQuery
INFO: DB CACHE [ε | challenge_v1 success_request_with_credentials_v1 inner_success inner_failure success_request_all_zeros_v1 /  challenge_response_v1 success_response_v1 empty_peap no_reply -]
Apr 02, 2026 4:05:06 PM de.learnlib.logging.LearnLogger logQuery
INFO: DB CACHE [ε | challenge_v1 success_request_with_credentials_v1 inner_success inner_failure challenge_v1 /  challenge_response_v1 success_response_v1 empty_peap no_reply -]
Apr 02, 2026 4:05:06 PM de.learnlib.logging.LearnLogger logQuery
INFO: DB CACHE [ε | challenge_v1 success_request_with_credentials_v1 inner_success inner_failure id_request_v1 /  challenge_response_v1 success_response_v1 empty_peap no_reply -]
Apr 02, 2026 4:05:06 PM de.learnlib.logging.LearnLogger logQuery
INFO: DB CACHE [ε | challenge_v1 success_request_with_credentials_v1 inner_success inner_success 4_way_message_1 /  challenge_response_v1 success_response_v1 empty_peap no_reply -]
Apr 02, 2026 4:05:06 PM de.learnlib.logging.LearnLogger logQuery
INFO: DB CACHE [ε | challenge_v1 success_request_with_credentials_v1 inner_success inner_success eap_success /  challenge_response_v1 success_response_v1 empty_peap no_reply -]
Apr 02, 2026 4:05:06 PM de.learnlib.logging.LearnLogger logQuery
INFO: DB CACHE [ε | challenge_v1 success_request_with_credentials_v1 inner_success inner_success inner_failure /  challenge_response_v1 success_response_v1 empty_peap no_reply -]
Apr 02, 2026 4:05:06 PM de.learnlib.logging.LearnLogger logQuery
INFO: DB CACHE [ε | challenge_v1 success_request_with_credentials_v1 inner_success inner_success inner_success /  challenge_response_v1 success_response_v1 empty_peap no_reply -]
Apr 02, 2026 4:05:06 PM de.learnlib.logging.LearnLogger logQuery
INFO: DB CACHE [ε | challenge_v1 success_request_with_credentials_v1 inner_success inner_success success_request_with_credentials_v1 /  challenge_response_v1 success_response_v1 empty_peap no_reply -]
Apr 02, 2026 4:05:06 PM de.learnlib.logging.LearnLogger logQuery
INFO: DB CACHE [ε | challenge_v1 success_request_with_credentials_v1 inner_success inner_success success_request_all_zeros_v1 /  challenge_response_v1 success_response_v1 empty_peap no_reply -]
Apr 02, 2026 4:05:06 PM de.learnlib.logging.LearnLogger logQuery
INFO: DB CACHE [ε | challenge_v1 success_request_with_credentials_v1 inner_success inner_success challenge_v1 /  challenge_response_v1 success_response_v1 empty_peap no_reply -]
Apr 02, 2026 4:05:06 PM de.learnlib.logging.LearnLogger logQuery
INFO: DB CACHE [ε | challenge_v1 success_request_with_credentials_v1 inner_success inner_success id_request_v1 /  challenge_response_v1 success_response_v1 empty_peap no_reply -]
Apr 02, 2026 4:05:06 PM de.learnlib.logging.LearnLogger logQuery
INFO: DB CACHE [ε | challenge_v1 success_request_with_credentials_v1 inner_success success_request_with_credentials_v1 4_way_message_1 /  challenge_response_v1 success_response_v1 empty_peap no_reply -]
Apr 02, 2026 4:05:06 PM de.learnlib.logging.LearnLogger logQuery
INFO: DB CACHE [ε | challenge_v1 success_request_with_credentials_v1 inner_success success_request_with_credentials_v1 eap_success /  challenge_response_v1 success_response_v1 empty_peap no_reply -]
Apr 02, 2026 4:05:06 PM de.learnlib.logging.LearnLogger logQuery
INFO: DB CACHE [ε | challenge_v1 success_request_with_credentials_v1 inner_success success_request_with_credentials_v1 inner_failure /  challenge_response_v1 success_response_v1 empty_peap no_reply -]
Apr 02, 2026 4:05:06 PM de.learnlib.logging.LearnLogger logQuery
INFO: DB CACHE [ε | challenge_v1 success_request_with_credentials_v1 inner_success success_request_with_credentials_v1 inner_success /  challenge_response_v1 success_response_v1 empty_peap no_reply -]
Apr 02, 2026 4:05:06 PM de.learnlib.logging.LearnLogger logQuery
INFO: DB CACHE [ε | challenge_v1 success_request_with_credentials_v1 inner_success success_request_with_credentials_v1 success_request_with_credentials_v1 /  challenge_response_v1 success_response_v1 empty_peap no_reply -]
Apr 02, 2026 4:05:06 PM de.learnlib.logging.LearnLogger logQuery
INFO: DB CACHE [ε | challenge_v1 success_request_with_credentials_v1 inner_success success_request_with_credentials_v1 success_request_all_zeros_v1 /  challenge_response_v1 success_response_v1 empty_peap no_reply -]
Apr 02, 2026 4:05:06 PM de.learnlib.logging.LearnLogger logQuery
INFO: DB CACHE [ε | challenge_v1 success_request_with_credentials_v1 inner_success success_request_with_credentials_v1 challenge_v1 /  challenge_response_v1 success_response_v1 empty_peap no_reply -]
Apr 02, 2026 4:05:06 PM de.learnlib.logging.LearnLogger logQuery
INFO: DB CACHE [ε | challenge_v1 success_request_with_credentials_v1 inner_success success_request_with_credentials_v1 id_request_v1 /  challenge_response_v1 success_response_v1 empty_peap no_reply -]
Apr 02, 2026 4:05:06 PM de.learnlib.logging.LearnLogger logQuery
INFO: DB CACHE [ε | challenge_v1 success_request_with_credentials_v1 inner_success success_request_all_zeros_v1 4_way_message_1 /  challenge_response_v1 success_response_v1 empty_peap no_reply -]
Apr 02, 2026 4:05:06 PM de.learnlib.logging.LearnLogger logQuery
INFO: DB CACHE [ε | challenge_v1 success_request_with_credentials_v1 inner_success success_request_all_zeros_v1 eap_success /  challenge_response_v1 success_response_v1 empty_peap no_reply -]
Apr 02, 2026 4:05:06 PM de.learnlib.logging.LearnLogger logQuery
INFO: DB CACHE [ε | challenge_v1 success_request_with_credentials_v1 inner_success success_request_all_zeros_v1 inner_failure /  challenge_response_v1 success_response_v1 empty_peap no_reply -]
Apr 02, 2026 4:05:06 PM de.learnlib.logging.LearnLogger logQuery
INFO: DB CACHE [ε | challenge_v1 success_request_with_credentials_v1 inner_success success_request_all_zeros_v1 inner_success /  challenge_response_v1 success_response_v1 empty_peap no_reply -]
Apr 02, 2026 4:05:06 PM de.learnlib.logging.LearnLogger logQuery
INFO: DB CACHE [ε | challenge_v1 success_request_with_credentials_v1 inner_success success_request_all_zeros_v1 success_request_with_credentials_v1 /  challenge_response_v1 success_response_v1 empty_peap no_reply -]
Apr 02, 2026 4:05:06 PM de.learnlib.logging.LearnLogger logQuery
INFO: DB CACHE [ε | challenge_v1 success_request_with_credentials_v1 inner_success success_request_all_zeros_v1 success_request_all_zeros_v1 /  challenge_response_v1 success_response_v1 empty_peap no_reply -]
Apr 02, 2026 4:05:06 PM de.learnlib.logging.LearnLogger logQuery
INFO: DB CACHE [ε | challenge_v1 success_request_with_credentials_v1 inner_success success_request_all_zeros_v1 challenge_v1 /  challenge_response_v1 success_response_v1 empty_peap no_reply -]
Apr 02, 2026 4:05:06 PM de.learnlib.logging.LearnLogger logQuery
INFO: DB CACHE [ε | challenge_v1 success_request_with_credentials_v1 inner_success success_request_all_zeros_v1 id_request_v1 /  challenge_response_v1 success_response_v1 empty_peap no_reply -]
Apr 02, 2026 4:05:06 PM de.learnlib.logging.LearnLogger logQuery
INFO: DB CACHE [ε | challenge_v1 success_request_with_credentials_v1 inner_success challenge_v1 4_way_message_1 /  challenge_response_v1 success_response_v1 empty_peap no_reply -]
Apr 02, 2026 4:05:06 PM de.learnlib.logging.LearnLogger logQuery
INFO: DB CACHE [ε | challenge_v1 success_request_with_credentials_v1 inner_success challenge_v1 eap_success /  challenge_response_v1 success_response_v1 empty_peap no_reply -]
Apr 02, 2026 4:05:06 PM de.learnlib.logging.LearnLogger logQuery
INFO: DB CACHE [ε | challenge_v1 success_request_with_credentials_v1 inner_success challenge_v1 inner_failure /  challenge_response_v1 success_response_v1 empty_peap no_reply -]
Apr 02, 2026 4:05:06 PM de.learnlib.logging.LearnLogger logQuery
INFO: DB CACHE [ε | challenge_v1 success_request_with_credentials_v1 inner_success challenge_v1 inner_success /  challenge_response_v1 success_response_v1 empty_peap no_reply -]
Apr 02, 2026 4:05:06 PM de.learnlib.logging.LearnLogger logQuery
INFO: DB CACHE [ε | challenge_v1 success_request_with_credentials_v1 inner_success challenge_v1 success_request_with_credentials_v1 /  challenge_response_v1 success_response_v1 empty_peap no_reply -]
Apr 02, 2026 4:05:06 PM de.learnlib.logging.LearnLogger logQuery
INFO: DB CACHE [ε | challenge_v1 success_request_with_credentials_v1 inner_success challenge_v1 success_request_all_zeros_v1 /  challenge_response_v1 success_response_v1 empty_peap no_reply -]
Apr 02, 2026 4:05:06 PM de.learnlib.logging.LearnLogger logQuery
INFO: DB CACHE [ε | challenge_v1 success_request_with_credentials_v1 inner_success challenge_v1 challenge_v1 /  challenge_response_v1 success_response_v1 empty_peap no_reply -]
Apr 02, 2026 4:05:06 PM de.learnlib.logging.LearnLogger logQuery
INFO: DB CACHE [ε | challenge_v1 success_request_with_credentials_v1 inner_success challenge_v1 id_request_v1 /  challenge_response_v1 success_response_v1 empty_peap no_reply -]
Apr 02, 2026 4:05:06 PM de.learnlib.logging.LearnLogger logQuery
INFO: DB CACHE [ε | challenge_v1 success_request_with_credentials_v1 inner_success id_request_v1 4_way_message_1 /  challenge_response_v1 success_response_v1 empty_peap no_reply -]
Apr 02, 2026 4:05:06 PM de.learnlib.logging.LearnLogger logQuery
INFO: DB CACHE [ε | challenge_v1 success_request_with_credentials_v1 inner_success id_request_v1 eap_success /  challenge_response_v1 success_response_v1 empty_peap no_reply -]
Apr 02, 2026 4:05:06 PM de.learnlib.logging.LearnLogger logQuery
INFO: DB CACHE [ε | challenge_v1 success_request_with_credentials_v1 inner_success id_request_v1 inner_failure /  challenge_response_v1 success_response_v1 empty_peap no_reply -]
Apr 02, 2026 4:05:06 PM de.learnlib.logging.LearnLogger logQuery
INFO: DB CACHE [ε | challenge_v1 success_request_with_credentials_v1 inner_success id_request_v1 inner_success /  challenge_response_v1 success_response_v1 empty_peap no_reply -]
Apr 02, 2026 4:05:06 PM de.learnlib.logging.LearnLogger logQuery
INFO: DB CACHE [ε | challenge_v1 success_request_with_credentials_v1 inner_success id_request_v1 success_request_with_credentials_v1 /  challenge_response_v1 success_response_v1 empty_peap no_reply -]
Apr 02, 2026 4:05:06 PM de.learnlib.logging.LearnLogger logQuery
INFO: DB CACHE [ε | challenge_v1 success_request_with_credentials_v1 inner_success id_request_v1 success_request_all_zeros_v1 /  challenge_response_v1 success_response_v1 empty_peap no_reply -]
Apr 02, 2026 4:05:06 PM de.learnlib.logging.LearnLogger logQuery
INFO: DB CACHE [ε | challenge_v1 success_request_with_credentials_v1 inner_success id_request_v1 challenge_v1 /  challenge_response_v1 success_response_v1 empty_peap no_reply -]
Apr 02, 2026 4:05:06 PM de.learnlib.logging.LearnLogger logQuery
INFO: DB CACHE [ε | challenge_v1 success_request_with_credentials_v1 inner_success id_request_v1 id_request_v1 /  challenge_response_v1 success_response_v1 empty_peap no_reply -]
