Aug 13, 2025 3:37:18 PM de.learnlib.logging.LearnLogger logQuery
INFO: [ε | 4_way_message_1 4_way_message_1 / ε | deauthentication -]
Aug 13, 2025 3:37:19 PM de.learnlib.logging.LearnLogger logQuery
INFO: [ε | 4_way_message_1 eap_success / ε | deauthentication -]
Aug 13, 2025 3:37:20 PM de.learnlib.logging.LearnLogger logQuery
INFO: [ε | 4_way_message_1 cryptobinding / ε | deauthentication -]
Aug 13, 2025 3:37:21 PM de.learnlib.logging.LearnLogger logQuery
INFO: [ε | 4_way_message_1 success_and_cryptobinding / ε | deauthentication -]
Aug 13, 2025 3:37:22 PM de.learnlib.logging.LearnLogger logQuery
INFO: [ε | 4_way_message_1 success_request_with_credentials / ε | deauthentication -]
Aug 13, 2025 3:37:22 PM de.learnlib.logging.LearnLogger logQuery
INFO: [ε | 4_way_message_1 success_request_all_zeros / ε | deauthentication -]
Aug 13, 2025 3:37:23 PM de.learnlib.logging.LearnLogger logQuery
INFO: [ε | 4_way_message_1 tlv_failure / ε | deauthentication -]
Aug 13, 2025 3:37:24 PM de.learnlib.logging.LearnLogger logQuery
INFO: [ε | 4_way_message_1 tlv_request / ε | deauthentication -]
Aug 13, 2025 3:37:25 PM de.learnlib.logging.LearnLogger logQuery
INFO: [ε | 4_way_message_1 challenge_v0 / ε | deauthentication -]
Aug 13, 2025 3:37:26 PM de.learnlib.logging.LearnLogger logQuery
INFO: [ε | 4_way_message_1 id_request_v0 / ε | deauthentication -]
Aug 13, 2025 3:37:27 PM de.learnlib.logging.LearnLogger logQuery
INFO: [ε | eap_success 4_way_message_1 / ε | deauthentication -]
Aug 13, 2025 3:37:28 PM de.learnlib.logging.LearnLogger logQuery
INFO: [ε | eap_success eap_success / ε | deauthentication -]
Aug 13, 2025 3:37:28 PM de.learnlib.logging.LearnLogger logQuery
INFO: [ε | eap_success cryptobinding / ε | deauthentication -]
Aug 13, 2025 3:37:29 PM de.learnlib.logging.LearnLogger logQuery
INFO: [ε | eap_success success_and_cryptobinding / ε | deauthentication -]
Aug 13, 2025 3:37:30 PM de.learnlib.logging.LearnLogger logQuery
INFO: [ε | eap_success success_request_with_credentials / ε | deauthentication -]
Aug 13, 2025 3:37:31 PM de.learnlib.logging.LearnLogger logQuery
INFO: [ε | eap_success success_request_all_zeros / ε | deauthentication -]
Aug 13, 2025 3:37:32 PM de.learnlib.logging.LearnLogger logQuery
INFO: [ε | eap_success tlv_failure / ε | deauthentication -]
Aug 13, 2025 3:37:32 PM de.learnlib.logging.LearnLogger logQuery
INFO: [ε | eap_success tlv_request / ε | deauthentication -]
Aug 13, 2025 3:37:33 PM de.learnlib.logging.LearnLogger logQuery
INFO: [ε | eap_success challenge_v0 / ε | deauthentication -]
Aug 13, 2025 3:37:34 PM de.learnlib.logging.LearnLogger logQuery
INFO: [ε | eap_success id_request_v0 / ε | deauthentication -]
Aug 13, 2025 3:37:35 PM de.learnlib.logging.LearnLogger logQuery
INFO: [ε | cryptobinding 4_way_message_1 / ε | no_reply -]
Aug 13, 2025 3:37:36 PM de.learnlib.logging.LearnLogger logQuery
INFO: [ε | cryptobinding eap_success / ε | no_reply -]
Aug 13, 2025 3:37:38 PM de.learnlib.logging.LearnLogger logQuery
INFO: [ε | cryptobinding cryptobinding / ε | no_reply -]
Aug 13, 2025 3:37:39 PM de.learnlib.logging.LearnLogger logQuery
INFO: [ε | cryptobinding success_and_cryptobinding / ε | no_reply -]
Aug 13, 2025 3:37:40 PM de.learnlib.logging.LearnLogger logQuery
INFO: [ε | cryptobinding success_request_with_credentials / ε | no_reply -]
Aug 13, 2025 3:37:42 PM de.learnlib.logging.LearnLogger logQuery
INFO: [ε | cryptobinding success_request_all_zeros / ε | no_reply -]
Aug 13, 2025 3:37:43 PM de.learnlib.logging.LearnLogger logQuery
INFO: [ε | cryptobinding tlv_failure / ε | no_reply -]
Aug 13, 2025 3:37:44 PM de.learnlib.logging.LearnLogger logQuery
INFO: [ε | cryptobinding tlv_request / ε | no_reply -]
Aug 13, 2025 3:37:45 PM de.learnlib.logging.LearnLogger logQuery
INFO: [ε | cryptobinding challenge_v0 / ε | no_reply -]
Aug 13, 2025 3:37:47 PM de.learnlib.logging.LearnLogger logQuery
INFO: [ε | cryptobinding id_request_v0 / ε | no_reply -]
Aug 13, 2025 3:37:47 PM de.learnlib.logging.LearnLogger logQuery
INFO: [ε | success_and_cryptobinding 4_way_message_1 / ε | tlv_success_and_cryptobinding 4_way_message_2]
Aug 13, 2025 3:37:49 PM de.learnlib.logging.LearnLogger logQuery
INFO: [ε | success_and_cryptobinding eap_success / ε | tlv_success_and_cryptobinding after_eap_success]
Aug 13, 2025 3:37:50 PM de.learnlib.logging.LearnLogger logQuery
INFO: [ε | success_and_cryptobinding cryptobinding / ε | tlv_success_and_cryptobinding no_reply]
Aug 13, 2025 3:37:52 PM de.learnlib.logging.LearnLogger logQuery
INFO: [ε | success_and_cryptobinding success_and_cryptobinding / ε | tlv_success_and_cryptobinding no_reply]
Aug 13, 2025 3:37:53 PM de.learnlib.logging.LearnLogger logQuery
INFO: [ε | success_and_cryptobinding success_request_with_credentials / ε | tlv_success_and_cryptobinding no_reply]
Aug 13, 2025 3:37:55 PM de.learnlib.logging.LearnLogger logQuery
INFO: [ε | success_and_cryptobinding success_request_all_zeros / ε | tlv_success_and_cryptobinding no_reply]
Aug 13, 2025 3:37:56 PM de.learnlib.logging.LearnLogger logQuery
INFO: [ε | success_and_cryptobinding tlv_failure / ε | tlv_success_and_cryptobinding no_reply]
Aug 13, 2025 3:37:57 PM de.learnlib.logging.LearnLogger logQuery
INFO: [ε | success_and_cryptobinding tlv_request / ε | tlv_success_and_cryptobinding no_reply]
Aug 13, 2025 3:37:59 PM de.learnlib.logging.LearnLogger logQuery
INFO: [ε | success_and_cryptobinding challenge_v0 / ε | tlv_success_and_cryptobinding no_reply]
Aug 13, 2025 3:38:00 PM de.learnlib.logging.LearnLogger logQuery
INFO: [ε | success_and_cryptobinding id_request_v0 / ε | tlv_success_and_cryptobinding no_reply]
Aug 13, 2025 3:38:02 PM de.learnlib.logging.LearnLogger logQuery
INFO: [ε | success_request_with_credentials 4_way_message_1 / ε | no_reply -]
Aug 13, 2025 3:38:03 PM de.learnlib.logging.LearnLogger logQuery
INFO: [ε | success_request_with_credentials eap_success / ε | no_reply -]
Aug 13, 2025 3:38:04 PM de.learnlib.logging.LearnLogger logQuery
INFO: [ε | success_request_with_credentials cryptobinding / ε | no_reply -]
Aug 13, 2025 3:38:06 PM de.learnlib.logging.LearnLogger logQuery
INFO: [ε | success_request_with_credentials success_and_cryptobinding / ε | no_reply -]
Aug 13, 2025 3:38:07 PM de.learnlib.logging.LearnLogger logQuery
INFO: [ε | success_request_with_credentials success_request_with_credentials / ε | no_reply -]
Aug 13, 2025 3:38:08 PM de.learnlib.logging.LearnLogger logQuery
INFO: [ε | success_request_with_credentials success_request_all_zeros / ε | no_reply -]
Aug 13, 2025 3:38:09 PM de.learnlib.logging.LearnLogger logQuery
INFO: [ε | success_request_with_credentials tlv_failure / ε | no_reply -]
Aug 13, 2025 3:38:11 PM de.learnlib.logging.LearnLogger logQuery
INFO: [ε | success_request_with_credentials tlv_request / ε | no_reply -]
Aug 13, 2025 3:38:12 PM de.learnlib.logging.LearnLogger logQuery
INFO: [ε | success_request_with_credentials challenge_v0 / ε | no_reply -]
Aug 13, 2025 3:38:13 PM de.learnlib.logging.LearnLogger logQuery
INFO: [ε | success_request_with_credentials id_request_v0 / ε | no_reply -]
Aug 13, 2025 3:38:14 PM de.learnlib.logging.LearnLogger logQuery
INFO: [ε | success_request_all_zeros 4_way_message_1 / ε | no_reply -]
Aug 13, 2025 3:38:16 PM de.learnlib.logging.LearnLogger logQuery
INFO: [ε | success_request_all_zeros eap_success / ε | no_reply -]
Aug 13, 2025 3:38:17 PM de.learnlib.logging.LearnLogger logQuery
INFO: [ε | success_request_all_zeros cryptobinding / ε | no_reply -]
Aug 13, 2025 3:38:18 PM de.learnlib.logging.LearnLogger logQuery
INFO: [ε | success_request_all_zeros success_and_cryptobinding / ε | no_reply -]
Aug 13, 2025 3:38:20 PM de.learnlib.logging.LearnLogger logQuery
INFO: [ε | success_request_all_zeros success_request_with_credentials / ε | no_reply -]
Aug 13, 2025 3:38:21 PM de.learnlib.logging.LearnLogger logQuery
INFO: [ε | success_request_all_zeros success_request_all_zeros / ε | no_reply -]
Aug 13, 2025 3:38:22 PM de.learnlib.logging.LearnLogger logQuery
INFO: [ε | success_request_all_zeros tlv_failure / ε | no_reply -]
Aug 13, 2025 3:38:23 PM de.learnlib.logging.LearnLogger logQuery
INFO: [ε | success_request_all_zeros tlv_request / ε | no_reply -]
Aug 13, 2025 3:38:25 PM de.learnlib.logging.LearnLogger logQuery
INFO: [ε | success_request_all_zeros challenge_v0 / ε | no_reply -]
Aug 13, 2025 3:38:26 PM de.learnlib.logging.LearnLogger logQuery
INFO: [ε | success_request_all_zeros id_request_v0 / ε | no_reply -]
Aug 13, 2025 3:38:27 PM de.learnlib.logging.LearnLogger logQuery
INFO: [ε | tlv_failure 4_way_message_1 / ε | tlv_failure -]
Aug 13, 2025 3:38:27 PM de.learnlib.logging.LearnLogger logQuery
INFO: [ε | tlv_failure eap_success / ε | tlv_failure -]
Aug 13, 2025 3:38:28 PM de.learnlib.logging.LearnLogger logQuery
INFO: [ε | tlv_failure cryptobinding / ε | tlv_failure -]
Aug 13, 2025 3:38:29 PM de.learnlib.logging.LearnLogger logQuery
INFO: [ε | tlv_failure success_and_cryptobinding / ε | tlv_failure -]
Aug 13, 2025 3:38:30 PM de.learnlib.logging.LearnLogger logQuery
INFO: [ε | tlv_failure success_request_with_credentials / ε | tlv_failure -]
Aug 13, 2025 3:38:30 PM de.learnlib.logging.LearnLogger logQuery
INFO: [ε | tlv_failure success_request_all_zeros / ε | tlv_failure -]
Aug 13, 2025 3:38:31 PM de.learnlib.logging.LearnLogger logQuery
INFO: [ε | tlv_failure tlv_failure / ε | tlv_failure -]
Aug 13, 2025 3:38:32 PM de.learnlib.logging.LearnLogger logQuery
INFO: [ε | tlv_failure tlv_request / ε | tlv_failure -]
Aug 13, 2025 3:38:33 PM de.learnlib.logging.LearnLogger logQuery
INFO: [ε | tlv_failure challenge_v0 / ε | tlv_failure -]
Aug 13, 2025 3:38:33 PM de.learnlib.logging.LearnLogger logQuery
INFO: [ε | tlv_failure id_request_v0 / ε | tlv_failure -]
Aug 13, 2025 3:38:34 PM de.learnlib.logging.LearnLogger logQuery
INFO: [ε | tlv_request 4_way_message_1 / ε | tlv_success 4_way_message_2]
Aug 13, 2025 3:38:36 PM de.learnlib.logging.LearnLogger logQuery
INFO: [ε | tlv_request eap_success / ε | tlv_success after_eap_success]
Aug 13, 2025 3:38:37 PM de.learnlib.logging.LearnLogger logQuery
INFO: [ε | tlv_request cryptobinding / ε | tlv_success no_reply]
Aug 13, 2025 3:38:39 PM de.learnlib.logging.LearnLogger logQuery
INFO: [ε | tlv_request success_and_cryptobinding / ε | tlv_success no_reply]
Aug 13, 2025 3:38:40 PM de.learnlib.logging.LearnLogger logQuery
INFO: [ε | tlv_request success_request_with_credentials / ε | tlv_success no_reply]
Aug 13, 2025 3:38:41 PM de.learnlib.logging.LearnLogger logQuery
INFO: [ε | tlv_request success_request_all_zeros / ε | tlv_success no_reply]
Aug 13, 2025 3:38:43 PM de.learnlib.logging.LearnLogger logQuery
INFO: [ε | tlv_request tlv_failure / ε | tlv_success no_reply]
Aug 13, 2025 3:38:44 PM de.learnlib.logging.LearnLogger logQuery
INFO: [ε | tlv_request tlv_request / ε | tlv_success no_reply]
Aug 13, 2025 3:38:46 PM de.learnlib.logging.LearnLogger logQuery
INFO: [ε | tlv_request challenge_v0 / ε | tlv_success no_reply]
Aug 13, 2025 3:38:47 PM de.learnlib.logging.LearnLogger logQuery
INFO: [ε | tlv_request id_request_v0 / ε | tlv_success no_reply]
Aug 13, 2025 3:38:48 PM de.learnlib.logging.LearnLogger logQuery
INFO: [ε | challenge_v0 4_way_message_1 / ε | challenge_response_v0 deauthentication]
Aug 13, 2025 3:38:49 PM de.learnlib.logging.LearnLogger logQuery
INFO: [ε | challenge_v0 eap_success / ε | challenge_response_v0 deauthentication]
Aug 13, 2025 3:38:50 PM de.learnlib.logging.LearnLogger logQuery
INFO: [ε | challenge_v0 cryptobinding / ε | challenge_response_v0 deauthentication]
Aug 13, 2025 3:38:51 PM de.learnlib.logging.LearnLogger logQuery
INFO: [ε | challenge_v0 success_and_cryptobinding / ε | challenge_response_v0 tlv_failure]
Aug 13, 2025 3:38:52 PM de.learnlib.logging.LearnLogger logQuery
INFO: [ε | challenge_v0 success_request_with_credentials / ε | challenge_response_v0 success_response_v0]
Aug 13, 2025 3:38:53 PM de.learnlib.logging.LearnLogger logQuery
INFO: [ε | challenge_v0 success_request_all_zeros / ε | challenge_response_v0 no_reply]
Aug 13, 2025 3:38:54 PM de.learnlib.logging.LearnLogger logQuery
INFO: [ε | challenge_v0 tlv_failure / ε | challenge_response_v0 tlv_failure]
Aug 13, 2025 3:38:55 PM de.learnlib.logging.LearnLogger logQuery
INFO: [ε | challenge_v0 tlv_request / ε | challenge_response_v0 tlv_failure]
Aug 13, 2025 3:38:56 PM de.learnlib.logging.LearnLogger logQuery
INFO: [ε | challenge_v0 challenge_v0 / ε | challenge_response_v0 challenge_response_v0]
Aug 13, 2025 3:38:57 PM de.learnlib.logging.LearnLogger logQuery
INFO: [ε | challenge_v0 id_request_v0 / ε | challenge_response_v0 id_response_v0]
Aug 13, 2025 3:38:58 PM de.learnlib.logging.LearnLogger logQuery
INFO: [ε | id_request_v0 4_way_message_1 / ε | id_response_v0 deauthentication]
Aug 13, 2025 3:38:59 PM de.learnlib.logging.LearnLogger logQuery
INFO: [ε | id_request_v0 eap_success / ε | id_response_v0 deauthentication]
Aug 13, 2025 3:39:00 PM de.learnlib.logging.LearnLogger logQuery
INFO: [ε | id_request_v0 cryptobinding / ε | id_response_v0 no_reply]
Aug 13, 2025 3:39:01 PM de.learnlib.logging.LearnLogger logQuery
INFO: [ε | id_request_v0 success_and_cryptobinding / ε | id_response_v0 tlv_success_and_cryptobinding]
Aug 13, 2025 3:39:03 PM de.learnlib.logging.LearnLogger logQuery
INFO: [ε | id_request_v0 success_request_with_credentials / ε | id_response_v0 no_reply]
Aug 13, 2025 3:39:04 PM de.learnlib.logging.LearnLogger logQuery
INFO: [ε | id_request_v0 success_request_all_zeros / ε | id_response_v0 no_reply]
Aug 13, 2025 3:39:05 PM de.learnlib.logging.LearnLogger logQuery
INFO: [ε | id_request_v0 tlv_failure / ε | id_response_v0 tlv_failure]
Aug 13, 2025 3:39:06 PM de.learnlib.logging.LearnLogger logQuery
INFO: [ε | id_request_v0 tlv_request / ε | id_response_v0 tlv_success]
Aug 13, 2025 3:39:07 PM de.learnlib.logging.LearnLogger logQuery
INFO: [ε | id_request_v0 challenge_v0 / ε | id_response_v0 challenge_response_v0]
Aug 13, 2025 3:39:07 PM de.learnlib.logging.LearnLogger logQuery
INFO: [ε | id_request_v0 id_request_v0 / ε | id_response_v0 id_response_v0]
Aug 13, 2025 3:39:07 PM de.learnlib.logging.LearnLogger logQuery
INFO: DISABLED [ε | tlv_failure 4_way_message_1 4_way_message_1 /  tlv_failure - -]
Aug 13, 2025 3:39:07 PM de.learnlib.logging.LearnLogger logQuery
INFO: DISABLED [ε | tlv_failure 4_way_message_1 eap_success /  tlv_failure - -]
Aug 13, 2025 3:39:07 PM de.learnlib.logging.LearnLogger logQuery
INFO: DISABLED [ε | tlv_failure 4_way_message_1 cryptobinding /  tlv_failure - -]
Aug 13, 2025 3:39:07 PM de.learnlib.logging.LearnLogger logQuery
INFO: DISABLED [ε | tlv_failure 4_way_message_1 success_and_cryptobinding /  tlv_failure - -]
Aug 13, 2025 3:39:07 PM de.learnlib.logging.LearnLogger logQuery
INFO: DISABLED [ε | tlv_failure 4_way_message_1 success_request_with_credentials /  tlv_failure - -]
Aug 13, 2025 3:39:07 PM de.learnlib.logging.LearnLogger logQuery
INFO: DISABLED [ε | tlv_failure 4_way_message_1 success_request_all_zeros /  tlv_failure - -]
Aug 13, 2025 3:39:07 PM de.learnlib.logging.LearnLogger logQuery
INFO: DISABLED [ε | tlv_failure 4_way_message_1 tlv_failure /  tlv_failure - -]
Aug 13, 2025 3:39:07 PM de.learnlib.logging.LearnLogger logQuery
INFO: DISABLED [ε | tlv_failure 4_way_message_1 tlv_request /  tlv_failure - -]
Aug 13, 2025 3:39:07 PM de.learnlib.logging.LearnLogger logQuery
INFO: DISABLED [ε | tlv_failure 4_way_message_1 challenge_v0 /  tlv_failure - -]
Aug 13, 2025 3:39:07 PM de.learnlib.logging.LearnLogger logQuery
INFO: DISABLED [ε | tlv_failure 4_way_message_1 id_request_v0 /  tlv_failure - -]
Aug 13, 2025 3:39:07 PM de.learnlib.logging.LearnLogger logQuery
INFO: DISABLED [ε | tlv_failure eap_success 4_way_message_1 /  tlv_failure - -]
Aug 13, 2025 3:39:07 PM de.learnlib.logging.LearnLogger logQuery
INFO: DISABLED [ε | tlv_failure eap_success eap_success /  tlv_failure - -]
Aug 13, 2025 3:39:07 PM de.learnlib.logging.LearnLogger logQuery
INFO: DISABLED [ε | tlv_failure eap_success cryptobinding /  tlv_failure - -]
Aug 13, 2025 3:39:07 PM de.learnlib.logging.LearnLogger logQuery
INFO: DISABLED [ε | tlv_failure eap_success success_and_cryptobinding /  tlv_failure - -]
Aug 13, 2025 3:39:07 PM de.learnlib.logging.LearnLogger logQuery
INFO: DISABLED [ε | tlv_failure eap_success success_request_with_credentials /  tlv_failure - -]
Aug 13, 2025 3:39:07 PM de.learnlib.logging.LearnLogger logQuery
INFO: DISABLED [ε | tlv_failure eap_success success_request_all_zeros /  tlv_failure - -]
Aug 13, 2025 3:39:07 PM de.learnlib.logging.LearnLogger logQuery
INFO: DISABLED [ε | tlv_failure eap_success tlv_failure /  tlv_failure - -]
Aug 13, 2025 3:39:07 PM de.learnlib.logging.LearnLogger logQuery
INFO: DISABLED [ε | tlv_failure eap_success tlv_request /  tlv_failure - -]
Aug 13, 2025 3:39:07 PM de.learnlib.logging.LearnLogger logQuery
INFO: DISABLED [ε | tlv_failure eap_success challenge_v0 /  tlv_failure - -]
Aug 13, 2025 3:39:07 PM de.learnlib.logging.LearnLogger logQuery
INFO: DISABLED [ε | tlv_failure eap_success id_request_v0 /  tlv_failure - -]
Aug 13, 2025 3:39:07 PM de.learnlib.logging.LearnLogger logQuery
INFO: DISABLED [ε | tlv_failure cryptobinding 4_way_message_1 /  tlv_failure - -]
Aug 13, 2025 3:39:07 PM de.learnlib.logging.LearnLogger logQuery
INFO: DISABLED [ε | tlv_failure cryptobinding eap_success /  tlv_failure - -]
Aug 13, 2025 3:39:07 PM de.learnlib.logging.LearnLogger logQuery
INFO: DISABLED [ε | tlv_failure cryptobinding cryptobinding /  tlv_failure - -]
Aug 13, 2025 3:39:07 PM de.learnlib.logging.LearnLogger logQuery
INFO: DISABLED [ε | tlv_failure cryptobinding success_and_cryptobinding /  tlv_failure - -]
Aug 13, 2025 3:39:07 PM de.learnlib.logging.LearnLogger logQuery
INFO: DISABLED [ε | tlv_failure cryptobinding success_request_with_credentials /  tlv_failure - -]
Aug 13, 2025 3:39:07 PM de.learnlib.logging.LearnLogger logQuery
INFO: DISABLED [ε | tlv_failure cryptobinding success_request_all_zeros /  tlv_failure - -]
Aug 13, 2025 3:39:07 PM de.learnlib.logging.LearnLogger logQuery
INFO: DISABLED [ε | tlv_failure cryptobinding tlv_failure /  tlv_failure - -]
Aug 13, 2025 3:39:07 PM de.learnlib.logging.LearnLogger logQuery
INFO: DISABLED [ε | tlv_failure cryptobinding tlv_request /  tlv_failure - -]
Aug 13, 2025 3:39:07 PM de.learnlib.logging.LearnLogger logQuery
INFO: DISABLED [ε | tlv_failure cryptobinding challenge_v0 /  tlv_failure - -]
Aug 13, 2025 3:39:07 PM de.learnlib.logging.LearnLogger logQuery
INFO: DISABLED [ε | tlv_failure cryptobinding id_request_v0 /  tlv_failure - -]
Aug 13, 2025 3:39:07 PM de.learnlib.logging.LearnLogger logQuery
INFO: DISABLED [ε | tlv_failure success_and_cryptobinding 4_way_message_1 /  tlv_failure - -]
Aug 13, 2025 3:39:07 PM de.learnlib.logging.LearnLogger logQuery
INFO: DISABLED [ε | tlv_failure success_and_cryptobinding eap_success /  tlv_failure - -]
Aug 13, 2025 3:39:07 PM de.learnlib.logging.LearnLogger logQuery
INFO: DISABLED [ε | tlv_failure success_and_cryptobinding cryptobinding /  tlv_failure - -]
Aug 13, 2025 3:39:07 PM de.learnlib.logging.LearnLogger logQuery
INFO: DISABLED [ε | tlv_failure success_and_cryptobinding success_and_cryptobinding /  tlv_failure - -]
Aug 13, 2025 3:39:07 PM de.learnlib.logging.LearnLogger logQuery
INFO: DISABLED [ε | tlv_failure success_and_cryptobinding success_request_with_credentials /  tlv_failure - -]
Aug 13, 2025 3:39:07 PM de.learnlib.logging.LearnLogger logQuery
INFO: DISABLED [ε | tlv_failure success_and_cryptobinding success_request_all_zeros /  tlv_failure - -]
Aug 13, 2025 3:39:07 PM de.learnlib.logging.LearnLogger logQuery
INFO: DISABLED [ε | tlv_failure success_and_cryptobinding tlv_failure /  tlv_failure - -]
Aug 13, 2025 3:39:07 PM de.learnlib.logging.LearnLogger logQuery
INFO: DISABLED [ε | tlv_failure success_and_cryptobinding tlv_request /  tlv_failure - -]
Aug 13, 2025 3:39:07 PM de.learnlib.logging.LearnLogger logQuery
INFO: DISABLED [ε | tlv_failure success_and_cryptobinding challenge_v0 /  tlv_failure - -]
Aug 13, 2025 3:39:07 PM de.learnlib.logging.LearnLogger logQuery
INFO: DISABLED [ε | tlv_failure success_and_cryptobinding id_request_v0 /  tlv_failure - -]
Aug 13, 2025 3:39:07 PM de.learnlib.logging.LearnLogger logQuery
INFO: DISABLED [ε | tlv_failure success_request_with_credentials 4_way_message_1 /  tlv_failure - -]
Aug 13, 2025 3:39:07 PM de.learnlib.logging.LearnLogger logQuery
INFO: DISABLED [ε | tlv_failure success_request_with_credentials eap_success /  tlv_failure - -]
Aug 13, 2025 3:39:07 PM de.learnlib.logging.LearnLogger logQuery
INFO: DISABLED [ε | tlv_failure success_request_with_credentials cryptobinding /  tlv_failure - -]
Aug 13, 2025 3:39:07 PM de.learnlib.logging.LearnLogger logQuery
INFO: DISABLED [ε | tlv_failure success_request_with_credentials success_and_cryptobinding /  tlv_failure - -]
Aug 13, 2025 3:39:07 PM de.learnlib.logging.LearnLogger logQuery
INFO: DISABLED [ε | tlv_failure success_request_with_credentials success_request_with_credentials /  tlv_failure - -]
Aug 13, 2025 3:39:07 PM de.learnlib.logging.LearnLogger logQuery
INFO: DISABLED [ε | tlv_failure success_request_with_credentials success_request_all_zeros /  tlv_failure - -]
Aug 13, 2025 3:39:07 PM de.learnlib.logging.LearnLogger logQuery
INFO: DISABLED [ε | tlv_failure success_request_with_credentials tlv_failure /  tlv_failure - -]
Aug 13, 2025 3:39:07 PM de.learnlib.logging.LearnLogger logQuery
INFO: DISABLED [ε | tlv_failure success_request_with_credentials tlv_request /  tlv_failure - -]
Aug 13, 2025 3:39:07 PM de.learnlib.logging.LearnLogger logQuery
INFO: DISABLED [ε | tlv_failure success_request_with_credentials challenge_v0 /  tlv_failure - -]
Aug 13, 2025 3:39:07 PM de.learnlib.logging.LearnLogger logQuery
INFO: DISABLED [ε | tlv_failure success_request_with_credentials id_request_v0 /  tlv_failure - -]
Aug 13, 2025 3:39:07 PM de.learnlib.logging.LearnLogger logQuery
INFO: DISABLED [ε | tlv_failure success_request_all_zeros 4_way_message_1 /  tlv_failure - -]
Aug 13, 2025 3:39:07 PM de.learnlib.logging.LearnLogger logQuery
INFO: DISABLED [ε | tlv_failure success_request_all_zeros eap_success /  tlv_failure - -]
Aug 13, 2025 3:39:07 PM de.learnlib.logging.LearnLogger logQuery
INFO: DISABLED [ε | tlv_failure success_request_all_zeros cryptobinding /  tlv_failure - -]
Aug 13, 2025 3:39:07 PM de.learnlib.logging.LearnLogger logQuery
INFO: DISABLED [ε | tlv_failure success_request_all_zeros success_and_cryptobinding /  tlv_failure - -]
Aug 13, 2025 3:39:07 PM de.learnlib.logging.LearnLogger logQuery
INFO: DISABLED [ε | tlv_failure success_request_all_zeros success_request_with_credentials /  tlv_failure - -]
Aug 13, 2025 3:39:07 PM de.learnlib.logging.LearnLogger logQuery
INFO: DISABLED [ε | tlv_failure success_request_all_zeros success_request_all_zeros /  tlv_failure - -]
Aug 13, 2025 3:39:07 PM de.learnlib.logging.LearnLogger logQuery
INFO: DISABLED [ε | tlv_failure success_request_all_zeros tlv_failure /  tlv_failure - -]
Aug 13, 2025 3:39:07 PM de.learnlib.logging.LearnLogger logQuery
INFO: DISABLED [ε | tlv_failure success_request_all_zeros tlv_request /  tlv_failure - -]
Aug 13, 2025 3:39:07 PM de.learnlib.logging.LearnLogger logQuery
INFO: DISABLED [ε | tlv_failure success_request_all_zeros challenge_v0 /  tlv_failure - -]
Aug 13, 2025 3:39:07 PM de.learnlib.logging.LearnLogger logQuery
INFO: DISABLED [ε | tlv_failure success_request_all_zeros id_request_v0 /  tlv_failure - -]
Aug 13, 2025 3:39:07 PM de.learnlib.logging.LearnLogger logQuery
INFO: DISABLED [ε | tlv_failure tlv_failure 4_way_message_1 /  tlv_failure - -]
Aug 13, 2025 3:39:07 PM de.learnlib.logging.LearnLogger logQuery
INFO: DISABLED [ε | tlv_failure tlv_failure eap_success /  tlv_failure - -]
Aug 13, 2025 3:39:08 PM de.learnlib.logging.LearnLogger logQuery
INFO: DISABLED [ε | tlv_failure tlv_failure cryptobinding /  tlv_failure - -]
Aug 13, 2025 3:39:08 PM de.learnlib.logging.LearnLogger logQuery
INFO: DISABLED [ε | tlv_failure tlv_failure success_and_cryptobinding /  tlv_failure - -]
Aug 13, 2025 3:39:08 PM de.learnlib.logging.LearnLogger logQuery
INFO: DISABLED [ε | tlv_failure tlv_failure success_request_with_credentials /  tlv_failure - -]
Aug 13, 2025 3:39:08 PM de.learnlib.logging.LearnLogger logQuery
INFO: DISABLED [ε | tlv_failure tlv_failure success_request_all_zeros /  tlv_failure - -]
Aug 13, 2025 3:39:08 PM de.learnlib.logging.LearnLogger logQuery
INFO: DISABLED [ε | tlv_failure tlv_failure tlv_failure /  tlv_failure - -]
Aug 13, 2025 3:39:08 PM de.learnlib.logging.LearnLogger logQuery
INFO: DISABLED [ε | tlv_failure tlv_failure tlv_request /  tlv_failure - -]
Aug 13, 2025 3:39:08 PM de.learnlib.logging.LearnLogger logQuery
INFO: DISABLED [ε | tlv_failure tlv_failure challenge_v0 /  tlv_failure - -]
Aug 13, 2025 3:39:08 PM de.learnlib.logging.LearnLogger logQuery
INFO: DISABLED [ε | tlv_failure tlv_failure id_request_v0 /  tlv_failure - -]
Aug 13, 2025 3:39:08 PM de.learnlib.logging.LearnLogger logQuery
INFO: DISABLED [ε | tlv_failure tlv_request 4_way_message_1 /  tlv_failure - -]
Aug 13, 2025 3:39:08 PM de.learnlib.logging.LearnLogger logQuery
INFO: DISABLED [ε | tlv_failure tlv_request eap_success /  tlv_failure - -]
Aug 13, 2025 3:39:08 PM de.learnlib.logging.LearnLogger logQuery
INFO: DISABLED [ε | tlv_failure tlv_request cryptobinding /  tlv_failure - -]
Aug 13, 2025 3:39:08 PM de.learnlib.logging.LearnLogger logQuery
INFO: DISABLED [ε | tlv_failure tlv_request success_and_cryptobinding /  tlv_failure - -]
Aug 13, 2025 3:39:08 PM de.learnlib.logging.LearnLogger logQuery
INFO: DISABLED [ε | tlv_failure tlv_request success_request_with_credentials /  tlv_failure - -]
Aug 13, 2025 3:39:08 PM de.learnlib.logging.LearnLogger logQuery
INFO: DISABLED [ε | tlv_failure tlv_request success_request_all_zeros /  tlv_failure - -]
Aug 13, 2025 3:39:08 PM de.learnlib.logging.LearnLogger logQuery
INFO: DISABLED [ε | tlv_failure tlv_request tlv_failure /  tlv_failure - -]
Aug 13, 2025 3:39:08 PM de.learnlib.logging.LearnLogger logQuery
INFO: DISABLED [ε | tlv_failure tlv_request tlv_request /  tlv_failure - -]
Aug 13, 2025 3:39:08 PM de.learnlib.logging.LearnLogger logQuery
INFO: DISABLED [ε | tlv_failure tlv_request challenge_v0 /  tlv_failure - -]
Aug 13, 2025 3:39:08 PM de.learnlib.logging.LearnLogger logQuery
INFO: DISABLED [ε | tlv_failure tlv_request id_request_v0 /  tlv_failure - -]
Aug 13, 2025 3:39:08 PM de.learnlib.logging.LearnLogger logQuery
INFO: DISABLED [ε | tlv_failure challenge_v0 4_way_message_1 /  tlv_failure - -]
Aug 13, 2025 3:39:08 PM de.learnlib.logging.LearnLogger logQuery
INFO: DISABLED [ε | tlv_failure challenge_v0 eap_success /  tlv_failure - -]
Aug 13, 2025 3:39:08 PM de.learnlib.logging.LearnLogger logQuery
INFO: DISABLED [ε | tlv_failure challenge_v0 cryptobinding /  tlv_failure - -]
Aug 13, 2025 3:39:08 PM de.learnlib.logging.LearnLogger logQuery
INFO: DISABLED [ε | tlv_failure challenge_v0 success_and_cryptobinding /  tlv_failure - -]
Aug 13, 2025 3:39:08 PM de.learnlib.logging.LearnLogger logQuery
INFO: DISABLED [ε | tlv_failure challenge_v0 success_request_with_credentials /  tlv_failure - -]
Aug 13, 2025 3:39:08 PM de.learnlib.logging.LearnLogger logQuery
INFO: DISABLED [ε | tlv_failure challenge_v0 success_request_all_zeros /  tlv_failure - -]
Aug 13, 2025 3:39:08 PM de.learnlib.logging.LearnLogger logQuery
INFO: DISABLED [ε | tlv_failure challenge_v0 tlv_failure /  tlv_failure - -]
Aug 13, 2025 3:39:08 PM de.learnlib.logging.LearnLogger logQuery
INFO: DISABLED [ε | tlv_failure challenge_v0 tlv_request /  tlv_failure - -]
Aug 13, 2025 3:39:08 PM de.learnlib.logging.LearnLogger logQuery
INFO: DISABLED [ε | tlv_failure challenge_v0 challenge_v0 /  tlv_failure - -]
Aug 13, 2025 3:39:08 PM de.learnlib.logging.LearnLogger logQuery
INFO: DISABLED [ε | tlv_failure challenge_v0 id_request_v0 /  tlv_failure - -]
Aug 13, 2025 3:39:08 PM de.learnlib.logging.LearnLogger logQuery
INFO: DISABLED [ε | tlv_failure id_request_v0 4_way_message_1 /  tlv_failure - -]
Aug 13, 2025 3:39:08 PM de.learnlib.logging.LearnLogger logQuery
INFO: DISABLED [ε | tlv_failure id_request_v0 eap_success /  tlv_failure - -]
Aug 13, 2025 3:39:08 PM de.learnlib.logging.LearnLogger logQuery
INFO: DISABLED [ε | tlv_failure id_request_v0 cryptobinding /  tlv_failure - -]
Aug 13, 2025 3:39:08 PM de.learnlib.logging.LearnLogger logQuery
INFO: DISABLED [ε | tlv_failure id_request_v0 success_and_cryptobinding /  tlv_failure - -]
Aug 13, 2025 3:39:08 PM de.learnlib.logging.LearnLogger logQuery
INFO: DISABLED [ε | tlv_failure id_request_v0 success_request_with_credentials /  tlv_failure - -]
Aug 13, 2025 3:39:08 PM de.learnlib.logging.LearnLogger logQuery
INFO: DISABLED [ε | tlv_failure id_request_v0 success_request_all_zeros /  tlv_failure - -]
Aug 13, 2025 3:39:08 PM de.learnlib.logging.LearnLogger logQuery
INFO: DISABLED [ε | tlv_failure id_request_v0 tlv_failure /  tlv_failure - -]
Aug 13, 2025 3:39:08 PM de.learnlib.logging.LearnLogger logQuery
INFO: DISABLED [ε | tlv_failure id_request_v0 tlv_request /  tlv_failure - -]
Aug 13, 2025 3:39:08 PM de.learnlib.logging.LearnLogger logQuery
INFO: DISABLED [ε | tlv_failure id_request_v0 challenge_v0 /  tlv_failure - -]
Aug 13, 2025 3:39:08 PM de.learnlib.logging.LearnLogger logQuery
INFO: DISABLED [ε | tlv_failure id_request_v0 id_request_v0 /  tlv_failure - -]
Aug 13, 2025 3:39:08 PM de.learnlib.logging.LearnLogger logQuery
INFO: DB CACHE [ε | tlv_request 4_way_message_1 4_way_message_1 /  tlv_success 4_way_message_2 -]
Aug 13, 2025 3:39:08 PM de.learnlib.logging.LearnLogger logQuery
INFO: DB CACHE [ε | tlv_request 4_way_message_1 eap_success /  tlv_success 4_way_message_2 -]
Aug 13, 2025 3:39:08 PM de.learnlib.logging.LearnLogger logQuery
INFO: DB CACHE [ε | tlv_request 4_way_message_1 cryptobinding /  tlv_success 4_way_message_2 -]
Aug 13, 2025 3:39:08 PM de.learnlib.logging.LearnLogger logQuery
INFO: DB CACHE [ε | tlv_request 4_way_message_1 success_and_cryptobinding /  tlv_success 4_way_message_2 -]
Aug 13, 2025 3:39:08 PM de.learnlib.logging.LearnLogger logQuery
INFO: DB CACHE [ε | tlv_request 4_way_message_1 success_request_with_credentials /  tlv_success 4_way_message_2 -]
Aug 13, 2025 3:39:08 PM de.learnlib.logging.LearnLogger logQuery
INFO: DB CACHE [ε | tlv_request 4_way_message_1 success_request_all_zeros /  tlv_success 4_way_message_2 -]
Aug 13, 2025 3:39:08 PM de.learnlib.logging.LearnLogger logQuery
INFO: DB CACHE [ε | tlv_request 4_way_message_1 tlv_failure /  tlv_success 4_way_message_2 -]
Aug 13, 2025 3:39:08 PM de.learnlib.logging.LearnLogger logQuery
INFO: DB CACHE [ε | tlv_request 4_way_message_1 tlv_request /  tlv_success 4_way_message_2 -]
Aug 13, 2025 3:39:08 PM de.learnlib.logging.LearnLogger logQuery
INFO: DB CACHE [ε | tlv_request 4_way_message_1 challenge_v0 /  tlv_success 4_way_message_2 -]
Aug 13, 2025 3:39:08 PM de.learnlib.logging.LearnLogger logQuery
INFO: DB CACHE [ε | tlv_request 4_way_message_1 id_request_v0 /  tlv_success 4_way_message_2 -]
Aug 13, 2025 3:39:09 PM de.learnlib.logging.LearnLogger logQuery
INFO: [ε | tlv_request eap_success 4_way_message_1 / ε | tlv_success after_eap_success 4_way_message_2]
Aug 13, 2025 3:39:11 PM de.learnlib.logging.LearnLogger logQuery
INFO: [ε | tlv_request eap_success eap_success / ε | tlv_success after_eap_success after_eap_success]
Aug 13, 2025 3:39:13 PM de.learnlib.logging.LearnLogger logQuery
INFO: [ε | tlv_request eap_success cryptobinding / ε | tlv_success after_eap_success no_reply]
Aug 13, 2025 3:39:15 PM de.learnlib.logging.LearnLogger logQuery
INFO: [ε | tlv_request eap_success success_and_cryptobinding / ε | tlv_success after_eap_success no_reply]
Aug 13, 2025 3:39:17 PM de.learnlib.logging.LearnLogger logQuery
INFO: [ε | tlv_request eap_success success_request_with_credentials / ε | tlv_success after_eap_success no_reply]
Aug 13, 2025 3:39:19 PM de.learnlib.logging.LearnLogger logQuery
INFO: [ε | tlv_request eap_success success_request_all_zeros / ε | tlv_success after_eap_success no_reply]
Aug 13, 2025 3:39:20 PM de.learnlib.logging.LearnLogger logQuery
INFO: [ε | tlv_request eap_success tlv_failure / ε | tlv_success after_eap_success no_reply]
Aug 13, 2025 3:39:22 PM de.learnlib.logging.LearnLogger logQuery
INFO: [ε | tlv_request eap_success tlv_request / ε | tlv_success after_eap_success no_reply]
Aug 13, 2025 3:39:24 PM de.learnlib.logging.LearnLogger logQuery
INFO: [ε | tlv_request eap_success challenge_v0 / ε | tlv_success after_eap_success no_reply]
Aug 13, 2025 3:39:26 PM de.learnlib.logging.LearnLogger logQuery
INFO: [ε | tlv_request eap_success id_request_v0 / ε | tlv_success after_eap_success no_reply]
Aug 13, 2025 3:39:27 PM de.learnlib.logging.LearnLogger logQuery
INFO: DB CACHE [ε | tlv_request cryptobinding 4_way_message_1 /  tlv_success no_reply -]
Aug 13, 2025 3:39:27 PM de.learnlib.logging.LearnLogger logQuery
INFO: DB CACHE [ε | tlv_request cryptobinding eap_success /  tlv_success no_reply -]
Aug 13, 2025 3:39:27 PM de.learnlib.logging.LearnLogger logQuery
INFO: DB CACHE [ε | tlv_request cryptobinding cryptobinding /  tlv_success no_reply -]
Aug 13, 2025 3:39:27 PM de.learnlib.logging.LearnLogger logQuery
INFO: DB CACHE [ε | tlv_request cryptobinding success_and_cryptobinding /  tlv_success no_reply -]
Aug 13, 2025 3:39:27 PM de.learnlib.logging.LearnLogger logQuery
INFO: DB CACHE [ε | tlv_request cryptobinding success_request_with_credentials /  tlv_success no_reply -]
Aug 13, 2025 3:39:27 PM de.learnlib.logging.LearnLogger logQuery
INFO: DB CACHE [ε | tlv_request cryptobinding success_request_all_zeros /  tlv_success no_reply -]
Aug 13, 2025 3:39:27 PM de.learnlib.logging.LearnLogger logQuery
INFO: DB CACHE [ε | tlv_request cryptobinding tlv_failure /  tlv_success no_reply -]
Aug 13, 2025 3:39:27 PM de.learnlib.logging.LearnLogger logQuery
INFO: DB CACHE [ε | tlv_request cryptobinding tlv_request /  tlv_success no_reply -]
Aug 13, 2025 3:39:27 PM de.learnlib.logging.LearnLogger logQuery
INFO: DB CACHE [ε | tlv_request cryptobinding challenge_v0 /  tlv_success no_reply -]
Aug 13, 2025 3:39:27 PM de.learnlib.logging.LearnLogger logQuery
INFO: DB CACHE [ε | tlv_request cryptobinding id_request_v0 /  tlv_success no_reply -]
Aug 13, 2025 3:39:27 PM de.learnlib.logging.LearnLogger logQuery
INFO: DB CACHE [ε | tlv_request success_and_cryptobinding 4_way_message_1 /  tlv_success no_reply -]
Aug 13, 2025 3:39:27 PM de.learnlib.logging.LearnLogger logQuery
INFO: DB CACHE [ε | tlv_request success_and_cryptobinding eap_success /  tlv_success no_reply -]
Aug 13, 2025 3:39:27 PM de.learnlib.logging.LearnLogger logQuery
INFO: DB CACHE [ε | tlv_request success_and_cryptobinding cryptobinding /  tlv_success no_reply -]
Aug 13, 2025 3:39:27 PM de.learnlib.logging.LearnLogger logQuery
INFO: DB CACHE [ε | tlv_request success_and_cryptobinding success_and_cryptobinding /  tlv_success no_reply -]
Aug 13, 2025 3:39:27 PM de.learnlib.logging.LearnLogger logQuery
INFO: DB CACHE [ε | tlv_request success_and_cryptobinding success_request_with_credentials /  tlv_success no_reply -]
Aug 13, 2025 3:39:27 PM de.learnlib.logging.LearnLogger logQuery
INFO: DB CACHE [ε | tlv_request success_and_cryptobinding success_request_all_zeros /  tlv_success no_reply -]
Aug 13, 2025 3:39:27 PM de.learnlib.logging.LearnLogger logQuery
INFO: DB CACHE [ε | tlv_request success_and_cryptobinding tlv_failure /  tlv_success no_reply -]
Aug 13, 2025 3:39:27 PM de.learnlib.logging.LearnLogger logQuery
INFO: DB CACHE [ε | tlv_request success_and_cryptobinding tlv_request /  tlv_success no_reply -]
Aug 13, 2025 3:39:27 PM de.learnlib.logging.LearnLogger logQuery
INFO: DB CACHE [ε | tlv_request success_and_cryptobinding challenge_v0 /  tlv_success no_reply -]
Aug 13, 2025 3:39:27 PM de.learnlib.logging.LearnLogger logQuery
INFO: DB CACHE [ε | tlv_request success_and_cryptobinding id_request_v0 /  tlv_success no_reply -]
Aug 13, 2025 3:39:27 PM de.learnlib.logging.LearnLogger logQuery
INFO: DB CACHE [ε | tlv_request success_request_with_credentials 4_way_message_1 /  tlv_success no_reply -]
Aug 13, 2025 3:39:27 PM de.learnlib.logging.LearnLogger logQuery
INFO: DB CACHE [ε | tlv_request success_request_with_credentials eap_success /  tlv_success no_reply -]
Aug 13, 2025 3:39:27 PM de.learnlib.logging.LearnLogger logQuery
INFO: DB CACHE [ε | tlv_request success_request_with_credentials cryptobinding /  tlv_success no_reply -]
Aug 13, 2025 3:39:27 PM de.learnlib.logging.LearnLogger logQuery
INFO: DB CACHE [ε | tlv_request success_request_with_credentials success_and_cryptobinding /  tlv_success no_reply -]
Aug 13, 2025 3:39:27 PM de.learnlib.logging.LearnLogger logQuery
INFO: DB CACHE [ε | tlv_request success_request_with_credentials success_request_with_credentials /  tlv_success no_reply -]
Aug 13, 2025 3:39:27 PM de.learnlib.logging.LearnLogger logQuery
INFO: DB CACHE [ε | tlv_request success_request_with_credentials success_request_all_zeros /  tlv_success no_reply -]
Aug 13, 2025 3:39:27 PM de.learnlib.logging.LearnLogger logQuery
INFO: DB CACHE [ε | tlv_request success_request_with_credentials tlv_failure /  tlv_success no_reply -]
Aug 13, 2025 3:39:27 PM de.learnlib.logging.LearnLogger logQuery
INFO: DB CACHE [ε | tlv_request success_request_with_credentials tlv_request /  tlv_success no_reply -]
Aug 13, 2025 3:39:27 PM de.learnlib.logging.LearnLogger logQuery
INFO: DB CACHE [ε | tlv_request success_request_with_credentials challenge_v0 /  tlv_success no_reply -]
Aug 13, 2025 3:39:27 PM de.learnlib.logging.LearnLogger logQuery
INFO: DB CACHE [ε | tlv_request success_request_with_credentials id_request_v0 /  tlv_success no_reply -]
Aug 13, 2025 3:39:27 PM de.learnlib.logging.LearnLogger logQuery
INFO: DB CACHE [ε | tlv_request success_request_all_zeros 4_way_message_1 /  tlv_success no_reply -]
Aug 13, 2025 3:39:27 PM de.learnlib.logging.LearnLogger logQuery
INFO: DB CACHE [ε | tlv_request success_request_all_zeros eap_success /  tlv_success no_reply -]
Aug 13, 2025 3:39:27 PM de.learnlib.logging.LearnLogger logQuery
INFO: DB CACHE [ε | tlv_request success_request_all_zeros cryptobinding /  tlv_success no_reply -]
Aug 13, 2025 3:39:27 PM de.learnlib.logging.LearnLogger logQuery
INFO: DB CACHE [ε | tlv_request success_request_all_zeros success_and_cryptobinding /  tlv_success no_reply -]
Aug 13, 2025 3:39:27 PM de.learnlib.logging.LearnLogger logQuery
INFO: DB CACHE [ε | tlv_request success_request_all_zeros success_request_with_credentials /  tlv_success no_reply -]
Aug 13, 2025 3:39:27 PM de.learnlib.logging.LearnLogger logQuery
INFO: DB CACHE [ε | tlv_request success_request_all_zeros success_request_all_zeros /  tlv_success no_reply -]
Aug 13, 2025 3:39:27 PM de.learnlib.logging.LearnLogger logQuery
INFO: DB CACHE [ε | tlv_request success_request_all_zeros tlv_failure /  tlv_success no_reply -]
Aug 13, 2025 3:39:27 PM de.learnlib.logging.LearnLogger logQuery
INFO: DB CACHE [ε | tlv_request success_request_all_zeros tlv_request /  tlv_success no_reply -]
Aug 13, 2025 3:39:27 PM de.learnlib.logging.LearnLogger logQuery
INFO: DB CACHE [ε | tlv_request success_request_all_zeros challenge_v0 /  tlv_success no_reply -]
Aug 13, 2025 3:39:27 PM de.learnlib.logging.LearnLogger logQuery
INFO: DB CACHE [ε | tlv_request success_request_all_zeros id_request_v0 /  tlv_success no_reply -]
Aug 13, 2025 3:39:27 PM de.learnlib.logging.LearnLogger logQuery
INFO: DB CACHE [ε | tlv_request tlv_failure 4_way_message_1 /  tlv_success no_reply -]
Aug 13, 2025 3:39:27 PM de.learnlib.logging.LearnLogger logQuery
INFO: DB CACHE [ε | tlv_request tlv_failure eap_success /  tlv_success no_reply -]
Aug 13, 2025 3:39:27 PM de.learnlib.logging.LearnLogger logQuery
INFO: DB CACHE [ε | tlv_request tlv_failure cryptobinding /  tlv_success no_reply -]
Aug 13, 2025 3:39:27 PM de.learnlib.logging.LearnLogger logQuery
INFO: DB CACHE [ε | tlv_request tlv_failure success_and_cryptobinding /  tlv_success no_reply -]
Aug 13, 2025 3:39:27 PM de.learnlib.logging.LearnLogger logQuery
INFO: DB CACHE [ε | tlv_request tlv_failure success_request_with_credentials /  tlv_success no_reply -]
Aug 13, 2025 3:39:27 PM de.learnlib.logging.LearnLogger logQuery
INFO: DB CACHE [ε | tlv_request tlv_failure success_request_all_zeros /  tlv_success no_reply -]
Aug 13, 2025 3:39:27 PM de.learnlib.logging.LearnLogger logQuery
INFO: DB CACHE [ε | tlv_request tlv_failure tlv_failure /  tlv_success no_reply -]
Aug 13, 2025 3:39:27 PM de.learnlib.logging.LearnLogger logQuery
INFO: DB CACHE [ε | tlv_request tlv_failure tlv_request /  tlv_success no_reply -]
Aug 13, 2025 3:39:27 PM de.learnlib.logging.LearnLogger logQuery
INFO: DB CACHE [ε | tlv_request tlv_failure challenge_v0 /  tlv_success no_reply -]
Aug 13, 2025 3:39:27 PM de.learnlib.logging.LearnLogger logQuery
INFO: DB CACHE [ε | tlv_request tlv_failure id_request_v0 /  tlv_success no_reply -]
Aug 13, 2025 3:39:27 PM de.learnlib.logging.LearnLogger logQuery
INFO: DB CACHE [ε | tlv_request tlv_request 4_way_message_1 /  tlv_success no_reply -]
Aug 13, 2025 3:39:27 PM de.learnlib.logging.LearnLogger logQuery
INFO: DB CACHE [ε | tlv_request tlv_request eap_success /  tlv_success no_reply -]
Aug 13, 2025 3:39:27 PM de.learnlib.logging.LearnLogger logQuery
INFO: DB CACHE [ε | tlv_request tlv_request cryptobinding /  tlv_success no_reply -]
Aug 13, 2025 3:39:27 PM de.learnlib.logging.LearnLogger logQuery
INFO: DB CACHE [ε | tlv_request tlv_request success_and_cryptobinding /  tlv_success no_reply -]
Aug 13, 2025 3:39:27 PM de.learnlib.logging.LearnLogger logQuery
INFO: DB CACHE [ε | tlv_request tlv_request success_request_with_credentials /  tlv_success no_reply -]
Aug 13, 2025 3:39:27 PM de.learnlib.logging.LearnLogger logQuery
INFO: DB CACHE [ε | tlv_request tlv_request success_request_all_zeros /  tlv_success no_reply -]
Aug 13, 2025 3:39:27 PM de.learnlib.logging.LearnLogger logQuery
INFO: DB CACHE [ε | tlv_request tlv_request tlv_failure /  tlv_success no_reply -]
Aug 13, 2025 3:39:27 PM de.learnlib.logging.LearnLogger logQuery
INFO: DB CACHE [ε | tlv_request tlv_request tlv_request /  tlv_success no_reply -]
Aug 13, 2025 3:39:27 PM de.learnlib.logging.LearnLogger logQuery
INFO: DB CACHE [ε | tlv_request tlv_request challenge_v0 /  tlv_success no_reply -]
Aug 13, 2025 3:39:27 PM de.learnlib.logging.LearnLogger logQuery
INFO: DB CACHE [ε | tlv_request tlv_request id_request_v0 /  tlv_success no_reply -]
Aug 13, 2025 3:39:27 PM de.learnlib.logging.LearnLogger logQuery
INFO: DB CACHE [ε | tlv_request challenge_v0 4_way_message_1 /  tlv_success no_reply -]
Aug 13, 2025 3:39:27 PM de.learnlib.logging.LearnLogger logQuery
INFO: DB CACHE [ε | tlv_request challenge_v0 eap_success /  tlv_success no_reply -]
Aug 13, 2025 3:39:27 PM de.learnlib.logging.LearnLogger logQuery
INFO: DB CACHE [ε | tlv_request challenge_v0 cryptobinding /  tlv_success no_reply -]
Aug 13, 2025 3:39:27 PM de.learnlib.logging.LearnLogger logQuery
INFO: DB CACHE [ε | tlv_request challenge_v0 success_and_cryptobinding /  tlv_success no_reply -]
Aug 13, 2025 3:39:27 PM de.learnlib.logging.LearnLogger logQuery
INFO: DB CACHE [ε | tlv_request challenge_v0 success_request_with_credentials /  tlv_success no_reply -]
Aug 13, 2025 3:39:27 PM de.learnlib.logging.LearnLogger logQuery
INFO: DB CACHE [ε | tlv_request challenge_v0 success_request_all_zeros /  tlv_success no_reply -]
Aug 13, 2025 3:39:27 PM de.learnlib.logging.LearnLogger logQuery
INFO: DB CACHE [ε | tlv_request challenge_v0 tlv_failure /  tlv_success no_reply -]
Aug 13, 2025 3:39:27 PM de.learnlib.logging.LearnLogger logQuery
INFO: DB CACHE [ε | tlv_request challenge_v0 tlv_request /  tlv_success no_reply -]
Aug 13, 2025 3:39:27 PM de.learnlib.logging.LearnLogger logQuery
INFO: DB CACHE [ε | tlv_request challenge_v0 challenge_v0 /  tlv_success no_reply -]
Aug 13, 2025 3:39:27 PM de.learnlib.logging.LearnLogger logQuery
INFO: DB CACHE [ε | tlv_request challenge_v0 id_request_v0 /  tlv_success no_reply -]
Aug 13, 2025 3:39:27 PM de.learnlib.logging.LearnLogger logQuery
INFO: DB CACHE [ε | tlv_request id_request_v0 4_way_message_1 /  tlv_success no_reply -]
Aug 13, 2025 3:39:27 PM de.learnlib.logging.LearnLogger logQuery
INFO: DB CACHE [ε | tlv_request id_request_v0 eap_success /  tlv_success no_reply -]
Aug 13, 2025 3:39:27 PM de.learnlib.logging.LearnLogger logQuery
INFO: DB CACHE [ε | tlv_request id_request_v0 cryptobinding /  tlv_success no_reply -]
Aug 13, 2025 3:39:27 PM de.learnlib.logging.LearnLogger logQuery
INFO: DB CACHE [ε | tlv_request id_request_v0 success_and_cryptobinding /  tlv_success no_reply -]
Aug 13, 2025 3:39:27 PM de.learnlib.logging.LearnLogger logQuery
INFO: DB CACHE [ε | tlv_request id_request_v0 success_request_with_credentials /  tlv_success no_reply -]
Aug 13, 2025 3:39:27 PM de.learnlib.logging.LearnLogger logQuery
INFO: DB CACHE [ε | tlv_request id_request_v0 success_request_all_zeros /  tlv_success no_reply -]
Aug 13, 2025 3:39:27 PM de.learnlib.logging.LearnLogger logQuery
INFO: DB CACHE [ε | tlv_request id_request_v0 tlv_failure /  tlv_success no_reply -]
Aug 13, 2025 3:39:27 PM de.learnlib.logging.LearnLogger logQuery
INFO: DB CACHE [ε | tlv_request id_request_v0 tlv_request /  tlv_success no_reply -]
Aug 13, 2025 3:39:27 PM de.learnlib.logging.LearnLogger logQuery
INFO: DB CACHE [ε | tlv_request id_request_v0 challenge_v0 /  tlv_success no_reply -]
Aug 13, 2025 3:39:27 PM de.learnlib.logging.LearnLogger logQuery
INFO: DB CACHE [ε | tlv_request id_request_v0 id_request_v0 /  tlv_success no_reply -]
Aug 13, 2025 3:39:27 PM de.learnlib.logging.LearnLogger logQuery
INFO: DB CACHE [ε | challenge_v0 4_way_message_1 4_way_message_1 /  challenge_response_v0 deauthentication -]
Aug 13, 2025 3:39:27 PM de.learnlib.logging.LearnLogger logQuery
INFO: DB CACHE [ε | challenge_v0 4_way_message_1 eap_success /  challenge_response_v0 deauthentication -]
Aug 13, 2025 3:39:27 PM de.learnlib.logging.LearnLogger logQuery
INFO: DB CACHE [ε | challenge_v0 4_way_message_1 cryptobinding /  challenge_response_v0 deauthentication -]
Aug 13, 2025 3:39:27 PM de.learnlib.logging.LearnLogger logQuery
INFO: DB CACHE [ε | challenge_v0 4_way_message_1 success_and_cryptobinding /  challenge_response_v0 deauthentication -]
Aug 13, 2025 3:39:27 PM de.learnlib.logging.LearnLogger logQuery
INFO: DB CACHE [ε | challenge_v0 4_way_message_1 success_request_with_credentials /  challenge_response_v0 deauthentication -]
Aug 13, 2025 3:39:27 PM de.learnlib.logging.LearnLogger logQuery
INFO: DB CACHE [ε | challenge_v0 4_way_message_1 success_request_all_zeros /  challenge_response_v0 deauthentication -]
Aug 13, 2025 3:39:27 PM de.learnlib.logging.LearnLogger logQuery
INFO: DB CACHE [ε | challenge_v0 4_way_message_1 tlv_failure /  challenge_response_v0 deauthentication -]
Aug 13, 2025 3:39:27 PM de.learnlib.logging.LearnLogger logQuery
INFO: DB CACHE [ε | challenge_v0 4_way_message_1 tlv_request /  challenge_response_v0 deauthentication -]
Aug 13, 2025 3:39:27 PM de.learnlib.logging.LearnLogger logQuery
INFO: DB CACHE [ε | challenge_v0 4_way_message_1 challenge_v0 /  challenge_response_v0 deauthentication -]
Aug 13, 2025 3:39:27 PM de.learnlib.logging.LearnLogger logQuery
INFO: DB CACHE [ε | challenge_v0 4_way_message_1 id_request_v0 /  challenge_response_v0 deauthentication -]
Aug 13, 2025 3:39:27 PM de.learnlib.logging.LearnLogger logQuery
INFO: DB CACHE [ε | challenge_v0 eap_success 4_way_message_1 /  challenge_response_v0 deauthentication -]
Aug 13, 2025 3:39:27 PM de.learnlib.logging.LearnLogger logQuery
INFO: DB CACHE [ε | challenge_v0 eap_success eap_success /  challenge_response_v0 deauthentication -]
Aug 13, 2025 3:39:27 PM de.learnlib.logging.LearnLogger logQuery
INFO: DB CACHE [ε | challenge_v0 eap_success cryptobinding /  challenge_response_v0 deauthentication -]
Aug 13, 2025 3:39:27 PM de.learnlib.logging.LearnLogger logQuery
INFO: DB CACHE [ε | challenge_v0 eap_success success_and_cryptobinding /  challenge_response_v0 deauthentication -]
Aug 13, 2025 3:39:27 PM de.learnlib.logging.LearnLogger logQuery
INFO: DB CACHE [ε | challenge_v0 eap_success success_request_with_credentials /  challenge_response_v0 deauthentication -]
Aug 13, 2025 3:39:27 PM de.learnlib.logging.LearnLogger logQuery
INFO: DB CACHE [ε | challenge_v0 eap_success success_request_all_zeros /  challenge_response_v0 deauthentication -]
Aug 13, 2025 3:39:27 PM de.learnlib.logging.LearnLogger logQuery
INFO: DB CACHE [ε | challenge_v0 eap_success tlv_failure /  challenge_response_v0 deauthentication -]
Aug 13, 2025 3:39:27 PM de.learnlib.logging.LearnLogger logQuery
INFO: DB CACHE [ε | challenge_v0 eap_success tlv_request /  challenge_response_v0 deauthentication -]
Aug 13, 2025 3:39:27 PM de.learnlib.logging.LearnLogger logQuery
INFO: DB CACHE [ε | challenge_v0 eap_success challenge_v0 /  challenge_response_v0 deauthentication -]
Aug 13, 2025 3:39:27 PM de.learnlib.logging.LearnLogger logQuery
INFO: DB CACHE [ε | challenge_v0 eap_success id_request_v0 /  challenge_response_v0 deauthentication -]
Aug 13, 2025 3:39:27 PM de.learnlib.logging.LearnLogger logQuery
INFO: DB CACHE [ε | challenge_v0 cryptobinding 4_way_message_1 /  challenge_response_v0 deauthentication -]
Aug 13, 2025 3:39:27 PM de.learnlib.logging.LearnLogger logQuery
INFO: DB CACHE [ε | challenge_v0 cryptobinding eap_success /  challenge_response_v0 deauthentication -]
Aug 13, 2025 3:39:27 PM de.learnlib.logging.LearnLogger logQuery
INFO: DB CACHE [ε | challenge_v0 cryptobinding cryptobinding /  challenge_response_v0 deauthentication -]
Aug 13, 2025 3:39:27 PM de.learnlib.logging.LearnLogger logQuery
INFO: DB CACHE [ε | challenge_v0 cryptobinding success_and_cryptobinding /  challenge_response_v0 deauthentication -]
Aug 13, 2025 3:39:27 PM de.learnlib.logging.LearnLogger logQuery
INFO: DB CACHE [ε | challenge_v0 cryptobinding success_request_with_credentials /  challenge_response_v0 deauthentication -]
Aug 13, 2025 3:39:27 PM de.learnlib.logging.LearnLogger logQuery
INFO: DB CACHE [ε | challenge_v0 cryptobinding success_request_all_zeros /  challenge_response_v0 deauthentication -]
Aug 13, 2025 3:39:27 PM de.learnlib.logging.LearnLogger logQuery
INFO: DB CACHE [ε | challenge_v0 cryptobinding tlv_failure /  challenge_response_v0 deauthentication -]
Aug 13, 2025 3:39:27 PM de.learnlib.logging.LearnLogger logQuery
INFO: DB CACHE [ε | challenge_v0 cryptobinding tlv_request /  challenge_response_v0 deauthentication -]
Aug 13, 2025 3:39:27 PM de.learnlib.logging.LearnLogger logQuery
INFO: DB CACHE [ε | challenge_v0 cryptobinding challenge_v0 /  challenge_response_v0 deauthentication -]
Aug 13, 2025 3:39:27 PM de.learnlib.logging.LearnLogger logQuery
INFO: DB CACHE [ε | challenge_v0 cryptobinding id_request_v0 /  challenge_response_v0 deauthentication -]
Aug 13, 2025 3:39:27 PM de.learnlib.logging.LearnLogger logQuery
INFO: DB CACHE [ε | challenge_v0 success_and_cryptobinding 4_way_message_1 /  challenge_response_v0 tlv_failure -]
Aug 13, 2025 3:39:27 PM de.learnlib.logging.LearnLogger logQuery
INFO: DB CACHE [ε | challenge_v0 success_and_cryptobinding eap_success /  challenge_response_v0 tlv_failure -]
Aug 13, 2025 3:39:27 PM de.learnlib.logging.LearnLogger logQuery
INFO: DB CACHE [ε | challenge_v0 success_and_cryptobinding cryptobinding /  challenge_response_v0 tlv_failure -]
Aug 13, 2025 3:39:27 PM de.learnlib.logging.LearnLogger logQuery
INFO: DB CACHE [ε | challenge_v0 success_and_cryptobinding success_and_cryptobinding /  challenge_response_v0 tlv_failure -]
Aug 13, 2025 3:39:27 PM de.learnlib.logging.LearnLogger logQuery
INFO: DB CACHE [ε | challenge_v0 success_and_cryptobinding success_request_with_credentials /  challenge_response_v0 tlv_failure -]
Aug 13, 2025 3:39:27 PM de.learnlib.logging.LearnLogger logQuery
INFO: DB CACHE [ε | challenge_v0 success_and_cryptobinding success_request_all_zeros /  challenge_response_v0 tlv_failure -]
Aug 13, 2025 3:39:27 PM de.learnlib.logging.LearnLogger logQuery
INFO: DB CACHE [ε | challenge_v0 success_and_cryptobinding tlv_failure /  challenge_response_v0 tlv_failure -]
Aug 13, 2025 3:39:27 PM de.learnlib.logging.LearnLogger logQuery
INFO: DB CACHE [ε | challenge_v0 success_and_cryptobinding tlv_request /  challenge_response_v0 tlv_failure -]
Aug 13, 2025 3:39:27 PM de.learnlib.logging.LearnLogger logQuery
INFO: DB CACHE [ε | challenge_v0 success_and_cryptobinding challenge_v0 /  challenge_response_v0 tlv_failure -]
Aug 13, 2025 3:39:27 PM de.learnlib.logging.LearnLogger logQuery
INFO: DB CACHE [ε | challenge_v0 success_and_cryptobinding id_request_v0 /  challenge_response_v0 tlv_failure -]
Aug 13, 2025 3:39:28 PM de.learnlib.logging.LearnLogger logQuery
INFO: [ε | challenge_v0 success_request_with_credentials 4_way_message_1 / ε | challenge_response_v0 success_response_v0 deauthentication]
Aug 13, 2025 3:39:29 PM de.learnlib.logging.LearnLogger logQuery
INFO: [ε | challenge_v0 success_request_with_credentials eap_success / ε | challenge_response_v0 success_response_v0 deauthentication]
Aug 13, 2025 3:39:30 PM de.learnlib.logging.LearnLogger logQuery
INFO: [ε | challenge_v0 success_request_with_credentials cryptobinding / ε | challenge_response_v0 success_response_v0 no_reply]
Aug 13, 2025 3:39:31 PM de.learnlib.logging.LearnLogger logQuery
INFO: [ε | challenge_v0 success_request_with_credentials success_and_cryptobinding / ε | challenge_response_v0 success_response_v0 tlv_success_and_cryptobinding]
Aug 13, 2025 3:39:32 PM de.learnlib.logging.LearnLogger logQuery
INFO: [ε | challenge_v0 success_request_with_credentials success_request_with_credentials / ε | challenge_response_v0 success_response_v0 success_response_v0]
Aug 13, 2025 3:39:33 PM de.learnlib.logging.LearnLogger logQuery
INFO: [ε | challenge_v0 success_request_with_credentials success_request_all_zeros / ε | challenge_response_v0 success_response_v0 no_reply]
Aug 13, 2025 3:39:34 PM de.learnlib.logging.LearnLogger logQuery
INFO: [ε | challenge_v0 success_request_with_credentials tlv_failure / ε | challenge_response_v0 success_response_v0 tlv_failure]
Aug 13, 2025 3:39:35 PM de.learnlib.logging.LearnLogger logQuery
INFO: [ε | challenge_v0 success_request_with_credentials tlv_request / ε | challenge_response_v0 success_response_v0 tlv_success]
Aug 13, 2025 3:39:36 PM de.learnlib.logging.LearnLogger logQuery
INFO: [ε | challenge_v0 success_request_with_credentials challenge_v0 / ε | challenge_response_v0 success_response_v0 challenge_response_v0]
Aug 13, 2025 3:39:36 PM de.learnlib.logging.LearnLogger logQuery
INFO: [ε | challenge_v0 success_request_with_credentials id_request_v0 / ε | challenge_response_v0 success_response_v0 id_response_v0]
Aug 13, 2025 3:39:37 PM de.learnlib.logging.LearnLogger logQuery
INFO: DB CACHE [ε | challenge_v0 success_request_all_zeros 4_way_message_1 /  challenge_response_v0 no_reply -]
Aug 13, 2025 3:39:37 PM de.learnlib.logging.LearnLogger logQuery
INFO: DB CACHE [ε | challenge_v0 success_request_all_zeros eap_success /  challenge_response_v0 no_reply -]
Aug 13, 2025 3:39:37 PM de.learnlib.logging.LearnLogger logQuery
INFO: DB CACHE [ε | challenge_v0 success_request_all_zeros cryptobinding /  challenge_response_v0 no_reply -]
Aug 13, 2025 3:39:37 PM de.learnlib.logging.LearnLogger logQuery
INFO: DB CACHE [ε | challenge_v0 success_request_all_zeros success_and_cryptobinding /  challenge_response_v0 no_reply -]
Aug 13, 2025 3:39:37 PM de.learnlib.logging.LearnLogger logQuery
INFO: DB CACHE [ε | challenge_v0 success_request_all_zeros success_request_with_credentials /  challenge_response_v0 no_reply -]
Aug 13, 2025 3:39:37 PM de.learnlib.logging.LearnLogger logQuery
INFO: DB CACHE [ε | challenge_v0 success_request_all_zeros success_request_all_zeros /  challenge_response_v0 no_reply -]
Aug 13, 2025 3:39:37 PM de.learnlib.logging.LearnLogger logQuery
INFO: DB CACHE [ε | challenge_v0 success_request_all_zeros tlv_failure /  challenge_response_v0 no_reply -]
Aug 13, 2025 3:39:37 PM de.learnlib.logging.LearnLogger logQuery
INFO: DB CACHE [ε | challenge_v0 success_request_all_zeros tlv_request /  challenge_response_v0 no_reply -]
Aug 13, 2025 3:39:37 PM de.learnlib.logging.LearnLogger logQuery
INFO: DB CACHE [ε | challenge_v0 success_request_all_zeros challenge_v0 /  challenge_response_v0 no_reply -]
Aug 13, 2025 3:39:37 PM de.learnlib.logging.LearnLogger logQuery
INFO: DB CACHE [ε | challenge_v0 success_request_all_zeros id_request_v0 /  challenge_response_v0 no_reply -]
Aug 13, 2025 3:39:37 PM de.learnlib.logging.LearnLogger logQuery
INFO: DB CACHE [ε | challenge_v0 tlv_failure 4_way_message_1 /  challenge_response_v0 tlv_failure -]
Aug 13, 2025 3:39:37 PM de.learnlib.logging.LearnLogger logQuery
INFO: DB CACHE [ε | challenge_v0 tlv_failure eap_success /  challenge_response_v0 tlv_failure -]
Aug 13, 2025 3:39:37 PM de.learnlib.logging.LearnLogger logQuery
INFO: DB CACHE [ε | challenge_v0 tlv_failure cryptobinding /  challenge_response_v0 tlv_failure -]
Aug 13, 2025 3:39:37 PM de.learnlib.logging.LearnLogger logQuery
INFO: DB CACHE [ε | challenge_v0 tlv_failure success_and_cryptobinding /  challenge_response_v0 tlv_failure -]
Aug 13, 2025 3:39:37 PM de.learnlib.logging.LearnLogger logQuery
INFO: DB CACHE [ε | challenge_v0 tlv_failure success_request_with_credentials /  challenge_response_v0 tlv_failure -]
Aug 13, 2025 3:39:37 PM de.learnlib.logging.LearnLogger logQuery
INFO: DB CACHE [ε | challenge_v0 tlv_failure success_request_all_zeros /  challenge_response_v0 tlv_failure -]
Aug 13, 2025 3:39:37 PM de.learnlib.logging.LearnLogger logQuery
INFO: DB CACHE [ε | challenge_v0 tlv_failure tlv_failure /  challenge_response_v0 tlv_failure -]
Aug 13, 2025 3:39:37 PM de.learnlib.logging.LearnLogger logQuery
INFO: DB CACHE [ε | challenge_v0 tlv_failure tlv_request /  challenge_response_v0 tlv_failure -]
Aug 13, 2025 3:39:37 PM de.learnlib.logging.LearnLogger logQuery
INFO: DB CACHE [ε | challenge_v0 tlv_failure challenge_v0 /  challenge_response_v0 tlv_failure -]
Aug 13, 2025 3:39:37 PM de.learnlib.logging.LearnLogger logQuery
INFO: DB CACHE [ε | challenge_v0 tlv_failure id_request_v0 /  challenge_response_v0 tlv_failure -]
Aug 13, 2025 3:39:37 PM de.learnlib.logging.LearnLogger logQuery
INFO: DB CACHE [ε | challenge_v0 tlv_request 4_way_message_1 /  challenge_response_v0 tlv_failure -]
Aug 13, 2025 3:39:37 PM de.learnlib.logging.LearnLogger logQuery
INFO: DB CACHE [ε | challenge_v0 tlv_request eap_success /  challenge_response_v0 tlv_failure -]
Aug 13, 2025 3:39:37 PM de.learnlib.logging.LearnLogger logQuery
INFO: DB CACHE [ε | challenge_v0 tlv_request cryptobinding /  challenge_response_v0 tlv_failure -]
Aug 13, 2025 3:39:37 PM de.learnlib.logging.LearnLogger logQuery
INFO: DB CACHE [ε | challenge_v0 tlv_request success_and_cryptobinding /  challenge_response_v0 tlv_failure -]
Aug 13, 2025 3:39:37 PM de.learnlib.logging.LearnLogger logQuery
INFO: DB CACHE [ε | challenge_v0 tlv_request success_request_with_credentials /  challenge_response_v0 tlv_failure -]
Aug 13, 2025 3:39:37 PM de.learnlib.logging.LearnLogger logQuery
INFO: DB CACHE [ε | challenge_v0 tlv_request success_request_all_zeros /  challenge_response_v0 tlv_failure -]
Aug 13, 2025 3:39:37 PM de.learnlib.logging.LearnLogger logQuery
INFO: DB CACHE [ε | challenge_v0 tlv_request tlv_failure /  challenge_response_v0 tlv_failure -]
Aug 13, 2025 3:39:37 PM de.learnlib.logging.LearnLogger logQuery
INFO: DB CACHE [ε | challenge_v0 tlv_request tlv_request /  challenge_response_v0 tlv_failure -]
Aug 13, 2025 3:39:37 PM de.learnlib.logging.LearnLogger logQuery
INFO: DB CACHE [ε | challenge_v0 tlv_request challenge_v0 /  challenge_response_v0 tlv_failure -]
Aug 13, 2025 3:39:37 PM de.learnlib.logging.LearnLogger logQuery
INFO: DB CACHE [ε | challenge_v0 tlv_request id_request_v0 /  challenge_response_v0 tlv_failure -]
Aug 13, 2025 3:39:37 PM de.learnlib.logging.LearnLogger logQuery
INFO: [ε | challenge_v0 challenge_v0 4_way_message_1 / ε | challenge_response_v0 challenge_response_v0 deauthentication]
Aug 13, 2025 3:39:38 PM de.learnlib.logging.LearnLogger logQuery
INFO: [ε | challenge_v0 challenge_v0 eap_success / ε | challenge_response_v0 challenge_response_v0 deauthentication]
Aug 13, 2025 3:39:39 PM de.learnlib.logging.LearnLogger logQuery
INFO: [ε | challenge_v0 challenge_v0 cryptobinding / ε | challenge_response_v0 challenge_response_v0 deauthentication]
Aug 13, 2025 3:39:40 PM de.learnlib.logging.LearnLogger logQuery
INFO: [ε | challenge_v0 challenge_v0 success_and_cryptobinding / ε | challenge_response_v0 challenge_response_v0 tlv_failure]
Aug 13, 2025 3:39:41 PM de.learnlib.logging.LearnLogger logQuery
INFO: [ε | challenge_v0 challenge_v0 success_request_with_credentials / ε | challenge_response_v0 challenge_response_v0 success_response_v0]
Aug 13, 2025 3:39:43 PM de.learnlib.logging.LearnLogger logQuery
INFO: [ε | challenge_v0 challenge_v0 success_request_all_zeros / ε | challenge_response_v0 challenge_response_v0 no_reply]
Aug 13, 2025 3:39:44 PM de.learnlib.logging.LearnLogger logQuery
INFO: [ε | challenge_v0 challenge_v0 tlv_failure / ε | challenge_response_v0 challenge_response_v0 tlv_failure]
Aug 13, 2025 3:39:44 PM de.learnlib.logging.LearnLogger logQuery
INFO: [ε | challenge_v0 challenge_v0 tlv_request / ε | challenge_response_v0 challenge_response_v0 tlv_failure]
Aug 13, 2025 3:39:45 PM de.learnlib.logging.LearnLogger logQuery
INFO: [ε | challenge_v0 challenge_v0 challenge_v0 / ε | challenge_response_v0 challenge_response_v0 challenge_response_v0]
Aug 13, 2025 3:39:46 PM de.learnlib.logging.LearnLogger logQuery
INFO: [ε | challenge_v0 challenge_v0 id_request_v0 / ε | challenge_response_v0 challenge_response_v0 id_response_v0]
Aug 13, 2025 3:39:47 PM de.learnlib.logging.LearnLogger logQuery
INFO: [ε | challenge_v0 id_request_v0 4_way_message_1 / ε | challenge_response_v0 id_response_v0 deauthentication]
Aug 13, 2025 3:39:48 PM de.learnlib.logging.LearnLogger logQuery
INFO: [ε | challenge_v0 id_request_v0 eap_success / ε | challenge_response_v0 id_response_v0 deauthentication]
Aug 13, 2025 3:39:49 PM de.learnlib.logging.LearnLogger logQuery
INFO: [ε | challenge_v0 id_request_v0 cryptobinding / ε | challenge_response_v0 id_response_v0 deauthentication]
Aug 13, 2025 3:39:50 PM de.learnlib.logging.LearnLogger logQuery
INFO: [ε | challenge_v0 id_request_v0 success_and_cryptobinding / ε | challenge_response_v0 id_response_v0 tlv_failure]
Aug 13, 2025 3:39:51 PM de.learnlib.logging.LearnLogger logQuery
INFO: [ε | challenge_v0 id_request_v0 success_request_with_credentials / ε | challenge_response_v0 id_response_v0 success_response_v0]
Aug 13, 2025 3:39:52 PM de.learnlib.logging.LearnLogger logQuery
INFO: [ε | challenge_v0 id_request_v0 success_request_all_zeros / ε | challenge_response_v0 id_response_v0 no_reply]
Aug 13, 2025 3:39:53 PM de.learnlib.logging.LearnLogger logQuery
INFO: [ε | challenge_v0 id_request_v0 tlv_failure / ε | challenge_response_v0 id_response_v0 tlv_failure]
Aug 13, 2025 3:39:54 PM de.learnlib.logging.LearnLogger logQuery
INFO: [ε | challenge_v0 id_request_v0 tlv_request / ε | challenge_response_v0 id_response_v0 tlv_failure]
Aug 13, 2025 3:39:55 PM de.learnlib.logging.LearnLogger logQuery
INFO: [ε | challenge_v0 id_request_v0 challenge_v0 / ε | challenge_response_v0 id_response_v0 challenge_response_v0]
Aug 13, 2025 3:39:56 PM de.learnlib.logging.LearnLogger logQuery
INFO: [ε | challenge_v0 id_request_v0 id_request_v0 / ε | challenge_response_v0 id_response_v0 id_response_v0]
Aug 13, 2025 3:39:56 PM de.learnlib.logging.LearnLogger logQuery
INFO: DB CACHE [ε | challenge_v0 success_request_with_credentials 4_way_message_1 4_way_message_1 /  challenge_response_v0 success_response_v0 deauthentication -]
Aug 13, 2025 3:39:56 PM de.learnlib.logging.LearnLogger logQuery
INFO: DB CACHE [ε | challenge_v0 success_request_with_credentials 4_way_message_1 eap_success /  challenge_response_v0 success_response_v0 deauthentication -]
Aug 13, 2025 3:39:56 PM de.learnlib.logging.LearnLogger logQuery
INFO: DB CACHE [ε | challenge_v0 success_request_with_credentials 4_way_message_1 cryptobinding /  challenge_response_v0 success_response_v0 deauthentication -]
Aug 13, 2025 3:39:56 PM de.learnlib.logging.LearnLogger logQuery
INFO: DB CACHE [ε | challenge_v0 success_request_with_credentials 4_way_message_1 success_and_cryptobinding /  challenge_response_v0 success_response_v0 deauthentication -]
Aug 13, 2025 3:39:56 PM de.learnlib.logging.LearnLogger logQuery
INFO: DB CACHE [ε | challenge_v0 success_request_with_credentials 4_way_message_1 success_request_with_credentials /  challenge_response_v0 success_response_v0 deauthentication -]
Aug 13, 2025 3:39:56 PM de.learnlib.logging.LearnLogger logQuery
INFO: DB CACHE [ε | challenge_v0 success_request_with_credentials 4_way_message_1 success_request_all_zeros /  challenge_response_v0 success_response_v0 deauthentication -]
Aug 13, 2025 3:39:56 PM de.learnlib.logging.LearnLogger logQuery
INFO: DB CACHE [ε | challenge_v0 success_request_with_credentials 4_way_message_1 tlv_failure /  challenge_response_v0 success_response_v0 deauthentication -]
Aug 13, 2025 3:39:56 PM de.learnlib.logging.LearnLogger logQuery
INFO: DB CACHE [ε | challenge_v0 success_request_with_credentials 4_way_message_1 tlv_request /  challenge_response_v0 success_response_v0 deauthentication -]
Aug 13, 2025 3:39:56 PM de.learnlib.logging.LearnLogger logQuery
INFO: DB CACHE [ε | challenge_v0 success_request_with_credentials 4_way_message_1 challenge_v0 /  challenge_response_v0 success_response_v0 deauthentication -]
Aug 13, 2025 3:39:56 PM de.learnlib.logging.LearnLogger logQuery
INFO: DB CACHE [ε | challenge_v0 success_request_with_credentials 4_way_message_1 id_request_v0 /  challenge_response_v0 success_response_v0 deauthentication -]
Aug 13, 2025 3:39:56 PM de.learnlib.logging.LearnLogger logQuery
INFO: DB CACHE [ε | challenge_v0 success_request_with_credentials eap_success 4_way_message_1 /  challenge_response_v0 success_response_v0 deauthentication -]
Aug 13, 2025 3:39:56 PM de.learnlib.logging.LearnLogger logQuery
INFO: DB CACHE [ε | challenge_v0 success_request_with_credentials eap_success eap_success /  challenge_response_v0 success_response_v0 deauthentication -]
Aug 13, 2025 3:39:56 PM de.learnlib.logging.LearnLogger logQuery
INFO: DB CACHE [ε | challenge_v0 success_request_with_credentials eap_success cryptobinding /  challenge_response_v0 success_response_v0 deauthentication -]
Aug 13, 2025 3:39:56 PM de.learnlib.logging.LearnLogger logQuery
INFO: DB CACHE [ε | challenge_v0 success_request_with_credentials eap_success success_and_cryptobinding /  challenge_response_v0 success_response_v0 deauthentication -]
Aug 13, 2025 3:39:56 PM de.learnlib.logging.LearnLogger logQuery
INFO: DB CACHE [ε | challenge_v0 success_request_with_credentials eap_success success_request_with_credentials /  challenge_response_v0 success_response_v0 deauthentication -]
Aug 13, 2025 3:39:56 PM de.learnlib.logging.LearnLogger logQuery
INFO: DB CACHE [ε | challenge_v0 success_request_with_credentials eap_success success_request_all_zeros /  challenge_response_v0 success_response_v0 deauthentication -]
Aug 13, 2025 3:39:56 PM de.learnlib.logging.LearnLogger logQuery
INFO: DB CACHE [ε | challenge_v0 success_request_with_credentials eap_success tlv_failure /  challenge_response_v0 success_response_v0 deauthentication -]
Aug 13, 2025 3:39:56 PM de.learnlib.logging.LearnLogger logQuery
INFO: DB CACHE [ε | challenge_v0 success_request_with_credentials eap_success tlv_request /  challenge_response_v0 success_response_v0 deauthentication -]
Aug 13, 2025 3:39:56 PM de.learnlib.logging.LearnLogger logQuery
INFO: DB CACHE [ε | challenge_v0 success_request_with_credentials eap_success challenge_v0 /  challenge_response_v0 success_response_v0 deauthentication -]
Aug 13, 2025 3:39:56 PM de.learnlib.logging.LearnLogger logQuery
INFO: DB CACHE [ε | challenge_v0 success_request_with_credentials eap_success id_request_v0 /  challenge_response_v0 success_response_v0 deauthentication -]
Aug 13, 2025 3:39:56 PM de.learnlib.logging.LearnLogger logQuery
INFO: DB CACHE [ε | challenge_v0 success_request_with_credentials cryptobinding 4_way_message_1 /  challenge_response_v0 success_response_v0 no_reply -]
Aug 13, 2025 3:39:56 PM de.learnlib.logging.LearnLogger logQuery
INFO: DB CACHE [ε | challenge_v0 success_request_with_credentials cryptobinding eap_success /  challenge_response_v0 success_response_v0 no_reply -]
Aug 13, 2025 3:39:56 PM de.learnlib.logging.LearnLogger logQuery
INFO: DB CACHE [ε | challenge_v0 success_request_with_credentials cryptobinding cryptobinding /  challenge_response_v0 success_response_v0 no_reply -]
Aug 13, 2025 3:39:56 PM de.learnlib.logging.LearnLogger logQuery
INFO: DB CACHE [ε | challenge_v0 success_request_with_credentials cryptobinding success_and_cryptobinding /  challenge_response_v0 success_response_v0 no_reply -]
Aug 13, 2025 3:39:56 PM de.learnlib.logging.LearnLogger logQuery
INFO: DB CACHE [ε | challenge_v0 success_request_with_credentials cryptobinding success_request_with_credentials /  challenge_response_v0 success_response_v0 no_reply -]
Aug 13, 2025 3:39:56 PM de.learnlib.logging.LearnLogger logQuery
INFO: DB CACHE [ε | challenge_v0 success_request_with_credentials cryptobinding success_request_all_zeros /  challenge_response_v0 success_response_v0 no_reply -]
Aug 13, 2025 3:39:56 PM de.learnlib.logging.LearnLogger logQuery
INFO: DB CACHE [ε | challenge_v0 success_request_with_credentials cryptobinding tlv_failure /  challenge_response_v0 success_response_v0 no_reply -]
Aug 13, 2025 3:39:56 PM de.learnlib.logging.LearnLogger logQuery
INFO: DB CACHE [ε | challenge_v0 success_request_with_credentials cryptobinding tlv_request /  challenge_response_v0 success_response_v0 no_reply -]
Aug 13, 2025 3:39:56 PM de.learnlib.logging.LearnLogger logQuery
INFO: DB CACHE [ε | challenge_v0 success_request_with_credentials cryptobinding challenge_v0 /  challenge_response_v0 success_response_v0 no_reply -]
Aug 13, 2025 3:39:56 PM de.learnlib.logging.LearnLogger logQuery
INFO: DB CACHE [ε | challenge_v0 success_request_with_credentials cryptobinding id_request_v0 /  challenge_response_v0 success_response_v0 no_reply -]
Aug 13, 2025 3:39:57 PM de.learnlib.logging.LearnLogger logQuery
INFO: [ε | challenge_v0 success_request_with_credentials success_and_cryptobinding 4_way_message_1 / ε | challenge_response_v0 success_response_v0 tlv_success_and_cryptobinding 4_way_message_2]
Aug 13, 2025 3:39:58 PM de.learnlib.logging.LearnLogger logQuery
INFO: [ε | challenge_v0 success_request_with_credentials success_and_cryptobinding eap_success / ε | challenge_response_v0 success_response_v0 tlv_success_and_cryptobinding after_eap_success]
Aug 13, 2025 3:40:00 PM de.learnlib.logging.LearnLogger logQuery
INFO: [ε | challenge_v0 success_request_with_credentials success_and_cryptobinding cryptobinding / ε | challenge_response_v0 success_response_v0 tlv_success_and_cryptobinding no_reply]
Aug 13, 2025 3:40:01 PM de.learnlib.logging.LearnLogger logQuery
INFO: [ε | challenge_v0 success_request_with_credentials success_and_cryptobinding success_and_cryptobinding / ε | challenge_response_v0 success_response_v0 tlv_success_and_cryptobinding no_reply]
Aug 13, 2025 3:40:03 PM de.learnlib.logging.LearnLogger logQuery
INFO: [ε | challenge_v0 success_request_with_credentials success_and_cryptobinding success_request_with_credentials / ε | challenge_response_v0 success_response_v0 tlv_success_and_cryptobinding no_reply]
Aug 13, 2025 3:40:04 PM de.learnlib.logging.LearnLogger logQuery
INFO: [ε | challenge_v0 success_request_with_credentials success_and_cryptobinding success_request_all_zeros / ε | challenge_response_v0 success_response_v0 tlv_success_and_cryptobinding no_reply]
Aug 13, 2025 3:40:06 PM de.learnlib.logging.LearnLogger logQuery
INFO: [ε | challenge_v0 success_request_with_credentials success_and_cryptobinding tlv_failure / ε | challenge_response_v0 success_response_v0 tlv_success_and_cryptobinding no_reply]
Aug 13, 2025 3:40:07 PM de.learnlib.logging.LearnLogger logQuery
INFO: [ε | challenge_v0 success_request_with_credentials success_and_cryptobinding tlv_request / ε | challenge_response_v0 success_response_v0 tlv_success_and_cryptobinding no_reply]
Aug 13, 2025 3:40:09 PM de.learnlib.logging.LearnLogger logQuery
INFO: [ε | challenge_v0 success_request_with_credentials success_and_cryptobinding challenge_v0 / ε | challenge_response_v0 success_response_v0 tlv_success_and_cryptobinding no_reply]
Aug 13, 2025 3:40:10 PM de.learnlib.logging.LearnLogger logQuery
INFO: [ε | challenge_v0 success_request_with_credentials success_and_cryptobinding id_request_v0 / ε | challenge_response_v0 success_response_v0 tlv_success_and_cryptobinding no_reply]
Aug 13, 2025 3:40:11 PM de.learnlib.logging.LearnLogger logQuery
INFO: [ε | challenge_v0 success_request_with_credentials success_request_with_credentials 4_way_message_1 / ε | challenge_response_v0 success_response_v0 success_response_v0 deauthentication]
Aug 13, 2025 3:40:12 PM de.learnlib.logging.LearnLogger logQuery
INFO: [ε | challenge_v0 success_request_with_credentials success_request_with_credentials eap_success / ε | challenge_response_v0 success_response_v0 success_response_v0 deauthentication]
Aug 13, 2025 3:40:14 PM de.learnlib.logging.LearnLogger logQuery
INFO: [ε | challenge_v0 success_request_with_credentials success_request_with_credentials cryptobinding / ε | challenge_response_v0 success_response_v0 success_response_v0 no_reply]
Aug 13, 2025 3:40:15 PM de.learnlib.logging.LearnLogger logQuery
INFO: [ε | challenge_v0 success_request_with_credentials success_request_with_credentials success_and_cryptobinding / ε | challenge_response_v0 success_response_v0 success_response_v0 tlv_success_and_cryptobinding]
Aug 13, 2025 3:40:16 PM de.learnlib.logging.LearnLogger logQuery
INFO: [ε | challenge_v0 success_request_with_credentials success_request_with_credentials success_request_with_credentials / ε | challenge_response_v0 success_response_v0 success_response_v0 success_response_v0]
Aug 13, 2025 3:40:17 PM de.learnlib.logging.LearnLogger logQuery
INFO: [ε | challenge_v0 success_request_with_credentials success_request_with_credentials success_request_all_zeros / ε | challenge_response_v0 success_response_v0 success_response_v0 no_reply]
Aug 13, 2025 3:40:18 PM de.learnlib.logging.LearnLogger logQuery
INFO: [ε | challenge_v0 success_request_with_credentials success_request_with_credentials tlv_failure / ε | challenge_response_v0 success_response_v0 success_response_v0 tlv_failure]
Aug 13, 2025 3:40:19 PM de.learnlib.logging.LearnLogger logQuery
INFO: [ε | challenge_v0 success_request_with_credentials success_request_with_credentials tlv_request / ε | challenge_response_v0 success_response_v0 success_response_v0 tlv_success]
Aug 13, 2025 3:40:20 PM de.learnlib.logging.LearnLogger logQuery
INFO: [ε | challenge_v0 success_request_with_credentials success_request_with_credentials challenge_v0 / ε | challenge_response_v0 success_response_v0 success_response_v0 challenge_response_v0]
Aug 13, 2025 3:40:20 PM de.learnlib.logging.LearnLogger logQuery
INFO: [ε | challenge_v0 success_request_with_credentials success_request_with_credentials id_request_v0 / ε | challenge_response_v0 success_response_v0 success_response_v0 id_response_v0]
Aug 13, 2025 3:40:21 PM de.learnlib.logging.LearnLogger logQuery
INFO: DB CACHE [ε | challenge_v0 success_request_with_credentials success_request_all_zeros 4_way_message_1 /  challenge_response_v0 success_response_v0 no_reply -]
Aug 13, 2025 3:40:21 PM de.learnlib.logging.LearnLogger logQuery
INFO: DB CACHE [ε | challenge_v0 success_request_with_credentials success_request_all_zeros eap_success /  challenge_response_v0 success_response_v0 no_reply -]
Aug 13, 2025 3:40:21 PM de.learnlib.logging.LearnLogger logQuery
INFO: DB CACHE [ε | challenge_v0 success_request_with_credentials success_request_all_zeros cryptobinding /  challenge_response_v0 success_response_v0 no_reply -]
Aug 13, 2025 3:40:21 PM de.learnlib.logging.LearnLogger logQuery
INFO: DB CACHE [ε | challenge_v0 success_request_with_credentials success_request_all_zeros success_and_cryptobinding /  challenge_response_v0 success_response_v0 no_reply -]
Aug 13, 2025 3:40:21 PM de.learnlib.logging.LearnLogger logQuery
INFO: DB CACHE [ε | challenge_v0 success_request_with_credentials success_request_all_zeros success_request_with_credentials /  challenge_response_v0 success_response_v0 no_reply -]
Aug 13, 2025 3:40:21 PM de.learnlib.logging.LearnLogger logQuery
INFO: DB CACHE [ε | challenge_v0 success_request_with_credentials success_request_all_zeros success_request_all_zeros /  challenge_response_v0 success_response_v0 no_reply -]
Aug 13, 2025 3:40:21 PM de.learnlib.logging.LearnLogger logQuery
INFO: DB CACHE [ε | challenge_v0 success_request_with_credentials success_request_all_zeros tlv_failure /  challenge_response_v0 success_response_v0 no_reply -]
Aug 13, 2025 3:40:21 PM de.learnlib.logging.LearnLogger logQuery
INFO: DB CACHE [ε | challenge_v0 success_request_with_credentials success_request_all_zeros tlv_request /  challenge_response_v0 success_response_v0 no_reply -]
Aug 13, 2025 3:40:21 PM de.learnlib.logging.LearnLogger logQuery
INFO: DB CACHE [ε | challenge_v0 success_request_with_credentials success_request_all_zeros challenge_v0 /  challenge_response_v0 success_response_v0 no_reply -]
Aug 13, 2025 3:40:21 PM de.learnlib.logging.LearnLogger logQuery
INFO: DB CACHE [ε | challenge_v0 success_request_with_credentials success_request_all_zeros id_request_v0 /  challenge_response_v0 success_response_v0 no_reply -]
Aug 13, 2025 3:40:21 PM de.learnlib.logging.LearnLogger logQuery
INFO: DB CACHE [ε | challenge_v0 success_request_with_credentials tlv_failure 4_way_message_1 /  challenge_response_v0 success_response_v0 tlv_failure -]
Aug 13, 2025 3:40:21 PM de.learnlib.logging.LearnLogger logQuery
INFO: DB CACHE [ε | challenge_v0 success_request_with_credentials tlv_failure eap_success /  challenge_response_v0 success_response_v0 tlv_failure -]
Aug 13, 2025 3:40:21 PM de.learnlib.logging.LearnLogger logQuery
INFO: DB CACHE [ε | challenge_v0 success_request_with_credentials tlv_failure cryptobinding /  challenge_response_v0 success_response_v0 tlv_failure -]
Aug 13, 2025 3:40:21 PM de.learnlib.logging.LearnLogger logQuery
INFO: DB CACHE [ε | challenge_v0 success_request_with_credentials tlv_failure success_and_cryptobinding /  challenge_response_v0 success_response_v0 tlv_failure -]
Aug 13, 2025 3:40:21 PM de.learnlib.logging.LearnLogger logQuery
INFO: DB CACHE [ε | challenge_v0 success_request_with_credentials tlv_failure success_request_with_credentials /  challenge_response_v0 success_response_v0 tlv_failure -]
Aug 13, 2025 3:40:21 PM de.learnlib.logging.LearnLogger logQuery
INFO: DB CACHE [ε | challenge_v0 success_request_with_credentials tlv_failure success_request_all_zeros /  challenge_response_v0 success_response_v0 tlv_failure -]
Aug 13, 2025 3:40:21 PM de.learnlib.logging.LearnLogger logQuery
INFO: DB CACHE [ε | challenge_v0 success_request_with_credentials tlv_failure tlv_failure /  challenge_response_v0 success_response_v0 tlv_failure -]
Aug 13, 2025 3:40:21 PM de.learnlib.logging.LearnLogger logQuery
INFO: DB CACHE [ε | challenge_v0 success_request_with_credentials tlv_failure tlv_request /  challenge_response_v0 success_response_v0 tlv_failure -]
Aug 13, 2025 3:40:21 PM de.learnlib.logging.LearnLogger logQuery
INFO: DB CACHE [ε | challenge_v0 success_request_with_credentials tlv_failure challenge_v0 /  challenge_response_v0 success_response_v0 tlv_failure -]
Aug 13, 2025 3:40:21 PM de.learnlib.logging.LearnLogger logQuery
INFO: DB CACHE [ε | challenge_v0 success_request_with_credentials tlv_failure id_request_v0 /  challenge_response_v0 success_response_v0 tlv_failure -]
Aug 13, 2025 3:40:21 PM de.learnlib.logging.LearnLogger logQuery
INFO: [ε | challenge_v0 success_request_with_credentials tlv_request 4_way_message_1 / ε | challenge_response_v0 success_response_v0 tlv_success 4_way_message_2]
Aug 13, 2025 3:40:23 PM de.learnlib.logging.LearnLogger logQuery
INFO: [ε | challenge_v0 success_request_with_credentials tlv_request eap_success / ε | challenge_response_v0 success_response_v0 tlv_success after_eap_success]
Aug 13, 2025 3:40:24 PM de.learnlib.logging.LearnLogger logQuery
INFO: [ε | challenge_v0 success_request_with_credentials tlv_request cryptobinding / ε | challenge_response_v0 success_response_v0 tlv_success no_reply]
Aug 13, 2025 3:40:26 PM de.learnlib.logging.LearnLogger logQuery
INFO: [ε | challenge_v0 success_request_with_credentials tlv_request success_and_cryptobinding / ε | challenge_response_v0 success_response_v0 tlv_success no_reply]
Aug 13, 2025 3:40:27 PM de.learnlib.logging.LearnLogger logQuery
INFO: [ε | challenge_v0 success_request_with_credentials tlv_request success_request_with_credentials / ε | challenge_response_v0 success_response_v0 tlv_success no_reply]
Aug 13, 2025 3:40:29 PM de.learnlib.logging.LearnLogger logQuery
INFO: [ε | challenge_v0 success_request_with_credentials tlv_request success_request_all_zeros / ε | challenge_response_v0 success_response_v0 tlv_success no_reply]
Aug 13, 2025 3:40:30 PM de.learnlib.logging.LearnLogger logQuery
INFO: [ε | challenge_v0 success_request_with_credentials tlv_request tlv_failure / ε | challenge_response_v0 success_response_v0 tlv_success no_reply]
Aug 13, 2025 3:40:32 PM de.learnlib.logging.LearnLogger logQuery
INFO: [ε | challenge_v0 success_request_with_credentials tlv_request tlv_request / ε | challenge_response_v0 success_response_v0 tlv_success no_reply]
Aug 13, 2025 3:40:33 PM de.learnlib.logging.LearnLogger logQuery
INFO: [ε | challenge_v0 success_request_with_credentials tlv_request challenge_v0 / ε | challenge_response_v0 success_response_v0 tlv_success no_reply]
Aug 13, 2025 3:40:34 PM de.learnlib.logging.LearnLogger logQuery
INFO: [ε | challenge_v0 success_request_with_credentials tlv_request id_request_v0 / ε | challenge_response_v0 success_response_v0 tlv_success no_reply]
Aug 13, 2025 3:40:36 PM de.learnlib.logging.LearnLogger logQuery
INFO: [ε | challenge_v0 success_request_with_credentials challenge_v0 4_way_message_1 / ε | challenge_response_v0 success_response_v0 challenge_response_v0 deauthentication]
Aug 13, 2025 3:40:37 PM de.learnlib.logging.LearnLogger logQuery
INFO: [ε | challenge_v0 success_request_with_credentials challenge_v0 eap_success / ε | challenge_response_v0 success_response_v0 challenge_response_v0 deauthentication]
Aug 13, 2025 3:40:38 PM de.learnlib.logging.LearnLogger logQuery
INFO: [ε | challenge_v0 success_request_with_credentials challenge_v0 cryptobinding / ε | challenge_response_v0 success_response_v0 challenge_response_v0 no_reply]
Aug 13, 2025 3:40:39 PM de.learnlib.logging.LearnLogger logQuery
INFO: [ε | challenge_v0 success_request_with_credentials challenge_v0 success_and_cryptobinding / ε | challenge_response_v0 success_response_v0 challenge_response_v0 tlv_success_and_cryptobinding]
Aug 13, 2025 3:40:40 PM de.learnlib.logging.LearnLogger logQuery
INFO: [ε | challenge_v0 success_request_with_credentials challenge_v0 success_request_with_credentials / ε | challenge_response_v0 success_response_v0 challenge_response_v0 success_response_v0]
Aug 13, 2025 3:40:41 PM de.learnlib.logging.LearnLogger logQuery
INFO: [ε | challenge_v0 success_request_with_credentials challenge_v0 success_request_all_zeros / ε | challenge_response_v0 success_response_v0 challenge_response_v0 no_reply]
Aug 13, 2025 3:40:42 PM de.learnlib.logging.LearnLogger logQuery
INFO: [ε | challenge_v0 success_request_with_credentials challenge_v0 tlv_failure / ε | challenge_response_v0 success_response_v0 challenge_response_v0 tlv_failure]
Aug 13, 2025 3:40:43 PM de.learnlib.logging.LearnLogger logQuery
INFO: [ε | challenge_v0 success_request_with_credentials challenge_v0 tlv_request / ε | challenge_response_v0 success_response_v0 challenge_response_v0 tlv_success]
Aug 13, 2025 3:40:44 PM de.learnlib.logging.LearnLogger logQuery
INFO: [ε | challenge_v0 success_request_with_credentials challenge_v0 challenge_v0 / ε | challenge_response_v0 success_response_v0 challenge_response_v0 challenge_response_v0]
Aug 13, 2025 3:40:45 PM de.learnlib.logging.LearnLogger logQuery
INFO: [ε | challenge_v0 success_request_with_credentials challenge_v0 id_request_v0 / ε | challenge_response_v0 success_response_v0 challenge_response_v0 id_response_v0]
Aug 13, 2025 3:40:46 PM de.learnlib.logging.LearnLogger logQuery
INFO: [ε | challenge_v0 success_request_with_credentials id_request_v0 4_way_message_1 / ε | challenge_response_v0 success_response_v0 id_response_v0 deauthentication]
Aug 13, 2025 3:40:47 PM de.learnlib.logging.LearnLogger logQuery
INFO: [ε | challenge_v0 success_request_with_credentials id_request_v0 eap_success / ε | challenge_response_v0 success_response_v0 id_response_v0 deauthentication]
Aug 13, 2025 3:40:48 PM de.learnlib.logging.LearnLogger logQuery
INFO: [ε | challenge_v0 success_request_with_credentials id_request_v0 cryptobinding / ε | challenge_response_v0 success_response_v0 id_response_v0 no_reply]
Aug 13, 2025 3:40:49 PM de.learnlib.logging.LearnLogger logQuery
INFO: [ε | challenge_v0 success_request_with_credentials id_request_v0 success_and_cryptobinding / ε | challenge_response_v0 success_response_v0 id_response_v0 tlv_success_and_cryptobinding]
Aug 13, 2025 3:40:50 PM de.learnlib.logging.LearnLogger logQuery
INFO: [ε | challenge_v0 success_request_with_credentials id_request_v0 success_request_with_credentials / ε | challenge_response_v0 success_response_v0 id_response_v0 success_response_v0]
Aug 13, 2025 3:40:51 PM de.learnlib.logging.LearnLogger logQuery
INFO: [ε | challenge_v0 success_request_with_credentials id_request_v0 success_request_all_zeros / ε | challenge_response_v0 success_response_v0 id_response_v0 no_reply]
Aug 13, 2025 3:40:52 PM de.learnlib.logging.LearnLogger logQuery
INFO: [ε | challenge_v0 success_request_with_credentials id_request_v0 tlv_failure / ε | challenge_response_v0 success_response_v0 id_response_v0 tlv_failure]
Aug 13, 2025 3:40:53 PM de.learnlib.logging.LearnLogger logQuery
INFO: [ε | challenge_v0 success_request_with_credentials id_request_v0 tlv_request / ε | challenge_response_v0 success_response_v0 id_response_v0 tlv_success]
Aug 13, 2025 3:40:54 PM de.learnlib.logging.LearnLogger logQuery
INFO: [ε | challenge_v0 success_request_with_credentials id_request_v0 challenge_v0 / ε | challenge_response_v0 success_response_v0 id_response_v0 challenge_response_v0]
Aug 13, 2025 3:40:55 PM de.learnlib.logging.LearnLogger logQuery
INFO: [ε | challenge_v0 success_request_with_credentials id_request_v0 id_request_v0 / ε | challenge_response_v0 success_response_v0 id_response_v0 id_response_v0]
