Aug 13, 2025 4:23:06 PM nl.cypherpunk.statelearner.Learner <init>
INFO: Using socket SUL
Aug 13, 2025 4:23:14 PM nl.cypherpunk.statelearner.Learner learn
INFO: Using learning algorithm ExtensibleLStarMealy
Aug 13, 2025 4:23:14 PM nl.cypherpunk.statelearner.Learner learn
INFO: Using equivalence algorithm MealyModifiedWMethodEQOracle
Aug 13, 2025 4:23:14 PM nl.cypherpunk.statelearner.Learner learn
INFO: Starting learning
Aug 13, 2025 4:23:14 PM de.learnlib.logging.LearnLogger logPhase
INFO: Starting round 1
Aug 13, 2025 4:41:13 PM de.learnlib.logging.LearnLogger logCounterexample
INFO: Counter-example found: Query[ε|success_request_with_credentials challenge_v0 success_request_with_credentials success_and_cryptobinding / success_response_v0 challenge_response_v0 success_response_v0 tlv_success_and_cryptobinding]
Aug 13, 2025 4:41:13 PM de.learnlib.logging.LearnLogger logPhase
INFO: Starting round 2
Aug 13, 2025 6:10:29 PM nl.cypherpunk.statelearner.Learner learn
INFO: -------------------------------------------------------
Aug 13, 2025 6:10:29 PM nl.cypherpunk.statelearner.Learner learn
INFO: Learning [ms]: 1337353, (1337.353 s)
Searching for counter-example [ms]: 5097847, (5097.847 s)
Total time [ms]: 6435262, (6435.262 s)

Aug 13, 2025 6:10:29 PM nl.cypherpunk.statelearner.Learner learn
INFO: Rounds []: 2
Aug 13, 2025 6:10:29 PM nl.cypherpunk.statelearner.Learner learn
INFO: States in final hypothesis: 8
